Archive member included to satisfy reference by file (symbol)

/home/cahill/stm32cubeMx/install_bin/gcc-arm-none-eabi-9-2020-q2-update/bin/../lib/gcc/arm-none-eabi/9.3.1/../../../../arm-none-eabi/lib/thumb/v7e-m+fp/hard/libc.a(lib_a-exit.o)
                              /home/cahill/stm32cubeMx/install_bin/gcc-arm-none-eabi-9-2020-q2-update/bin/../lib/gcc/arm-none-eabi/9.3.1/../../../../arm-none-eabi/lib/thumb/v7e-m+fp/hard/crt0.o (exit)
/home/cahill/stm32cubeMx/install_bin/gcc-arm-none-eabi-9-2020-q2-update/bin/../lib/gcc/arm-none-eabi/9.3.1/../../../../arm-none-eabi/lib/thumb/v7e-m+fp/hard/libc.a(lib_a-impure.o)
                              /home/cahill/stm32cubeMx/install_bin/gcc-arm-none-eabi-9-2020-q2-update/bin/../lib/gcc/arm-none-eabi/9.3.1/../../../../arm-none-eabi/lib/thumb/v7e-m+fp/hard/libc.a(lib_a-exit.o) (_global_impure_ptr)
/home/cahill/stm32cubeMx/install_bin/gcc-arm-none-eabi-9-2020-q2-update/bin/../lib/gcc/arm-none-eabi/9.3.1/../../../../arm-none-eabi/lib/thumb/v7e-m+fp/hard/libc.a(lib_a-init.o)
                              /home/cahill/stm32cubeMx/install_bin/gcc-arm-none-eabi-9-2020-q2-update/bin/../lib/gcc/arm-none-eabi/9.3.1/../../../../arm-none-eabi/lib/thumb/v7e-m+fp/hard/crt0.o (__libc_init_array)
/home/cahill/stm32cubeMx/install_bin/gcc-arm-none-eabi-9-2020-q2-update/bin/../lib/gcc/arm-none-eabi/9.3.1/../../../../arm-none-eabi/lib/thumb/v7e-m+fp/hard/libc.a(lib_a-memset.o)
                              /home/cahill/stm32cubeMx/install_bin/gcc-arm-none-eabi-9-2020-q2-update/bin/../lib/gcc/arm-none-eabi/9.3.1/../../../../arm-none-eabi/lib/thumb/v7e-m+fp/hard/crt0.o (memset)
/home/cahill/stm32cubeMx/install_bin/gcc-arm-none-eabi-9-2020-q2-update/bin/../lib/gcc/arm-none-eabi/9.3.1/../../../../arm-none-eabi/lib/thumb/v7e-m+fp/hard/libc.a(lib_a-printf.o)
                              build/mainLoop.o (printf)
/home/cahill/stm32cubeMx/install_bin/gcc-arm-none-eabi-9-2020-q2-update/bin/../lib/gcc/arm-none-eabi/9.3.1/../../../../arm-none-eabi/lib/thumb/v7e-m+fp/hard/libc.a(lib_a-vfprintf.o)
                              /home/cahill/stm32cubeMx/install_bin/gcc-arm-none-eabi-9-2020-q2-update/bin/../lib/gcc/arm-none-eabi/9.3.1/../../../../arm-none-eabi/lib/thumb/v7e-m+fp/hard/libc.a(lib_a-printf.o) (_vfprintf_r)
/home/cahill/stm32cubeMx/install_bin/gcc-arm-none-eabi-9-2020-q2-update/bin/../lib/gcc/arm-none-eabi/9.3.1/../../../../arm-none-eabi/lib/thumb/v7e-m+fp/hard/libc.a(lib_a-wsetup.o)
                              /home/cahill/stm32cubeMx/install_bin/gcc-arm-none-eabi-9-2020-q2-update/bin/../lib/gcc/arm-none-eabi/9.3.1/../../../../arm-none-eabi/lib/thumb/v7e-m+fp/hard/libc.a(lib_a-vfprintf.o) (__swsetup_r)
/home/cahill/stm32cubeMx/install_bin/gcc-arm-none-eabi-9-2020-q2-update/bin/../lib/gcc/arm-none-eabi/9.3.1/../../../../arm-none-eabi/lib/thumb/v7e-m+fp/hard/libc.a(lib_a-__call_atexit.o)
                              /home/cahill/stm32cubeMx/install_bin/gcc-arm-none-eabi-9-2020-q2-update/bin/../lib/gcc/arm-none-eabi/9.3.1/../../../../arm-none-eabi/lib/thumb/v7e-m+fp/hard/libc.a(lib_a-exit.o) (__call_exitprocs)
/home/cahill/stm32cubeMx/install_bin/gcc-arm-none-eabi-9-2020-q2-update/bin/../lib/gcc/arm-none-eabi/9.3.1/../../../../arm-none-eabi/lib/thumb/v7e-m+fp/hard/libc.a(lib_a-atexit.o)
                              /home/cahill/stm32cubeMx/install_bin/gcc-arm-none-eabi-9-2020-q2-update/bin/../lib/gcc/arm-none-eabi/9.3.1/../../../../arm-none-eabi/lib/thumb/v7e-m+fp/hard/libc.a(lib_a-__call_atexit.o) (atexit)
/home/cahill/stm32cubeMx/install_bin/gcc-arm-none-eabi-9-2020-q2-update/bin/../lib/gcc/arm-none-eabi/9.3.1/../../../../arm-none-eabi/lib/thumb/v7e-m+fp/hard/libc.a(lib_a-dtoa.o)
                              /home/cahill/stm32cubeMx/install_bin/gcc-arm-none-eabi-9-2020-q2-update/bin/../lib/gcc/arm-none-eabi/9.3.1/../../../../arm-none-eabi/lib/thumb/v7e-m+fp/hard/libc.a(lib_a-vfprintf.o) (_dtoa_r)
/home/cahill/stm32cubeMx/install_bin/gcc-arm-none-eabi-9-2020-q2-update/bin/../lib/gcc/arm-none-eabi/9.3.1/../../../../arm-none-eabi/lib/thumb/v7e-m+fp/hard/libc.a(lib_a-fflush.o)
                              /home/cahill/stm32cubeMx/install_bin/gcc-arm-none-eabi-9-2020-q2-update/bin/../lib/gcc/arm-none-eabi/9.3.1/../../../../arm-none-eabi/lib/thumb/v7e-m+fp/hard/libc.a(lib_a-vfprintf.o) (_fflush_r)
/home/cahill/stm32cubeMx/install_bin/gcc-arm-none-eabi-9-2020-q2-update/bin/../lib/gcc/arm-none-eabi/9.3.1/../../../../arm-none-eabi/lib/thumb/v7e-m+fp/hard/libc.a(lib_a-findfp.o)
                              /home/cahill/stm32cubeMx/install_bin/gcc-arm-none-eabi-9-2020-q2-update/bin/../lib/gcc/arm-none-eabi/9.3.1/../../../../arm-none-eabi/lib/thumb/v7e-m+fp/hard/libc.a(lib_a-vfprintf.o) (__sinit)
/home/cahill/stm32cubeMx/install_bin/gcc-arm-none-eabi-9-2020-q2-update/bin/../lib/gcc/arm-none-eabi/9.3.1/../../../../arm-none-eabi/lib/thumb/v7e-m+fp/hard/libc.a(lib_a-fini.o)
[...]
Memory Configuration

Name             Origin             Length             Attributes
RAM              0x0000000020000000 0x0000000000020000 xrw
CCMRAM           0x0000000010000000 0x0000000000010000 xrw
FLASH            0x0000000008000000 0x0000000000100000 xr
*default*        0x0000000000000000 0xffffffffffffffff

Linker script and memory map

LOAD /home/cahill/stm32cubeMx/install_bin/gcc-arm-none-eabi-9-2020-q2-update/bin/../lib/gcc/arm-none-eabi/9.3.1/thumb/v7e-m+fp/hard/crti.o
LOAD /home/cahill/stm32cubeMx/install_bin/gcc-arm-none-eabi-9-2020-q2-update/bin/../lib/gcc/arm-none-eabi/9.3.1/thumb/v7e-m+fp/hard/crtbegin.o
LOAD /home/cahill/stm32cubeMx/install_bin/gcc-arm-none-eabi-9-2020-q2-update/bin/../lib/gcc/arm-none-eabi/9.3.1/../../../../arm-none-eabi/lib/thumb/v7e-m+fp/hard/crt0.o
LOAD build/main.o
LOAD build/mainLoop.o
LOAD build/ad9520_function.o
LOAD build/stm32f4xx_it.o
LOAD build/stm32f4xx_hal_msp.o
LOAD build/stm32f4xx_hal_tim.o
LOAD build/stm32f4xx_hal_tim_ex.o
LOAD build/stm32f4xx_hal_rcc.o
LOAD build/stm32f4xx_hal_rcc_ex.o
LOAD build/stm32f4xx_hal_flash.o
LOAD build/stm32f4xx_hal_flash_ex.o
LOAD build/stm32f4xx_hal_flash_ramfunc.o
LOAD build/stm32f4xx_hal_gpio.o
LOAD build/stm32f4xx_hal_dma_ex.o
LOAD build/stm32f4xx_hal_dma.o
LOAD build/stm32f4xx_hal_pwr.o
LOAD build/stm32f4xx_hal_pwr_ex.o
LOAD build/stm32f4xx_hal_cortex.o
LOAD build/stm32f4xx_hal.o
LOAD build/stm32f4xx_hal_exti.o
LOAD build/system_stm32f4xx.o
LOAD build/stm32f4xx_hal_spi.o
LOAD build/stm32f4xx_hal_uart.o
LOAD build/stm32f4xx_hal_dac.o
LOAD build/stm32f4xx_hal_dac_ex.o
LOAD build/startup_stm32f405xx.o
LOAD /home/cahill/stm32cubeMx/install_bin/gcc-arm-none-eabi-9-2020-q2-update/bin/../lib/gcc/arm-none-eabi/9.3.1/../../../../arm-none-eabi/lib/thumb/v7e-m+fp/hard/libc.a
LOAD /home/cahill/stm32cubeMx/install_bin/gcc-arm-none-eabi-9-2020-q2-update/bin/../lib/gcc/arm-none-eabi/9.3.1/../../../../arm-none-eabi/lib/thumb/v7e-m+fp/hard/libm.a
LOAD /home/cahill/stm32cubeMx/install_bin/gcc-arm-none-eabi-9-2020-q2-update/bin/../lib/gcc/arm-none-eabi/9.3.1/../../../../arm-none-eabi/lib/thumb/v7e-m+fp/hard/libnosys.a
START GROUP
LOAD /home/cahill/stm32cubeMx/install_bin/gcc-arm-none-eabi-9-2020-q2-update/bin/../lib/gcc/arm-none-eabi/9.3.1/thumb/v7e-m+fp/hard/libgcc.a
LOAD /home/cahill/stm32cubeMx/install_bin/gcc-arm-none-eabi-9-2020-q2-update/bin/../lib/gcc/arm-none-eabi/9.3.1/../../../../arm-none-eabi/lib/thumb/v7e-m+fp/hard/libc.a
END GROUP
LOAD /home/cahill/stm32cubeMx/install_bin/gcc-arm-none-eabi-9-2020-q2-update/bin/../lib/gcc/arm-none-eabi/9.3.1/thumb/v7e-m+fp/hard/crtend.o
LOAD /home/cahill/stm32cubeMx/install_bin/gcc-arm-none-eabi-9-2020-q2-update/bin/../lib/gcc/arm-none-eabi/9.3.1/thumb/v7e-m+fp/hard/crtn.o
                0x0000000020020000                _estack = (ORIGIN (RAM) + LENGTH (RAM))
                0x0000000000000200                _Min_Heap_Size = 0x200
                0x0000000000000400                _Min_Stack_Size = 0x400

.isr_vector     0x0000000008000000      0x188
                0x0000000008000000                . = ALIGN (0x4)
 *(.isr_vector)
 .isr_vector    0x0000000008000000      0x188 build/startup_stm32f405xx.o
                0x0000000008000000                g_pfnVectors
                0x0000000008000188                . = ALIGN (0x4)

.text           0x00000000080001c0     0x9da0
                0x00000000080001c0                . = ALIGN (0x4)
 *(.text)
 .text          0x00000000080001c0       0x40 /home/cahill/stm32cubeMx/install_bin/gcc-arm-none-eabi-9-2020-q2-update/bin/../lib/gcc/arm-none-eabi/9.3.1/thumb/v7e-m+fp/hard/crtbegin.o
 .text          0x0000000008000200       0xa0 /home/cahill/stm32cubeMx/install_bin/gcc-arm-none-eabi-9-2020-q2-update/bin/../lib/gcc/arm-none-eabi/9.3.1/../../../../arm-none-eabi/lib/thumb/v7e-m+fp/hard/libc.a(lib_a-memchr.o)
                0x0000000008000200                memchr
 .text          0x00000000080002a0      0x134 /home/cahill/stm32cubeMx/install_bin/gcc-arm-none-eabi-9-2020-q2-update/bin/../lib/gcc/arm-none-eabi/9.3.1/../../../../arm-none-eabi/lib/thumb/v7e-m+fp/hard/libc.a(lib_a-memcpy.o)
                0x00000000080002a0                memcpy
 *fill*         0x00000000080003d4       0x2c 
 .text          0x0000000008000400       0xdc /home/cahill/stm32cubeMx/install_bin/gcc-arm-none-eabi-9-2020-q2-update/bin/../lib/gcc/arm-none-eabi/9.3.1/../../../../arm-none-eabi/lib/thumb/v7e-m+fp/hard/libc.a(lib_a-strlen.o)
                0x0000000008000400                strlen
 .text          0x00000000080004dc      0x378 /home/cahill/stm32cubeMx/install_bin/gcc-arm-none-eabi-9-2020-q2-update/bin/../lib/gcc/arm-none-eabi/9.3.1/thumb/v7e-m+fp/hard/libgcc.a(_arm_addsubdf3.o)
                0x00000000080004dc                __aeabi_drsub
                0x00000000080004e4                __aeabi_dsub
                0x00000000080004e4                __subdf3
                0x00000000080004e8                __adddf3
                0x00000000080004e8                __aeabi_dadd
                0x0000000008000760                __aeabi_ui2d
                0x0000000008000760                __floatunsidf
                0x0000000008000780                __floatsidf
                0x0000000008000780                __aeabi_i2d
                0x00000000080007a4                __extendsfdf2
                0x00000000080007a4                __aeabi_f2d
                0x00000000080007e8                __aeabi_ul2d
                0x00000000080007e8                __floatundidf
                0x00000000080007f8                __floatdidf
                0x00000000080007f8                __aeabi_l2d
 .text          0x0000000008000854      0x424 /home/cahill/stm32cubeMx/install_bin/gcc-arm-none-eabi-9-2020-q2-update/bin/../lib/gcc/arm-none-eabi/9.3.1/thumb/v7e-m+fp/hard/libgcc.a(_arm_muldivdf3.o)
                0x0000000008000854                __aeabi_dmul
                0x0000000008000854                __muldf3
                0x0000000008000aa8                __aeabi_ddiv
                0x0000000008000aa8                __divdf3
 .text          0x0000000008000c78      0x110 /home/cahill/stm32cubeMx/install_bin/gcc-arm-none-eabi-9-2020-q2-update/bin/../lib/gcc/arm-none-eabi/9.3.1/thumb/v7e-m+fp/hard/libgcc.a(_arm_cmpdf2.o)
                0x0000000008000c78                __gtdf2
                0x0000000008000c78                __gedf2
                0x0000000008000c80                __ltdf2
                0x0000000008000c80                __ledf2
                0x0000000008000c88                __cmpdf2
                0x0000000008000c88                __eqdf2
                0x0000000008000c88                __nedf2
                0x0000000008000d04                __aeabi_cdrcmple
                0x0000000008000d14                __aeabi_cdcmple
                0x0000000008000d14                __aeabi_cdcmpeq
                0x0000000008000d24                __aeabi_dcmpeq
                0x0000000008000d38                __aeabi_dcmplt
                0x0000000008000d4c                __aeabi_dcmple
                0x0000000008000d60                __aeabi_dcmpge
                0x0000000008000d74                __aeabi_dcmpgt
 .text          0x0000000008000d88       0x2c /home/cahill/stm32cubeMx/install_bin/gcc-arm-none-eabi-9-2020-q2-update/bin/../lib/gcc/arm-none-eabi/9.3.1/thumb/v7e-m+fp/hard/libgcc.a(_arm_unorddf2.o)
                0x0000000008000d88                __aeabi_dcmpun
                0x0000000008000d88                __unorddf2
 .text          0x0000000008000db4       0x50 /home/cahill/stm32cubeMx/install_bin/gcc-arm-none-eabi-9-2020-q2-update/bin/../lib/gcc/arm-none-eabi/9.3.1/thumb/v7e-m+fp/hard/libgcc.a(_arm_fixdfsi.o)
                0x0000000008000db4                __fixdfsi
                0x0000000008000db4                __aeabi_d2iz
 .text          0x0000000008000e04       0x40 /home/cahill/stm32cubeMx/install_bin/gcc-arm-none-eabi-9-2020-q2-update/bin/../lib/gcc/arm-none-eabi/9.3.1/thumb/v7e-m+fp/hard/libgcc.a(_arm_fixunsdfsi.o)
                0x0000000008000e04                __fixunsdfsi
                0x0000000008000e04                __aeabi_d2uiz
 .text          0x0000000008000e44       0xa0 /home/cahill/stm32cubeMx/install_bin/gcc-arm-none-eabi-9-2020-q2-update/bin/../lib/gcc/arm-none-eabi/9.3.1/thumb/v7e-m+fp/hard/libgcc.a(_arm_truncdfsf2.o)
                0x0000000008000e44                __aeabi_d2f
                0x0000000008000e44                __truncdfsf2
 .text          0x0000000008000ee4       0x30 /home/cahill/stm32cubeMx/install_bin/gcc-arm-none-eabi-9-2020-q2-update/bin/../lib/gcc/arm-none-eabi/9.3.1/thumb/v7e-m+fp/hard/libgcc.a(_aeabi_uldivmod.o)
                0x0000000008000ee4                __aeabi_uldivmod
 .text          0x0000000008000f14      0x2c4 /home/cahill/stm32cubeMx/install_bin/gcc-arm-none-eabi-9-2020-q2-update/bin/../lib/gcc/arm-none-eabi/9.3.1/thumb/v7e-m+fp/hard/libgcc.a(_udivmoddi4.o)
                0x0000000008000f14                __udivmoddi4
 .text          0x00000000080011d8        0x4 /home/cahill/stm32cubeMx/install_bin/gcc-arm-none-eabi-9-2020-q2-update/bin/../lib/gcc/arm-none-eabi/9.3.1/thumb/v7e-m+fp/hard/libgcc.a(_dvmd_tls.o)
                0x00000000080011d8                __aeabi_ldiv0
                0x00000000080011d8                __aeabi_idiv0
 *(.text*)
 .text.MX_GPIO_Init
                0x00000000080011dc       0x94 build/main.o
 .text.MX_SPI1_Init
                0x0000000008001270       0x40 build/main.o
 .text.MX_USART2_UART_Init
                0x00000000080012b0       0x2c build/main.o
 .text.MX_DAC_Init
                0x00000000080012dc       0x30 build/main.o
 .text.MX_TIM4_Init
                0x000000000800130c       0x5c build/main.o
 .text.MX_TIM1_Init
                0x0000000008001368       0x5c build/main.o
 .text.MX_TIM5_Init
                0x00000000080013c4       0x54 build/main.o
 .text.SystemClock_Config
                0x0000000008001418       0x94 build/main.o
                0x0000000008001418                SystemClock_Config
 .text.main     0x00000000080014ac       0x2c build/main.o
                0x00000000080014ac                main
 .text._write   0x00000000080014d8       0x18 build/mainLoop.o
                0x00000000080014d8                _write
 .text.enable_tim4_capture_Iterrupt
                0x00000000080014f0       0x24 build/mainLoop.o
                0x00000000080014f0                enable_tim4_capture_Iterrupt
 *fill*         0x0000000008001514        0x4 
 .text.mainLoop
                0x0000000008001518      0x17c build/mainLoop.o
                0x0000000008001518                mainLoop
 .text.HAL_TIM_IC_CaptureCallback
                0x0000000008001694       0x5c build/mainLoop.o
                0x0000000008001694                HAL_TIM_IC_CaptureCallback
 .text.HAL_TIM_PeriodElapsedCallback
                0x00000000080016f0       0x54 build/mainLoop.o
                0x00000000080016f0                HAL_TIM_PeriodElapsedCallback
 *fill*         0x0000000008001744        0x4 
 .text.HAL_UART_RxCpltCallback
                0x0000000008001748      0x15c build/mainLoop.o
                0x0000000008001748                HAL_UART_RxCpltCallback
 .text.init_ad9520_spiport
                0x00000000080018a4       0x14 build/ad9520_function.o
                0x00000000080018a4                init_ad9520_spiport
 .text.write_ad9520_reg
                0x00000000080018b8       0x64 build/ad9520_function.o
                0x00000000080018b8                write_ad9520_reg
 .text.read_ad9520_reg
                0x000000000800191c       0x60 build/ad9520_function.o
                0x000000000800191c                read_ad9520_reg
 .text.read_ad9520_all_regs_setdefaultVal
                0x000000000800197c       0x44 build/ad9520_function.o
                0x000000000800197c                read_ad9520_all_regs_setdefaultVal
 .text.update_ad9520_regs
                0x00000000080019c0       0x28 build/ad9520_function.o
                0x00000000080019c0                update_ad9520_regs
 .text.set_ad9520_spiport
                0x00000000080019e8       0x54 build/ad9520_function.o
                0x00000000080019e8                set_ad9520_spiport
 .text.set_ad9520_eeprom_custom_id_reg
                0x0000000008001a3c       0x18 build/ad9520_function.o
                0x0000000008001a3c                set_ad9520_eeprom_custom_id_reg
 .text.set_custom_val
                0x0000000008001a54      0x368 build/ad9520_function.o
                0x0000000008001a54                set_custom_val
 .text.init_ad9520
                0x0000000008001dbc       0x38 build/ad9520_function.o
                0x0000000008001dbc                init_ad9520
 .text.check_ad9520_status
                0x0000000008001df4        0xa build/ad9520_function.o
                0x0000000008001df4                check_ad9520_status
 .text.NMI_Handler
                0x0000000008001dfe        0x2 build/stm32f4xx_it.o
                0x0000000008001dfe                NMI_Handler
 .text.HardFault_Handler
                0x0000000008001e00        0x2 build/stm32f4xx_it.o
                0x0000000008001e00                HardFault_Handler
 .text.MemManage_Handler
                0x0000000008001e02        0x2 build/stm32f4xx_it.o
                0x0000000008001e02                MemManage_Handler
 .text.BusFault_Handler
                0x0000000008001e04        0x2 build/stm32f4xx_it.o
                0x0000000008001e04                BusFault_Handler
 .text.UsageFault_Handler
                0x0000000008001e06        0x2 build/stm32f4xx_it.o
                0x0000000008001e06                UsageFault_Handler
 .text.SVC_Handler
                0x0000000008001e08        0x2 build/stm32f4xx_it.o
                0x0000000008001e08                SVC_Handler
 .text.DebugMon_Handler
                0x0000000008001e0a        0x2 build/stm32f4xx_it.o
                0x0000000008001e0a                DebugMon_Handler
 .text.PendSV_Handler
                0x0000000008001e0c        0x2 build/stm32f4xx_it.o
                0x0000000008001e0c                PendSV_Handler
 .text.SysTick_Handler
                0x0000000008001e0e        0x8 build/stm32f4xx_it.o
                0x0000000008001e0e                SysTick_Handler
 *fill*         0x0000000008001e16        0x2 
 .text.USART2_IRQHandler
                0x0000000008001e18       0x10 build/stm32f4xx_it.o
                0x0000000008001e18                USART2_IRQHandler
 .text.TIM5_IRQHandler
                0x0000000008001e28       0x10 build/stm32f4xx_it.o
                0x0000000008001e28                TIM5_IRQHandler
 .text.HAL_MspInit
                0x0000000008001e38       0x38 build/stm32f4xx_hal_msp.o
                0x0000000008001e38                HAL_MspInit
 .text.HAL_DAC_MspInit
                0x0000000008001e70       0x68 build/stm32f4xx_hal_msp.o
                0x0000000008001e70                HAL_DAC_MspInit
 .text.HAL_SPI_MspInit
                0x0000000008001ed8       0x70 build/stm32f4xx_hal_msp.o
                0x0000000008001ed8                HAL_SPI_MspInit
 .text.HAL_TIM_Base_MspInit
                0x0000000008001f48       0xf8 build/stm32f4xx_hal_msp.o
                0x0000000008001f48                HAL_TIM_Base_MspInit
 .text.HAL_UART_MspInit
                0x0000000008002040       0x80 build/stm32f4xx_hal_msp.o
                0x0000000008002040                HAL_UART_MspInit
 .text.TIM_TI1_ConfigInputStage
                0x00000000080020c0       0x24 build/stm32f4xx_hal_tim.o
 .text.TIM_TI2_ConfigInputStage
                0x00000000080020e4       0x26 build/stm32f4xx_hal_tim.o
 .text.TIM_ITRx_SetConfig
                0x000000000800210a       0x10 build/stm32f4xx_hal_tim.o
 .text.HAL_TIM_Base_Start_IT
                0x000000000800211a       0x22 build/stm32f4xx_hal_tim.o
                0x000000000800211a                HAL_TIM_Base_Start_IT
 .text.HAL_TIM_OC_DelayElapsedCallback
                0x000000000800213c        0x2 build/stm32f4xx_hal_tim.o
                0x000000000800213c                HAL_TIM_OC_DelayElapsedCallback
 .text.HAL_TIM_PWM_PulseFinishedCallback
                0x000000000800213e        0x2 build/stm32f4xx_hal_tim.o
                0x000000000800213e                HAL_TIM_PWM_PulseFinishedCallback
 .text.HAL_TIM_TriggerCallback
                0x0000000008002140        0x2 build/stm32f4xx_hal_tim.o
                0x0000000008002140                HAL_TIM_TriggerCallback
 .text.HAL_TIM_IRQHandler
                0x0000000008002142      0x17a build/stm32f4xx_hal_tim.o
                0x0000000008002142                HAL_TIM_IRQHandler
 .text.TIM_Base_SetConfig
                0x00000000080022bc       0xc8 build/stm32f4xx_hal_tim.o
                0x00000000080022bc                TIM_Base_SetConfig
 .text.HAL_TIM_Base_Init
                0x0000000008002384       0x34 build/stm32f4xx_hal_tim.o
                0x0000000008002384                HAL_TIM_Base_Init
 .text.TIM_ETR_SetConfig
                0x00000000080023b8       0x18 build/stm32f4xx_hal_tim.o
                0x00000000080023b8                TIM_ETR_SetConfig
 .text.HAL_TIM_ConfigClockSource
                0x00000000080023d0       0xda build/stm32f4xx_hal_tim.o
                0x00000000080023d0                HAL_TIM_ConfigClockSource
 .text.TIM_SlaveTimer_SetConfig
                0x00000000080024aa       0x8e build/stm32f4xx_hal_tim.o
 .text.HAL_TIM_SlaveConfigSynchro
                0x0000000008002538       0x52 build/stm32f4xx_hal_tim.o
                0x0000000008002538                HAL_TIM_SlaveConfigSynchro
 *fill*         0x000000000800258a        0x2 
 .text.HAL_TIMEx_MasterConfigSynchronization
                0x000000000800258c       0x88 build/stm32f4xx_hal_tim_ex.o
                0x000000000800258c                HAL_TIMEx_MasterConfigSynchronization
 .text.HAL_TIMEx_CommutCallback
                0x0000000008002614        0x2 build/stm32f4xx_hal_tim_ex.o
                0x0000000008002614                HAL_TIMEx_CommutCallback
 .text.HAL_TIMEx_BreakCallback
                0x0000000008002616        0x2 build/stm32f4xx_hal_tim_ex.o
                0x0000000008002616                HAL_TIMEx_BreakCallback
 .text.HAL_RCC_OscConfig
                0x0000000008002618      0x3ec build/stm32f4xx_hal_rcc.o
                0x0000000008002618                HAL_RCC_OscConfig
 .text.HAL_RCC_GetSysClockFreq
                0x0000000008002a04       0xcc build/stm32f4xx_hal_rcc.o
                0x0000000008002a04                HAL_RCC_GetSysClockFreq
 .text.HAL_RCC_ClockConfig
                0x0000000008002ad0      0x160 build/stm32f4xx_hal_rcc.o
                0x0000000008002ad0                HAL_RCC_ClockConfig
 .text.HAL_RCC_GetHCLKFreq
                0x0000000008002c30        0xc build/stm32f4xx_hal_rcc.o
                0x0000000008002c30                HAL_RCC_GetHCLKFreq
 .text.HAL_RCC_GetPCLK1Freq
                0x0000000008002c3c       0x20 build/stm32f4xx_hal_rcc.o
                0x0000000008002c3c                HAL_RCC_GetPCLK1Freq
 .text.HAL_RCC_GetPCLK2Freq
                0x0000000008002c5c       0x20 build/stm32f4xx_hal_rcc.o
                0x0000000008002c5c                HAL_RCC_GetPCLK2Freq
 .text.HAL_GPIO_Init
                0x0000000008002c7c      0x1cc build/stm32f4xx_hal_gpio.o
                0x0000000008002c7c                HAL_GPIO_Init
 .text.HAL_GPIO_WritePin
                0x0000000008002e48        0xc build/stm32f4xx_hal_gpio.o
                0x0000000008002e48                HAL_GPIO_WritePin
 .text.HAL_GPIO_TogglePin
                0x0000000008002e54       0x12 build/stm32f4xx_hal_gpio.o
                0x0000000008002e54                HAL_GPIO_TogglePin
 .text.HAL_DMA_Abort_IT
                0x0000000008002e66       0x26 build/stm32f4xx_hal_dma.o
                0x0000000008002e66                HAL_DMA_Abort_IT
 .text.HAL_NVIC_SetPriorityGrouping
                0x0000000008002e8c       0x24 build/stm32f4xx_hal_cortex.o
                0x0000000008002e8c                HAL_NVIC_SetPriorityGrouping
 .text.HAL_NVIC_SetPriority
                0x0000000008002eb0       0x68 build/stm32f4xx_hal_cortex.o
                0x0000000008002eb0                HAL_NVIC_SetPriority
 .text.HAL_NVIC_EnableIRQ
                0x0000000008002f18       0x1c build/stm32f4xx_hal_cortex.o
                0x0000000008002f18                HAL_NVIC_EnableIRQ
 .text.HAL_SYSTICK_Config
                0x0000000008002f34       0x2c build/stm32f4xx_hal_cortex.o
                0x0000000008002f34                HAL_SYSTICK_Config
 .text.HAL_InitTick
                0x0000000008002f60       0x4c build/stm32f4xx_hal.o
                0x0000000008002f60                HAL_InitTick
 .text.HAL_Init
                0x0000000008002fac       0x34 build/stm32f4xx_hal.o
                0x0000000008002fac                HAL_Init
 .text.HAL_IncTick
                0x0000000008002fe0       0x18 build/stm32f4xx_hal.o
                0x0000000008002fe0                HAL_IncTick
 .text.HAL_GetTick
                0x0000000008002ff8        0xc build/stm32f4xx_hal.o
                0x0000000008002ff8                HAL_GetTick
 .text.HAL_Delay
                0x0000000008003004       0x28 build/stm32f4xx_hal.o
                0x0000000008003004                HAL_Delay
 .text.SystemInit
                0x000000000800302c       0x1c build/system_stm32f4xx.o
                0x000000000800302c                SystemInit
 .text.SPI_WaitFlagStateUntilTimeout
                0x0000000008003048       0x94 build/stm32f4xx_hal_spi.o
 .text.SPI_EndRxTxTransaction
                0x00000000080030dc       0x68 build/stm32f4xx_hal_spi.o
 .text.SPI_EndRxTransaction
                0x0000000008003144       0x8c build/stm32f4xx_hal_spi.o
 .text.HAL_SPI_Init
                0x00000000080031d0       0x80 build/stm32f4xx_hal_spi.o
                0x00000000080031d0                HAL_SPI_Init
 .text.HAL_SPI_Transmit
                0x0000000008003250      0x1a4 build/stm32f4xx_hal_spi.o
                0x0000000008003250                HAL_SPI_Transmit
 .text.HAL_SPI_TransmitReceive
                0x00000000080033f4      0x238 build/stm32f4xx_hal_spi.o
                0x00000000080033f4                HAL_SPI_TransmitReceive
 .text.HAL_SPI_Receive
                0x000000000800362c      0x166 build/stm32f4xx_hal_spi.o
                0x000000000800362c                HAL_SPI_Receive
 .text.UART_EndRxTransfer
                0x0000000008003792       0x1c build/stm32f4xx_hal_uart.o
 .text.UART_Transmit_IT
                0x00000000080037ae       0x66 build/stm32f4xx_hal_uart.o
 .text.UART_SetConfig
                0x0000000008003814      0x1e8 build/stm32f4xx_hal_uart.o
 .text.UART_WaitOnFlagUntilTimeout
                0x00000000080039fc       0x68 build/stm32f4xx_hal_uart.o
 .text.HAL_UART_Init
                0x0000000008003a64       0x5e build/stm32f4xx_hal_uart.o
                0x0000000008003a64                HAL_UART_Init
 .text.HAL_UART_Transmit
                0x0000000008003ac2       0xe2 build/stm32f4xx_hal_uart.o
                0x0000000008003ac2                HAL_UART_Transmit
 .text.HAL_UART_Receive_IT
                0x0000000008003ba4       0x5c build/stm32f4xx_hal_uart.o
                0x0000000008003ba4                HAL_UART_Receive_IT
 .text.HAL_UART_TxCpltCallback
                0x0000000008003c00        0x2 build/stm32f4xx_hal_uart.o
                0x0000000008003c00                HAL_UART_TxCpltCallback
 .text.UART_EndTransmit_IT
                0x0000000008003c02       0x1a build/stm32f4xx_hal_uart.o
 .text.UART_Receive_IT
                0x0000000008003c1c       0x9e build/stm32f4xx_hal_uart.o
 .text.HAL_UART_ErrorCallback
                0x0000000008003cba        0x2 build/stm32f4xx_hal_uart.o
                0x0000000008003cba                HAL_UART_ErrorCallback
 .text.HAL_UART_IRQHandler
                0x0000000008003cbc      0x128 build/stm32f4xx_hal_uart.o
                0x0000000008003cbc                HAL_UART_IRQHandler
 .text.UART_DMAAbortOnError
                0x0000000008003de4       0x10 build/stm32f4xx_hal_uart.o
 .text.HAL_DAC_Init
                0x0000000008003df4       0x24 build/stm32f4xx_hal_dac.o
                0x0000000008003df4                HAL_DAC_Init
 .text.HAL_DAC_Start
                0x0000000008003e18       0x6e build/stm32f4xx_hal_dac.o
                0x0000000008003e18                HAL_DAC_Start
 .text.HAL_DAC_ConfigChannel
                0x0000000008003e86       0x4a build/stm32f4xx_hal_dac.o
                0x0000000008003e86                HAL_DAC_ConfigChannel
 .text.HAL_DAC_SetValue
                0x0000000008003ed0       0x2e build/stm32f4xx_hal_dac.o
                0x0000000008003ed0                HAL_DAC_SetValue
 *fill*         0x0000000008003efe        0x2 
 .text.Reset_Handler
                0x0000000008003f00       0x50 build/startup_stm32f405xx.o
                0x0000000008003f00                Reset_Handler
 .text.Default_Handler
                0x0000000008003f50        0x2 build/startup_stm32f405xx.o
                0x0000000008003f50                RTC_Alarm_IRQHandler
                0x0000000008003f50                HASH_RNG_IRQHandler
                0x0000000008003f50                EXTI2_IRQHandler
                0x0000000008003f50                TIM8_CC_IRQHandler
                0x0000000008003f50                TIM1_CC_IRQHandler
                0x0000000008003f50                DMA2_Stream5_IRQHandler
                0x0000000008003f50                DMA1_Stream5_IRQHandler
                0x0000000008003f50                PVD_IRQHandler
                0x0000000008003f50                SDIO_IRQHandler
                0x0000000008003f50                TAMP_STAMP_IRQHandler
                0x0000000008003f50                CAN2_RX1_IRQHandler
                0x0000000008003f50                EXTI3_IRQHandler
                0x0000000008003f50                TIM8_TRG_COM_TIM14_IRQHandler
                0x0000000008003f50                TIM1_UP_TIM10_IRQHandler
                0x0000000008003f50                TIM8_UP_TIM13_IRQHandler
                0x0000000008003f50                I2C3_ER_IRQHandler
                0x0000000008003f50                EXTI0_IRQHandler
                0x0000000008003f50                I2C2_EV_IRQHandler
                0x0000000008003f50                DMA1_Stream2_IRQHandler
                0x0000000008003f50                CAN1_RX0_IRQHandler
                0x0000000008003f50                FPU_IRQHandler
                0x0000000008003f50                OTG_HS_WKUP_IRQHandler
                0x0000000008003f50                CAN2_SCE_IRQHandler
                0x0000000008003f50                DMA2_Stream2_IRQHandler
                0x0000000008003f50                SPI1_IRQHandler
                0x0000000008003f50                TIM6_DAC_IRQHandler
                0x0000000008003f50                TIM1_BRK_TIM9_IRQHandler
                0x0000000008003f50                CAN2_RX0_IRQHandler
                0x0000000008003f50                DMA2_Stream3_IRQHandler
                0x0000000008003f50                USART6_IRQHandler
                0x0000000008003f50                USART3_IRQHandler
                0x0000000008003f50                CAN1_RX1_IRQHandler
                0x0000000008003f50                UART5_IRQHandler
                0x0000000008003f50                DMA2_Stream0_IRQHandler
                0x0000000008003f50                TIM4_IRQHandler
                0x0000000008003f50                I2C1_EV_IRQHandler
                0x0000000008003f50                DMA1_Stream6_IRQHandler
                0x0000000008003f50                DMA1_Stream1_IRQHandler
                0x0000000008003f50                UART4_IRQHandler
                0x0000000008003f50                TIM3_IRQHandler
                0x0000000008003f50                RCC_IRQHandler
                0x0000000008003f50                TIM8_BRK_TIM12_IRQHandler
                0x0000000008003f50                Default_Handler
                0x0000000008003f50                EXTI15_10_IRQHandler
                0x0000000008003f50                ADC_IRQHandler
                0x0000000008003f50                DMA1_Stream7_IRQHandler
                0x0000000008003f50                TIM7_IRQHandler
                0x0000000008003f50                CAN2_TX_IRQHandler
                0x0000000008003f50                DMA2_Stream7_IRQHandler
                0x0000000008003f50                I2C3_EV_IRQHandler
                0x0000000008003f50                EXTI9_5_IRQHandler
                0x0000000008003f50                RTC_WKUP_IRQHandler
                0x0000000008003f50                SPI2_IRQHandler
                0x0000000008003f50                OTG_HS_EP1_IN_IRQHandler
                0x0000000008003f50                DMA1_Stream0_IRQHandler
                0x0000000008003f50                CAN1_TX_IRQHandler
                0x0000000008003f50                EXTI4_IRQHandler
                0x0000000008003f50                FSMC_IRQHandler
                0x0000000008003f50                OTG_HS_EP1_OUT_IRQHandler
                0x0000000008003f50                WWDG_IRQHandler
                0x0000000008003f50                TIM2_IRQHandler
                0x0000000008003f50                OTG_FS_WKUP_IRQHandler
                0x0000000008003f50                TIM1_TRG_COM_TIM11_IRQHandler
                0x0000000008003f50                OTG_HS_IRQHandler
                0x0000000008003f50                EXTI1_IRQHandler
                0x0000000008003f50                I2C2_ER_IRQHandler
                0x0000000008003f50                DMA2_Stream1_IRQHandler
                0x0000000008003f50                CAN1_SCE_IRQHandler
                0x0000000008003f50                FLASH_IRQHandler
                0x0000000008003f50                DMA2_Stream4_IRQHandler
                0x0000000008003f50                USART1_IRQHandler
                0x0000000008003f50                OTG_FS_IRQHandler
                0x0000000008003f50                SPI3_IRQHandler
                0x0000000008003f50                DMA1_Stream4_IRQHandler
                0x0000000008003f50                I2C1_ER_IRQHandler
                0x0000000008003f50                DMA2_Stream6_IRQHandler
                0x0000000008003f50                DMA1_Stream3_IRQHandler
 *fill*         0x0000000008003f52        0x2 
 .text.__libc_init_array
                0x0000000008003f54       0x48 /home/cahill/stm32cubeMx/install_bin/gcc-arm-none-eabi-9-2020-q2-update/bin/../lib/gcc/arm-none-eabi/9.3.1/../../../../arm-none-eabi/lib/thumb/v7e-m+fp/hard/libc.a(lib_a-init.o)
                0x0000000008003f54                __libc_init_array
 .text.memset   0x0000000008003f9c       0xa0 /home/cahill/stm32cubeMx/install_bin/gcc-arm-none-eabi-9-2020-q2-update/bin/../lib/gcc/arm-none-eabi/9.3.1/../../../../arm-none-eabi/lib/thumb/v7e-m+fp/hard/libc.a(lib_a-memset.o)
                0x0000000008003f9c                memset
 .text.printf   0x000000000800403c       0x28 /home/cahill/stm32cubeMx/install_bin/gcc-arm-none-eabi-9-2020-q2-update/bin/../lib/gcc/arm-none-eabi/9.3.1/../../../../arm-none-eabi/lib/thumb/v7e-m+fp/hard/libc.a(lib_a-printf.o)
                0x000000000800403c                printf
 *fill*         0x0000000008004064        0x4 
 .text._vfprintf_r
                0x0000000008004068     0x1be0 /home/cahill/stm32cubeMx/install_bin/gcc-arm-none-eabi-9-2020-q2-update/bin/../lib/gcc/arm-none-eabi/9.3.1/../../../../arm-none-eabi/lib/thumb/v7e-m+fp/hard/libc.a(lib_a-vfprintf.o)
                0x0000000008004068                _vfprintf_r
 .text.__sbprintf
                0x0000000008005c48       0x84 /home/cahill/stm32cubeMx/install_bin/gcc-arm-none-eabi-9-2020-q2-update/bin/../lib/gcc/arm-none-eabi/9.3.1/../../../../arm-none-eabi/lib/thumb/v7e-m+fp/hard/libc.a(lib_a-vfprintf.o)
 .text.__swsetup_r
                0x0000000008005ccc       0xd0 /home/cahill/stm32cubeMx/install_bin/gcc-arm-none-eabi-9-2020-q2-update/bin/../lib/gcc/arm-none-eabi/9.3.1/../../../../arm-none-eabi/lib/thumb/v7e-m+fp/hard/libc.a(lib_a-wsetup.o)
                0x0000000008005ccc                __swsetup_r
 .text.startup.register_fini
                0x0000000008005d9c       0x14 /home/cahill/stm32cubeMx/install_bin/gcc-arm-none-eabi-9-2020-q2-update/bin/../lib/gcc/arm-none-eabi/9.3.1/../../../../arm-none-eabi/lib/thumb/v7e-m+fp/hard/libc.a(lib_a-__call_atexit.o)
 .text.atexit   0x0000000008005db0        0xc /home/cahill/stm32cubeMx/install_bin/gcc-arm-none-eabi-9-2020-q2-update/bin/../lib/gcc/arm-none-eabi/9.3.1/../../../../arm-none-eabi/lib/thumb/v7e-m+fp/hard/libc.a(lib_a-atexit.o)
                0x0000000008005db0                atexit
 .text.quorem   0x0000000008005dbc      0x11c /home/cahill/stm32cubeMx/install_bin/gcc-arm-none-eabi-9-2020-q2-update/bin/../lib/gcc/arm-none-eabi/9.3.1/../../../../arm-none-eabi/lib/thumb/v7e-m+fp/hard/libc.a(lib_a-dtoa.o)
 .text._dtoa_r  0x0000000008005ed8      0xf44 /home/cahill/stm32cubeMx/install_bin/gcc-arm-none-eabi-9-2020-q2-update/bin/../lib/gcc/arm-none-eabi/9.3.1/../../../../arm-none-eabi/lib/thumb/v7e-m+fp/hard/libc.a(lib_a-dtoa.o)
                0x0000000008005ed8                _dtoa_r
 .text.__sflush_r
                0x0000000008006e1c      0x130 /home/cahill/stm32cubeMx/install_bin/gcc-arm-none-eabi-9-2020-q2-update/bin/../lib/gcc/arm-none-eabi/9.3.1/../../../../arm-none-eabi/lib/thumb/v7e-m+fp/hard/libc.a(lib_a-fflush.o)
                0x0000000008006e1c                __sflush_r
 .text._fflush_r
                0x0000000008006f4c       0x5c /home/cahill/stm32cubeMx/install_bin/gcc-arm-none-eabi-9-2020-q2-update/bin/../lib/gcc/arm-none-eabi/9.3.1/../../../../arm-none-eabi/lib/thumb/v7e-m+fp/hard/libc.a(lib_a-fflush.o)
                0x0000000008006f4c                _fflush_r
 .text.std      0x0000000008006fa8       0x50 /home/cahill/stm32cubeMx/install_bin/gcc-arm-none-eabi-9-2020-q2-update/bin/../lib/gcc/arm-none-eabi/9.3.1/../../../../arm-none-eabi/lib/thumb/v7e-m+fp/hard/libc.a(lib_a-findfp.o)
 .text._cleanup_r
                0x0000000008006ff8        0xc /home/cahill/stm32cubeMx/install_bin/gcc-arm-none-eabi-9-2020-q2-update/bin/../lib/gcc/arm-none-eabi/9.3.1/../../../../arm-none-eabi/lib/thumb/v7e-m+fp/hard/libc.a(lib_a-findfp.o)
                0x0000000008006ff8                _cleanup_r
 .text.__sinit  0x0000000008007004       0x54 /home/cahill/stm32cubeMx/install_bin/gcc-arm-none-eabi-9-2020-q2-update/bin/../lib/gcc/arm-none-eabi/9.3.1/../../../../arm-none-eabi/lib/thumb/v7e-m+fp/hard/libc.a(lib_a-findfp.o)
                0x0000000008007004                __sinit
 .text.__sfp_lock_acquire
                0x0000000008007058        0xc /home/cahill/stm32cubeMx/install_bin/gcc-arm-none-eabi-9-2020-q2-update/bin/../lib/gcc/arm-none-eabi/9.3.1/../../../../arm-none-eabi/lib/thumb/v7e-m+fp/hard/libc.a(lib_a-findfp.o)
                0x0000000008007058                __sfp_lock_acquire
 .text.__sfp_lock_release
                0x0000000008007064        0xc /home/cahill/stm32cubeMx/install_bin/gcc-arm-none-eabi-9-2020-q2-update/bin/../lib/gcc/arm-none-eabi/9.3.1/../../../../arm-none-eabi/lib/thumb/v7e-m+fp/hard/libc.a(lib_a-findfp.o)
                0x0000000008007064                __sfp_lock_release
 .text.__libc_fini_array
                0x0000000008007070       0x2c /home/cahill/stm32cubeMx/install_bin/gcc-arm-none-eabi-9-2020-q2-update/bin/../lib/gcc/arm-none-eabi/9.3.1/../../../../arm-none-eabi/lib/thumb/v7e-m+fp/hard/libc.a(lib_a-fini.o)
                0x0000000008007070                __libc_fini_array
 .text._malloc_trim_r
                0x000000000800709c       0xa0 /home/cahill/stm32cubeMx/install_bin/gcc-arm-none-eabi-9-2020-q2-update/bin/../lib/gcc/arm-none-eabi/9.3.1/../../../../arm-none-eabi/lib/thumb/v7e-m+fp/hard/libc.a(lib_a-freer.o)
                0x000000000800709c                _malloc_trim_r
 .text._free_r  0x000000000800713c      0x208 /home/cahill/stm32cubeMx/install_bin/gcc-arm-none-eabi-9-2020-q2-update/bin/../lib/gcc/arm-none-eabi/9.3.1/../../../../arm-none-eabi/lib/thumb/v7e-m+fp/hard/libc.a(lib_a-freer.o)
                0x000000000800713c                _free_r
 .text._fwalk_reent
                0x0000000008007344       0x48 /home/cahill/stm32cubeMx/install_bin/gcc-arm-none-eabi-9-2020-q2-update/bin/../lib/gcc/arm-none-eabi/9.3.1/../../../../arm-none-eabi/lib/thumb/v7e-m+fp/hard/libc.a(lib_a-fwalk.o)
                0x0000000008007344                _fwalk_reent
 .text._localeconv_r
                0x000000000800738c        0x8 /home/cahill/stm32cubeMx/install_bin/gcc-arm-none-eabi-9-2020-q2-update/bin/../lib/gcc/arm-none-eabi/9.3.1/../../../../arm-none-eabi/lib/thumb/v7e-m+fp/hard/libc.a(lib_a-localeconv.o)
                0x000000000800738c                _localeconv_r
 .text.__retarget_lock_init_recursive
                0x0000000008007394        0x4 /home/cahill/stm32cubeMx/install_bin/gcc-arm-none-eabi-9-2020-q2-update/bin/../lib/gcc/arm-none-eabi/9.3.1/../../../../arm-none-eabi/lib/thumb/v7e-m+fp/hard/libc.a(lib_a-lock.o)
                0x0000000008007394                __retarget_lock_init_recursive
 .text.__retarget_lock_close_recursive
                0x0000000008007398        0x4 /home/cahill/stm32cubeMx/install_bin/gcc-arm-none-eabi-9-2020-q2-update/bin/../lib/gcc/arm-none-eabi/9.3.1/../../../../arm-none-eabi/lib/thumb/v7e-m+fp/hard/libc.a(lib_a-lock.o)
                0x0000000008007398                __retarget_lock_close_recursive
 .text.__retarget_lock_acquire_recursive
                0x000000000800739c        0x4 /home/cahill/stm32cubeMx/install_bin/gcc-arm-none-eabi-9-2020-q2-update/bin/../lib/gcc/arm-none-eabi/9.3.1/../../../../arm-none-eabi/lib/thumb/v7e-m+fp/hard/libc.a(lib_a-lock.o)
                0x000000000800739c                __retarget_lock_acquire_recursive
 .text.__retarget_lock_release_recursive
                0x00000000080073a0        0x4 /home/cahill/stm32cubeMx/install_bin/gcc-arm-none-eabi-9-2020-q2-update/bin/../lib/gcc/arm-none-eabi/9.3.1/../../../../arm-none-eabi/lib/thumb/v7e-m+fp/hard/libc.a(lib_a-lock.o)
                0x00000000080073a0                __retarget_lock_release_recursive
 .text.__swhatbuf_r
                0x00000000080073a4       0x5c /home/cahill/stm32cubeMx/install_bin/gcc-arm-none-eabi-9-2020-q2-update/bin/../lib/gcc/arm-none-eabi/9.3.1/../../../../arm-none-eabi/lib/thumb/v7e-m+fp/hard/libc.a(lib_a-makebuf.o)
                0x00000000080073a4                __swhatbuf_r
 .text.__smakebuf_r
                0x0000000008007400       0x98 /home/cahill/stm32cubeMx/install_bin/gcc-arm-none-eabi-9-2020-q2-update/bin/../lib/gcc/arm-none-eabi/9.3.1/../../../../arm-none-eabi/lib/thumb/v7e-m+fp/hard/libc.a(lib_a-makebuf.o)
                0x0000000008007400                __smakebuf_r
 .text._malloc_r
                0x0000000008007498      0x574 /home/cahill/stm32cubeMx/install_bin/gcc-arm-none-eabi-9-2020-q2-update/bin/../lib/gcc/arm-none-eabi/9.3.1/../../../../arm-none-eabi/lib/thumb/v7e-m+fp/hard/libc.a(lib_a-mallocr.o)
                0x0000000008007498                _malloc_r
 .text.__malloc_lock
                0x0000000008007a0c        0xc /home/cahill/stm32cubeMx/install_bin/gcc-arm-none-eabi-9-2020-q2-update/bin/../lib/gcc/arm-none-eabi/9.3.1/../../../../arm-none-eabi/lib/thumb/v7e-m+fp/hard/libc.a(lib_a-mlock.o)
                0x0000000008007a0c                __malloc_lock
 .text.__malloc_unlock
                0x0000000008007a18        0xc /home/cahill/stm32cubeMx/install_bin/gcc-arm-none-eabi-9-2020-q2-update/bin/../lib/gcc/arm-none-eabi/9.3.1/../../../../arm-none-eabi/lib/thumb/v7e-m+fp/hard/libc.a(lib_a-mlock.o)
                0x0000000008007a18                __malloc_unlock
 .text._Balloc  0x0000000008007a24       0x4c /home/cahill/stm32cubeMx/install_bin/gcc-arm-none-eabi-9-2020-q2-update/bin/../lib/gcc/arm-none-eabi/9.3.1/../../../../arm-none-eabi/lib/thumb/v7e-m+fp/hard/libc.a(lib_a-mprec.o)
                0x0000000008007a24                _Balloc
 .text._Bfree   0x0000000008007a70       0x14 /home/cahill/stm32cubeMx/install_bin/gcc-arm-none-eabi-9-2020-q2-update/bin/../lib/gcc/arm-none-eabi/9.3.1/../../../../arm-none-eabi/lib/thumb/v7e-m+fp/hard/libc.a(lib_a-mprec.o)
                0x0000000008007a70                _Bfree
 .text.__multadd
                0x0000000008007a84       0xac /home/cahill/stm32cubeMx/install_bin/gcc-arm-none-eabi-9-2020-q2-update/bin/../lib/gcc/arm-none-eabi/9.3.1/../../../../arm-none-eabi/lib/thumb/v7e-m+fp/hard/libc.a(lib_a-mprec.o)
                0x0000000008007a84                __multadd
 .text.__hi0bits
                0x0000000008007b30       0x40 /home/cahill/stm32cubeMx/install_bin/gcc-arm-none-eabi-9-2020-q2-update/bin/../lib/gcc/arm-none-eabi/9.3.1/../../../../arm-none-eabi/lib/thumb/v7e-m+fp/hard/libc.a(lib_a-mprec.o)
                0x0000000008007b30                __hi0bits
 .text.__lo0bits
                0x0000000008007b70       0x60 /home/cahill/stm32cubeMx/install_bin/gcc-arm-none-eabi-9-2020-q2-update/bin/../lib/gcc/arm-none-eabi/9.3.1/../../../../arm-none-eabi/lib/thumb/v7e-m+fp/hard/libc.a(lib_a-mprec.o)
                0x0000000008007b70                __lo0bits
 .text.__i2b    0x0000000008007bd0       0x2c /home/cahill/stm32cubeMx/install_bin/gcc-arm-none-eabi-9-2020-q2-update/bin/../lib/gcc/arm-none-eabi/9.3.1/../../../../arm-none-eabi/lib/thumb/v7e-m+fp/hard/libc.a(lib_a-mprec.o)
                0x0000000008007bd0                __i2b
 .text.__multiply
                0x0000000008007bfc      0x160 /home/cahill/stm32cubeMx/install_bin/gcc-arm-none-eabi-9-2020-q2-update/bin/../lib/gcc/arm-none-eabi/9.3.1/../../../../arm-none-eabi/lib/thumb/v7e-m+fp/hard/libc.a(lib_a-mprec.o)
                0x0000000008007bfc                __multiply
 .text.__pow5mult
                0x0000000008007d5c       0x98 /home/cahill/stm32cubeMx/install_bin/gcc-arm-none-eabi-9-2020-q2-update/bin/../lib/gcc/arm-none-eabi/9.3.1/../../../../arm-none-eabi/lib/thumb/v7e-m+fp/hard/libc.a(lib_a-mprec.o)
                0x0000000008007d5c                __pow5mult
 .text.__lshift
                0x0000000008007df4       0xe8 /home/cahill/stm32cubeMx/install_bin/gcc-arm-none-eabi-9-2020-q2-update/bin/../lib/gcc/arm-none-eabi/9.3.1/../../../../arm-none-eabi/lib/thumb/v7e-m+fp/hard/libc.a(lib_a-mprec.o)
                0x0000000008007df4                __lshift
 .text.__mcmp   0x0000000008007edc       0x3c /home/cahill/stm32cubeMx/install_bin/gcc-arm-none-eabi-9-2020-q2-update/bin/../lib/gcc/arm-none-eabi/9.3.1/../../../../arm-none-eabi/lib/thumb/v7e-m+fp/hard/libc.a(lib_a-mprec.o)
                0x0000000008007edc                __mcmp
 .text.__mdiff  0x0000000008007f18      0x148 /home/cahill/stm32cubeMx/install_bin/gcc-arm-none-eabi-9-2020-q2-update/bin/../lib/gcc/arm-none-eabi/9.3.1/../../../../arm-none-eabi/lib/thumb/v7e-m+fp/hard/libc.a(lib_a-mprec.o)
                0x0000000008007f18                __mdiff
 .text.__d2b    0x0000000008008060       0xd0 /home/cahill/stm32cubeMx/install_bin/gcc-arm-none-eabi-9-2020-q2-update/bin/../lib/gcc/arm-none-eabi/9.3.1/../../../../arm-none-eabi/lib/thumb/v7e-m+fp/hard/libc.a(lib_a-mprec.o)
                0x0000000008008060                __d2b
 .text.frexp    0x0000000008008130       0x6c /home/cahill/stm32cubeMx/install_bin/gcc-arm-none-eabi-9-2020-q2-update/bin/../lib/gcc/arm-none-eabi/9.3.1/../../../../arm-none-eabi/lib/thumb/v7e-m+fp/hard/libc.a(lib_a-s_frexp.o)
                0x0000000008008130                frexp
 .text._sbrk_r  0x000000000800819c       0x24 /home/cahill/stm32cubeMx/install_bin/gcc-arm-none-eabi-9-2020-q2-update/bin/../lib/gcc/arm-none-eabi/9.3.1/../../../../arm-none-eabi/lib/thumb/v7e-m+fp/hard/libc.a(lib_a-sbrkr.o)
                0x000000000800819c                _sbrk_r
 .text.__sread  0x00000000080081c0       0x24 /home/cahill/stm32cubeMx/install_bin/gcc-arm-none-eabi-9-2020-q2-update/bin/../lib/gcc/arm-none-eabi/9.3.1/../../../../arm-none-eabi/lib/thumb/v7e-m+fp/hard/libc.a(lib_a-stdio.o)
                0x00000000080081c0                __sread
 .text.__swrite
                0x00000000080081e4       0x40 /home/cahill/stm32cubeMx/install_bin/gcc-arm-none-eabi-9-2020-q2-update/bin/../lib/gcc/arm-none-eabi/9.3.1/../../../../arm-none-eabi/lib/thumb/v7e-m+fp/hard/libc.a(lib_a-stdio.o)
                0x00000000080081e4                __swrite
 .text.__sseek  0x0000000008008224       0x20 /home/cahill/stm32cubeMx/install_bin/gcc-arm-none-eabi-9-2020-q2-update/bin/../lib/gcc/arm-none-eabi/9.3.1/../../../../arm-none-eabi/lib/thumb/v7e-m+fp/hard/libc.a(lib_a-stdio.o)
                0x0000000008008224                __sseek
 .text.__sclose
                0x0000000008008244        0x8 /home/cahill/stm32cubeMx/install_bin/gcc-arm-none-eabi-9-2020-q2-update/bin/../lib/gcc/arm-none-eabi/9.3.1/../../../../arm-none-eabi/lib/thumb/v7e-m+fp/hard/libc.a(lib_a-stdio.o)
                0x0000000008008244                __sclose
 .text.strncpy  0x000000000800824c       0x68 /home/cahill/stm32cubeMx/install_bin/gcc-arm-none-eabi-9-2020-q2-update/bin/../lib/gcc/arm-none-eabi/9.3.1/../../../../arm-none-eabi/lib/thumb/v7e-m+fp/hard/libc.a(lib_a-strncpy.o)
                0x000000000800824c                strncpy
 .text.__sprint_r.part.0
                0x00000000080082b4       0x78 /home/cahill/stm32cubeMx/install_bin/gcc-arm-none-eabi-9-2020-q2-update/bin/../lib/gcc/arm-none-eabi/9.3.1/../../../../arm-none-eabi/lib/thumb/v7e-m+fp/hard/libc.a(lib_a-vfiprintf.o)
 .text.__sprint_r
                0x000000000800832c       0x18 /home/cahill/stm32cubeMx/install_bin/gcc-arm-none-eabi-9-2020-q2-update/bin/../lib/gcc/arm-none-eabi/9.3.1/../../../../arm-none-eabi/lib/thumb/v7e-m+fp/hard/libc.a(lib_a-vfiprintf.o)
                0x000000000800832c                __sprint_r
 .text._vfiprintf_r
                0x0000000008008344      0xd4c /home/cahill/stm32cubeMx/install_bin/gcc-arm-none-eabi-9-2020-q2-update/bin/../lib/gcc/arm-none-eabi/9.3.1/../../../../arm-none-eabi/lib/thumb/v7e-m+fp/hard/libc.a(lib_a-vfiprintf.o)
                0x0000000008008344                _vfiprintf_r
 .text.__sbprintf
                0x0000000008009090       0x84 /home/cahill/stm32cubeMx/install_bin/gcc-arm-none-eabi-9-2020-q2-update/bin/../lib/gcc/arm-none-eabi/9.3.1/../../../../arm-none-eabi/lib/thumb/v7e-m+fp/hard/libc.a(lib_a-vfiprintf.o)
 .text._write_r
                0x0000000008009114       0x2c /home/cahill/stm32cubeMx/install_bin/gcc-arm-none-eabi-9-2020-q2-update/bin/../lib/gcc/arm-none-eabi/9.3.1/../../../../arm-none-eabi/lib/thumb/v7e-m+fp/hard/libc.a(lib_a-writer.o)
                0x0000000008009114                _write_r
 .text.__register_exitproc
                0x0000000008009140       0x8c /home/cahill/stm32cubeMx/install_bin/gcc-arm-none-eabi-9-2020-q2-update/bin/../lib/gcc/arm-none-eabi/9.3.1/../../../../arm-none-eabi/lib/thumb/v7e-m+fp/hard/libc.a(lib_a-__atexit.o)
                0x0000000008009140                __register_exitproc
 .text.__assert_func
                0x00000000080091cc       0x3c /home/cahill/stm32cubeMx/install_bin/gcc-arm-none-eabi-9-2020-q2-update/bin/../lib/gcc/arm-none-eabi/9.3.1/../../../../arm-none-eabi/lib/thumb/v7e-m+fp/hard/libc.a(lib_a-assert.o)
                0x00000000080091cc                __assert_func
 .text._calloc_r
                0x0000000008009208       0x60 /home/cahill/stm32cubeMx/install_bin/gcc-arm-none-eabi-9-2020-q2-update/bin/../lib/gcc/arm-none-eabi/9.3.1/../../../../arm-none-eabi/lib/thumb/v7e-m+fp/hard/libc.a(lib_a-callocr.o)
                0x0000000008009208                _calloc_r
 .text._close_r
                0x0000000008009268       0x24 /home/cahill/stm32cubeMx/install_bin/gcc-arm-none-eabi-9-2020-q2-update/bin/../lib/gcc/arm-none-eabi/9.3.1/../../../../arm-none-eabi/lib/thumb/v7e-m+fp/hard/libc.a(lib_a-closer.o)
                0x0000000008009268                _close_r
 .text._fclose_r
                0x000000000800928c       0xcc /home/cahill/stm32cubeMx/install_bin/gcc-arm-none-eabi-9-2020-q2-update/bin/../lib/gcc/arm-none-eabi/9.3.1/../../../../arm-none-eabi/lib/thumb/v7e-m+fp/hard/libc.a(lib_a-fclose.o)
                0x000000000800928c                _fclose_r
 .text.fiprintf
                0x0000000008009358       0x28 /home/cahill/stm32cubeMx/install_bin/gcc-arm-none-eabi-9-2020-q2-update/bin/../lib/gcc/arm-none-eabi/9.3.1/../../../../arm-none-eabi/lib/thumb/v7e-m+fp/hard/libc.a(lib_a-fiprintf.o)
                0x0000000008009358                fiprintf
 .text.__fputwc
                0x0000000008009380       0xa8 /home/cahill/stm32cubeMx/install_bin/gcc-arm-none-eabi-9-2020-q2-update/bin/../lib/gcc/arm-none-eabi/9.3.1/../../../../arm-none-eabi/lib/thumb/v7e-m+fp/hard/libc.a(lib_a-fputwc.o)
                0x0000000008009380                __fputwc
 .text._fputwc_r
                0x0000000008009428       0x68 /home/cahill/stm32cubeMx/install_bin/gcc-arm-none-eabi-9-2020-q2-update/bin/../lib/gcc/arm-none-eabi/9.3.1/../../../../arm-none-eabi/lib/thumb/v7e-m+fp/hard/libc.a(lib_a-fputwc.o)
                0x0000000008009428                _fputwc_r
 .text._fstat_r
                0x0000000008009490       0x2c /home/cahill/stm32cubeMx/install_bin/gcc-arm-none-eabi-9-2020-q2-update/bin/../lib/gcc/arm-none-eabi/9.3.1/../../../../arm-none-eabi/lib/thumb/v7e-m+fp/hard/libc.a(lib_a-fstatr.o)
                0x0000000008009490                _fstat_r
 .text.__sfvwrite_r
                0x00000000080094bc      0x2e0 /home/cahill/stm32cubeMx/install_bin/gcc-arm-none-eabi-9-2020-q2-update/bin/../lib/gcc/arm-none-eabi/9.3.1/../../../../arm-none-eabi/lib/thumb/v7e-m+fp/hard/libc.a(lib_a-fvwrite.o)
                0x00000000080094bc                __sfvwrite_r
 .text._isatty_r
                0x000000000800979c       0x24 /home/cahill/stm32cubeMx/install_bin/gcc-arm-none-eabi-9-2020-q2-update/bin/../lib/gcc/arm-none-eabi/9.3.1/../../../../arm-none-eabi/lib/thumb/v7e-m+fp/hard/libc.a(lib_a-isattyr.o)
                0x000000000800979c                _isatty_r
 .text.__locale_mb_cur_max
                0x00000000080097c0        0xc /home/cahill/stm32cubeMx/install_bin/gcc-arm-none-eabi-9-2020-q2-update/bin/../lib/gcc/arm-none-eabi/9.3.1/../../../../arm-none-eabi/lib/thumb/v7e-m+fp/hard/libc.a(lib_a-locale.o)
                0x00000000080097c0                __locale_mb_cur_max
 .text._lseek_r
                0x00000000080097cc       0x2c /home/cahill/stm32cubeMx/install_bin/gcc-arm-none-eabi-9-2020-q2-update/bin/../lib/gcc/arm-none-eabi/9.3.1/../../../../arm-none-eabi/lib/thumb/v7e-m+fp/hard/libc.a(lib_a-lseekr.o)
                0x00000000080097cc                _lseek_r
 .text.__ascii_mbtowc
                0x00000000080097f8       0x2c /home/cahill/stm32cubeMx/install_bin/gcc-arm-none-eabi-9-2020-q2-update/bin/../lib/gcc/arm-none-eabi/9.3.1/../../../../arm-none-eabi/lib/thumb/v7e-m+fp/hard/libc.a(lib_a-mbtowc_r.o)
                0x00000000080097f8                __ascii_mbtowc
 .text.memmove  0x0000000008009824       0xd8 /home/cahill/stm32cubeMx/install_bin/gcc-arm-none-eabi-9-2020-q2-update/bin/../lib/gcc/arm-none-eabi/9.3.1/../../../../arm-none-eabi/lib/thumb/v7e-m+fp/hard/libc.a(lib_a-memmove.o)
                0x0000000008009824                memmove
 .text._read_r  0x00000000080098fc       0x2c /home/cahill/stm32cubeMx/install_bin/gcc-arm-none-eabi-9-2020-q2-update/bin/../lib/gcc/arm-none-eabi/9.3.1/../../../../arm-none-eabi/lib/thumb/v7e-m+fp/hard/libc.a(lib_a-readr.o)
                0x00000000080098fc                _read_r
 .text._realloc_r
                0x0000000008009928      0x3e0 /home/cahill/stm32cubeMx/install_bin/gcc-arm-none-eabi-9-2020-q2-update/bin/../lib/gcc/arm-none-eabi/9.3.1/../../../../arm-none-eabi/lib/thumb/v7e-m+fp/hard/libc.a(lib_a-reallocr.o)
                0x0000000008009928                _realloc_r
 .text.__swbuf_r
                0x0000000008009d08       0xb0 /home/cahill/stm32cubeMx/install_bin/gcc-arm-none-eabi-9-2020-q2-update/bin/../lib/gcc/arm-none-eabi/9.3.1/../../../../arm-none-eabi/lib/thumb/v7e-m+fp/hard/libc.a(lib_a-wbuf.o)
                0x0000000008009d08                __swbuf_r
 .text._wcrtomb_r
                0x0000000008009db8       0x3c /home/cahill/stm32cubeMx/install_bin/gcc-arm-none-eabi-9-2020-q2-update/bin/../lib/gcc/arm-none-eabi/9.3.1/../../../../arm-none-eabi/lib/thumb/v7e-m+fp/hard/libc.a(lib_a-wcrtomb.o)
                0x0000000008009db8                _wcrtomb_r
 .text.__ascii_wctomb
                0x0000000008009df4       0x1c /home/cahill/stm32cubeMx/install_bin/gcc-arm-none-eabi-9-2020-q2-update/bin/../lib/gcc/arm-none-eabi/9.3.1/../../../../arm-none-eabi/lib/thumb/v7e-m+fp/hard/libc.a(lib_a-wctomb_r.o)
                0x0000000008009df4                __ascii_wctomb
 .text.abort    0x0000000008009e10       0x10 /home/cahill/stm32cubeMx/install_bin/gcc-arm-none-eabi-9-2020-q2-update/bin/../lib/gcc/arm-none-eabi/9.3.1/../../../../arm-none-eabi/lib/thumb/v7e-m+fp/hard/libc.a(lib_a-abort.o)
                0x0000000008009e10                abort
 .text._raise_r
                0x0000000008009e20       0x58 /home/cahill/stm32cubeMx/install_bin/gcc-arm-none-eabi-9-2020-q2-update/bin/../lib/gcc/arm-none-eabi/9.3.1/../../../../arm-none-eabi/lib/thumb/v7e-m+fp/hard/libc.a(lib_a-signal.o)
                0x0000000008009e20                _raise_r
 .text.raise    0x0000000008009e78       0x10 /home/cahill/stm32cubeMx/install_bin/gcc-arm-none-eabi-9-2020-q2-update/bin/../lib/gcc/arm-none-eabi/9.3.1/../../../../arm-none-eabi/lib/thumb/v7e-m+fp/hard/libc.a(lib_a-signal.o)
                0x0000000008009e78                raise
 .text._kill_r  0x0000000008009e88       0x2c /home/cahill/stm32cubeMx/install_bin/gcc-arm-none-eabi-9-2020-q2-update/bin/../lib/gcc/arm-none-eabi/9.3.1/../../../../arm-none-eabi/lib/thumb/v7e-m+fp/hard/libc.a(lib_a-signalr.o)
                0x0000000008009e88                _kill_r
 .text._getpid_r
                0x0000000008009eb4        0x4 /home/cahill/stm32cubeMx/install_bin/gcc-arm-none-eabi-9-2020-q2-update/bin/../lib/gcc/arm-none-eabi/9.3.1/../../../../arm-none-eabi/lib/thumb/v7e-m+fp/hard/libc.a(lib_a-signalr.o)
                0x0000000008009eb4                _getpid_r
 .text._close   0x0000000008009eb8       0x10 /home/cahill/stm32cubeMx/install_bin/gcc-arm-none-eabi-9-2020-q2-update/bin/../lib/gcc/arm-none-eabi/9.3.1/../../../../arm-none-eabi/lib/thumb/v7e-m+fp/hard/libnosys.a(close.o)
                0x0000000008009eb8                _close
 .text._fstat   0x0000000008009ec8       0x10 /home/cahill/stm32cubeMx/install_bin/gcc-arm-none-eabi-9-2020-q2-update/bin/../lib/gcc/arm-none-eabi/9.3.1/../../../../arm-none-eabi/lib/thumb/v7e-m+fp/hard/libnosys.a(fstat.o)
                0x0000000008009ec8                _fstat
 .text._getpid  0x0000000008009ed8       0x10 /home/cahill/stm32cubeMx/install_bin/gcc-arm-none-eabi-9-2020-q2-update/bin/../lib/gcc/arm-none-eabi/9.3.1/../../../../arm-none-eabi/lib/thumb/v7e-m+fp/hard/libnosys.a(getpid.o)
                0x0000000008009ed8                _getpid
 .text._isatty  0x0000000008009ee8       0x10 /home/cahill/stm32cubeMx/install_bin/gcc-arm-none-eabi-9-2020-q2-update/bin/../lib/gcc/arm-none-eabi/9.3.1/../../../../arm-none-eabi/lib/thumb/v7e-m+fp/hard/libnosys.a(isatty.o)
                0x0000000008009ee8                _isatty
 .text._kill    0x0000000008009ef8       0x10 /home/cahill/stm32cubeMx/install_bin/gcc-arm-none-eabi-9-2020-q2-update/bin/../lib/gcc/arm-none-eabi/9.3.1/../../../../arm-none-eabi/lib/thumb/v7e-m+fp/hard/libnosys.a(kill.o)
                0x0000000008009ef8                _kill
 .text._lseek   0x0000000008009f08       0x10 /home/cahill/stm32cubeMx/install_bin/gcc-arm-none-eabi-9-2020-q2-update/bin/../lib/gcc/arm-none-eabi/9.3.1/../../../../arm-none-eabi/lib/thumb/v7e-m+fp/hard/libnosys.a(lseek.o)
                0x0000000008009f08                _lseek
 .text._read    0x0000000008009f18       0x10 /home/cahill/stm32cubeMx/install_bin/gcc-arm-none-eabi-9-2020-q2-update/bin/../lib/gcc/arm-none-eabi/9.3.1/../../../../arm-none-eabi/lib/thumb/v7e-m+fp/hard/libnosys.a(read.o)
                0x0000000008009f18                _read
 .text._sbrk    0x0000000008009f28       0x1c /home/cahill/stm32cubeMx/install_bin/gcc-arm-none-eabi-9-2020-q2-update/bin/../lib/gcc/arm-none-eabi/9.3.1/../../../../arm-none-eabi/lib/thumb/v7e-m+fp/hard/libnosys.a(sbrk.o)
                0x0000000008009f28                _sbrk
 .text._exit    0x0000000008009f44        0x4 /home/cahill/stm32cubeMx/install_bin/gcc-arm-none-eabi-9-2020-q2-update/bin/../lib/gcc/arm-none-eabi/9.3.1/../../../../arm-none-eabi/lib/thumb/v7e-m+fp/hard/libnosys.a(_exit.o)
                0x0000000008009f44                _exit
 *(.glue_7)
 .glue_7        0x0000000008009f48        0x0 linker stubs
 *(.glue_7t)
 .glue_7t       0x0000000008009f48        0x0 linker stubs
 *(.eh_frame)
 .eh_frame      0x0000000008009f48        0x0 /home/cahill/stm32cubeMx/install_bin/gcc-arm-none-eabi-9-2020-q2-update/bin/../lib/gcc/arm-none-eabi/9.3.1/thumb/v7e-m+fp/hard/crtbegin.o
 *(.init)
 .init          0x0000000008009f48        0x4 /home/cahill/stm32cubeMx/install_bin/gcc-arm-none-eabi-9-2020-q2-update/bin/../lib/gcc/arm-none-eabi/9.3.1/thumb/v7e-m+fp/hard/crti.o
                0x0000000008009f48                _init
 .init          0x0000000008009f4c        0x8 /home/cahill/stm32cubeMx/install_bin/gcc-arm-none-eabi-9-2020-q2-update/bin/../lib/gcc/arm-none-eabi/9.3.1/thumb/v7e-m+fp/hard/crtn.o
 *(.fini)
 .fini          0x0000000008009f54        0x4 /home/cahill/stm32cubeMx/install_bin/gcc-arm-none-eabi-9-2020-q2-update/bin/../lib/gcc/arm-none-eabi/9.3.1/thumb/v7e-m+fp/hard/crti.o
                0x0000000008009f54                _fini
 .fini          0x0000000008009f58        0x8 /home/cahill/stm32cubeMx/install_bin/gcc-arm-none-eabi-9-2020-q2-update/bin/../lib/gcc/arm-none-eabi/9.3.1/thumb/v7e-m+fp/hard/crtn.o
                0x0000000008009f60                . = ALIGN (0x4)
                0x0000000008009f60                _etext = .

.vfp11_veneer   0x0000000008009f60        0x0
 .vfp11_veneer  0x0000000008009f60        0x0 linker stubs

.v4_bx          0x0000000008009f60        0x0
 .v4_bx         0x0000000008009f60        0x0 linker stubs

.iplt           0x0000000008009f60        0x0
 .iplt          0x0000000008009f60        0x0 /home/cahill/stm32cubeMx/install_bin/gcc-arm-none-eabi-9-2020-q2-update/bin/../lib/gcc/arm-none-eabi/9.3.1/thumb/v7e-m+fp/hard/crtbegin.o

.rodata         0x0000000008009f60      0x430
                0x0000000008009f60                . = ALIGN (0x4)
 *(.rodata)
 *(.rodata*)
 .rodata.mainLoop.str1.4
                0x0000000008009f60       0x1a build/mainLoop.o
 *fill*         0x0000000008009f7a        0x2 
 .rodata.AHBPrescTable
                0x0000000008009f7c       0x10 build/system_stm32f4xx.o
                0x0000000008009f7c                AHBPrescTable
 .rodata.APBPrescTable
                0x0000000008009f8c        0x8 build/system_stm32f4xx.o
                0x0000000008009f8c                APBPrescTable
 .rodata._global_impure_ptr
                0x0000000008009f94        0x4 /home/cahill/stm32cubeMx/install_bin/gcc-arm-none-eabi-9-2020-q2-update/bin/../lib/gcc/arm-none-eabi/9.3.1/../../../../arm-none-eabi/lib/thumb/v7e-m+fp/hard/libc.a(lib_a-impure.o)
                0x0000000008009f94                _global_impure_ptr
 .rodata._vfprintf_r.str1.4
                0x0000000008009f98       0x42 /home/cahill/stm32cubeMx/install_bin/gcc-arm-none-eabi-9-2020-q2-update/bin/../lib/gcc/arm-none-eabi/9.3.1/../../../../arm-none-eabi/lib/thumb/v7e-m+fp/hard/libc.a(lib_a-vfprintf.o)
 *fill*         0x0000000008009fda        0x2 
 .rodata.blanks.8713
                0x0000000008009fdc       0x10 /home/cahill/stm32cubeMx/install_bin/gcc-arm-none-eabi-9-2020-q2-update/bin/../lib/gcc/arm-none-eabi/9.3.1/../../../../arm-none-eabi/lib/thumb/v7e-m+fp/hard/libc.a(lib_a-vfprintf.o)
 .rodata.zeroes.8714
                0x0000000008009fec       0x10 /home/cahill/stm32cubeMx/install_bin/gcc-arm-none-eabi-9-2020-q2-update/bin/../lib/gcc/arm-none-eabi/9.3.1/../../../../arm-none-eabi/lib/thumb/v7e-m+fp/hard/libc.a(lib_a-vfprintf.o)
 .rodata._dtoa_r.str1.4
                0x0000000008009ffc       0xa0 /home/cahill/stm32cubeMx/install_bin/gcc-arm-none-eabi-9-2020-q2-update/bin/../lib/gcc/arm-none-eabi/9.3.1/../../../../arm-none-eabi/lib/thumb/v7e-m+fp/hard/libc.a(lib_a-dtoa.o)
                                         0xa4 (size before relaxing)
 .rodata.__multadd.str1.4
                0x000000000800a09c       0x7d /home/cahill/stm32cubeMx/install_bin/gcc-arm-none-eabi-9-2020-q2-update/bin/../lib/gcc/arm-none-eabi/9.3.1/../../../../arm-none-eabi/lib/thumb/v7e-m+fp/hard/libc.a(lib_a-mprec.o)
                                         0x91 (size before relaxing)
 *fill*         0x000000000800a119        0x7 
 .rodata.__mprec_bigtens
                0x000000000800a120       0x28 /home/cahill/stm32cubeMx/install_bin/gcc-arm-none-eabi-9-2020-q2-update/bin/../lib/gcc/arm-none-eabi/9.3.1/../../../../arm-none-eabi/lib/thumb/v7e-m+fp/hard/libc.a(lib_a-mprec.o)
                0x000000000800a120                __mprec_bigtens
 .rodata.__mprec_tens
                0x000000000800a148       0xc8 /home/cahill/stm32cubeMx/install_bin/gcc-arm-none-eabi-9-2020-q2-update/bin/../lib/gcc/arm-none-eabi/9.3.1/../../../../arm-none-eabi/lib/thumb/v7e-m+fp/hard/libc.a(lib_a-mprec.o)
                0x000000000800a148                __mprec_tens
 .rodata.p05.7485
                0x000000000800a210        0xc /home/cahill/stm32cubeMx/install_bin/gcc-arm-none-eabi-9-2020-q2-update/bin/../lib/gcc/arm-none-eabi/9.3.1/../../../../arm-none-eabi/lib/thumb/v7e-m+fp/hard/libc.a(lib_a-mprec.o)
 .rodata._vfiprintf_r.str1.4
                0x000000000800a21c       0x2f /home/cahill/stm32cubeMx/install_bin/gcc-arm-none-eabi-9-2020-q2-update/bin/../lib/gcc/arm-none-eabi/9.3.1/../../../../arm-none-eabi/lib/thumb/v7e-m+fp/hard/libc.a(lib_a-vfiprintf.o)
 .rodata.blanks.8691
                0x000000000800a21c       0x10 /home/cahill/stm32cubeMx/install_bin/gcc-arm-none-eabi-9-2020-q2-update/bin/../lib/gcc/arm-none-eabi/9.3.1/../../../../arm-none-eabi/lib/thumb/v7e-m+fp/hard/libc.a(lib_a-vfiprintf.o)
 .rodata.zeroes.8692
                0x000000000800a22c       0x10 /home/cahill/stm32cubeMx/install_bin/gcc-arm-none-eabi-9-2020-q2-update/bin/../lib/gcc/arm-none-eabi/9.3.1/../../../../arm-none-eabi/lib/thumb/v7e-m+fp/hard/libc.a(lib_a-vfiprintf.o)
 .rodata.__assert_func.str1.4
                0x000000000800a23c       0x3f /home/cahill/stm32cubeMx/install_bin/gcc-arm-none-eabi-9-2020-q2-update/bin/../lib/gcc/arm-none-eabi/9.3.1/../../../../arm-none-eabi/lib/thumb/v7e-m+fp/hard/libc.a(lib_a-assert.o)
                                         0x43 (size before relaxing)
 *fill*         0x000000000800a27b        0x1 
 .rodata._setlocale_r.str1.4
                0x000000000800a27c        0xa /home/cahill/stm32cubeMx/install_bin/gcc-arm-none-eabi-9-2020-q2-update/bin/../lib/gcc/arm-none-eabi/9.3.1/../../../../arm-none-eabi/lib/thumb/v7e-m+fp/hard/libc.a(lib_a-locale.o)
                                          0xd (size before relaxing)
 *fill*         0x000000000800a286        0x2 
 .rodata.str1.4
                0x000000000800a288        0x2 /home/cahill/stm32cubeMx/install_bin/gcc-arm-none-eabi-9-2020-q2-update/bin/../lib/gcc/arm-none-eabi/9.3.1/../../../../arm-none-eabi/lib/thumb/v7e-m+fp/hard/libc.a(lib_a-locale.o)
 *fill*         0x000000000800a28a        0x2 
 .rodata._ctype_
                0x000000000800a28c      0x101 /home/cahill/stm32cubeMx/install_bin/gcc-arm-none-eabi-9-2020-q2-update/bin/../lib/gcc/arm-none-eabi/9.3.1/../../../../arm-none-eabi/lib/thumb/v7e-m+fp/hard/libc.a(lib_a-ctype_.o)
                0x000000000800a28c                _ctype_
                0x000000000800a390                . = ALIGN (0x4)
 *fill*         0x000000000800a38d        0x3 

.ARM.extab
 *(.ARM.extab* .gnu.linkonce.armextab.*)

.ARM            0x000000000800a390        0x8
                0x000000000800a390                __exidx_start = .
 *(.ARM.exidx*)
 .ARM.exidx     0x000000000800a390        0x8 /home/cahill/stm32cubeMx/install_bin/gcc-arm-none-eabi-9-2020-q2-update/bin/../lib/gcc/arm-none-eabi/9.3.1/thumb/v7e-m+fp/hard/libgcc.a(_udivmoddi4.o)
                0x000000000800a398                __exidx_end = .

.rel.dyn        0x000000000800a398        0x0
 .rel.iplt      0x000000000800a398        0x0 /home/cahill/stm32cubeMx/install_bin/gcc-arm-none-eabi-9-2020-q2-update/bin/../lib/gcc/arm-none-eabi/9.3.1/thumb/v7e-m+fp/hard/crtbegin.o

.preinit_array  0x000000000800a398        0x0
                0x000000000800a398                PROVIDE (__preinit_array_start = .)
 *(.preinit_array*)
                0x000000000800a398                PROVIDE (__preinit_array_end = .)

.init_array     0x000000000800a398        0x8
                0x000000000800a398                PROVIDE (__init_array_start = .)
 *(SORT_BY_NAME(.init_array.*))
 .init_array.00000
                0x000000000800a398        0x4 /home/cahill/stm32cubeMx/install_bin/gcc-arm-none-eabi-9-2020-q2-update/bin/../lib/gcc/arm-none-eabi/9.3.1/../../../../arm-none-eabi/lib/thumb/v7e-m+fp/hard/libc.a(lib_a-__call_atexit.o)
 *(.init_array*)
 .init_array    0x000000000800a39c        0x4 /home/cahill/stm32cubeMx/install_bin/gcc-arm-none-eabi-9-2020-q2-update/bin/../lib/gcc/arm-none-eabi/9.3.1/thumb/v7e-m+fp/hard/crtbegin.o
                0x000000000800a3a0                PROVIDE (__init_array_end = .)

.fini_array     0x000000000800a3a0        0x4
                0x000000000800a3a0                PROVIDE (__fini_array_start = .)
 *(SORT_BY_NAME(.fini_array.*))
 *(.fini_array*)
 .fini_array    0x000000000800a3a0        0x4 /home/cahill/stm32cubeMx/install_bin/gcc-arm-none-eabi-9-2020-q2-update/bin/../lib/gcc/arm-none-eabi/9.3.1/thumb/v7e-m+fp/hard/crtbegin.o
                0x000000000800a3a4                PROVIDE (__fini_array_end = .)
                0x000000000800a3a4                _sidata = LOADADDR (.data)

.data           0x0000000020000000      0xae8 load address 0x000000000800a3a4
                0x0000000020000000                . = ALIGN (0x4)
                0x0000000020000000                _sdata = .
 *(.data)
 *(.data*)
 .data.f        0x0000000020000000        0x4 build/mainLoop.o
                0x0000000020000000                f
 .data.ad9520_regs
                0x0000000020000004      0x12c build/ad9520_function.o
                0x0000000020000004                ad9520_regs
 .data.uwTickFreq
                0x0000000020000130        0x1 build/stm32f4xx_hal.o
                0x0000000020000130                uwTickFreq
 *fill*         0x0000000020000131        0x3 
 .data.uwTickPrio
                0x0000000020000134        0x4 build/stm32f4xx_hal.o
                0x0000000020000134                uwTickPrio
 .data.SystemCoreClock
                0x0000000020000138        0x4 build/system_stm32f4xx.o
                0x0000000020000138                SystemCoreClock
 .data._impure_ptr
                0x000000002000013c        0x4 /home/cahill/stm32cubeMx/install_bin/gcc-arm-none-eabi-9-2020-q2-update/bin/../lib/gcc/arm-none-eabi/9.3.1/../../../../arm-none-eabi/lib/thumb/v7e-m+fp/hard/libc.a(lib_a-impure.o)
                0x000000002000013c                _impure_ptr
 .data.impure_data
                0x0000000020000140      0x428 /home/cahill/stm32cubeMx/install_bin/gcc-arm-none-eabi-9-2020-q2-update/bin/../lib/gcc/arm-none-eabi/9.3.1/../../../../arm-none-eabi/lib/thumb/v7e-m+fp/hard/libc.a(lib_a-impure.o)
 .data.__atexit_recursive_mutex
                0x0000000020000568        0x4 /home/cahill/stm32cubeMx/install_bin/gcc-arm-none-eabi-9-2020-q2-update/bin/../lib/gcc/arm-none-eabi/9.3.1/../../../../arm-none-eabi/lib/thumb/v7e-m+fp/hard/libc.a(lib_a-__call_atexit.o)
                0x0000000020000568                __atexit_recursive_mutex
 .data.__malloc_av_
                0x000000002000056c      0x408 /home/cahill/stm32cubeMx/install_bin/gcc-arm-none-eabi-9-2020-q2-update/bin/../lib/gcc/arm-none-eabi/9.3.1/../../../../arm-none-eabi/lib/thumb/v7e-m+fp/hard/libc.a(lib_a-mallocr.o)
                0x000000002000056c                __malloc_av_
 .data.__malloc_sbrk_base
                0x0000000020000974        0x4 /home/cahill/stm32cubeMx/install_bin/gcc-arm-none-eabi-9-2020-q2-update/bin/../lib/gcc/arm-none-eabi/9.3.1/../../../../arm-none-eabi/lib/thumb/v7e-m+fp/hard/libc.a(lib_a-mallocr.o)
                0x0000000020000974                __malloc_sbrk_base
 .data.__malloc_trim_threshold
                0x0000000020000978        0x4 /home/cahill/stm32cubeMx/install_bin/gcc-arm-none-eabi-9-2020-q2-update/bin/../lib/gcc/arm-none-eabi/9.3.1/../../../../arm-none-eabi/lib/thumb/v7e-m+fp/hard/libc.a(lib_a-mallocr.o)
                0x0000000020000978                __malloc_trim_threshold
 .data.__global_locale
                0x000000002000097c      0x16c /home/cahill/stm32cubeMx/install_bin/gcc-arm-none-eabi-9-2020-q2-update/bin/../lib/gcc/arm-none-eabi/9.3.1/../../../../arm-none-eabi/lib/thumb/v7e-m+fp/hard/libc.a(lib_a-locale.o)
                0x000000002000097c                __global_locale
                0x0000000020000ae8                . = ALIGN (0x4)
                0x0000000020000ae8                _edata = .
                0x000000000800ae8c                _siccmram = LOADADDR (.ccmram)

.igot.plt       0x0000000020000ae8        0x0 load address 0x000000000800ae8c
 .igot.plt      0x0000000020000ae8        0x0 /home/cahill/stm32cubeMx/install_bin/gcc-arm-none-eabi-9-2020-q2-update/bin/../lib/gcc/arm-none-eabi/9.3.1/thumb/v7e-m+fp/hard/crtbegin.o

.ccmram         0x0000000010000000        0x0 load address 0x000000000800ae8c
                0x0000000010000000                . = ALIGN (0x4)
                0x0000000010000000                _sccmram = .
 *(.ccmram)
 *(.ccmram*)
                0x0000000010000000                . = ALIGN (0x4)
                0x0000000010000000                _eccmram = .
                0x0000000010000000                . = ALIGN (0x4)

.bss            0x0000000020000ae8      0xb78
                0x0000000020000ae8                _sbss = .
                0x0000000020000ae8                __bss_start__ = _sbss
 *(.bss)
 .bss           0x0000000020000ae8       0x1c /home/cahill/stm32cubeMx/install_bin/gcc-arm-none-eabi-9-2020-q2-update/bin/../lib/gcc/arm-none-eabi/9.3.1/thumb/v7e-m+fp/hard/crtbegin.o
 *(.bss*)
 .bss.chanl1_midx
                0x0000000020000b04        0x4 build/mainLoop.o
                0x0000000020000b04                chanl1_midx
 .bss.chanl2_midx
                0x0000000020000b08        0x4 build/mainLoop.o
                0x0000000020000b08                chanl2_midx
 .bss.fre_dif   0x0000000020000b0c        0x4 build/mainLoop.o
                0x0000000020000b0c                fre_dif
 .bss.i         0x0000000020000b10        0x4 build/mainLoop.o
                0x0000000020000b10                i
 .bss.__malloc_current_mallinfo
                0x0000000020000b14       0x28 /home/cahill/stm32cubeMx/install_bin/gcc-arm-none-eabi-9-2020-q2-update/bin/../lib/gcc/arm-none-eabi/9.3.1/../../../../arm-none-eabi/lib/thumb/v7e-m+fp/hard/libc.a(lib_a-mallocr.o)
                0x0000000020000b14                __malloc_current_mallinfo
 .bss.__malloc_max_sbrked_mem
                0x0000000020000b3c        0x4 /home/cahill/stm32cubeMx/install_bin/gcc-arm-none-eabi-9-2020-q2-update/bin/../lib/gcc/arm-none-eabi/9.3.1/../../../../arm-none-eabi/lib/thumb/v7e-m+fp/hard/libc.a(lib_a-mallocr.o)
                0x0000000020000b3c                __malloc_max_sbrked_mem
 .bss.__malloc_max_total_mem
                0x0000000020000b40        0x4 /home/cahill/stm32cubeMx/install_bin/gcc-arm-none-eabi-9-2020-q2-update/bin/../lib/gcc/arm-none-eabi/9.3.1/../../../../arm-none-eabi/lib/thumb/v7e-m+fp/hard/libc.a(lib_a-mallocr.o)
                0x0000000020000b40                __malloc_max_total_mem
 .bss.__malloc_top_pad
                0x0000000020000b44        0x4 /home/cahill/stm32cubeMx/install_bin/gcc-arm-none-eabi-9-2020-q2-update/bin/../lib/gcc/arm-none-eabi/9.3.1/../../../../arm-none-eabi/lib/thumb/v7e-m+fp/hard/libc.a(lib_a-mallocr.o)
                0x0000000020000b44                __malloc_top_pad
 .bss.heap_end.5507
                0x0000000020000b48        0x4 /home/cahill/stm32cubeMx/install_bin/gcc-arm-none-eabi-9-2020-q2-update/bin/../lib/gcc/arm-none-eabi/9.3.1/../../../../arm-none-eabi/lib/thumb/v7e-m+fp/hard/libnosys.a(sbrk.o)
 *(COMMON)
 COMMON         0x0000000020000b4c      0x16c build/main.o
                0x0000000020000b4c                htim4
                0x0000000020000b8c                htim5
                0x0000000020000bcc                hdac
                0x0000000020000be0                htim1
                0x0000000020000c20                hspi1
                0x0000000020000c78                huart2
 COMMON         0x0000000020000cb8      0x97c build/mainLoop.o
                0x0000000020000cb8                xx
                0x0000000020000cbc                chanl2_capNum
                0x0000000020000e4c                chanl2_capNum_f
                0x0000000020000fdc                complete_sign
                0x0000000020000fe0                chanl1_capNum_f
                0x0000000020001170                yy_cnt
                0x0000000020001174                yy
                0x0000000020001178                v_dianya
                0x000000002000117c                buf
                0x0000000020001180                xx_cnt
                0x0000000020001184                chanl1_capNum
                0x0000000020001314                chanl1_xNum
                0x00000000200014a4                chanl2_xNum
 COMMON         0x0000000020001634        0x4 build/stm32f4xx_hal.o
                0x0000000020001634                uwTick
 COMMON         0x0000000020001638       0x21 /home/cahill/stm32cubeMx/install_bin/gcc-arm-none-eabi-9-2020-q2-update/bin/../lib/gcc/arm-none-eabi/9.3.1/../../../../arm-none-eabi/lib/thumb/v7e-m+fp/hard/libc.a(lib_a-lock.o)
                0x0000000020001638                __lock___atexit_recursive_mutex
                0x000000002000163c                __lock___arc4random_mutex
                0x0000000020001640                __lock___env_recursive_mutex
                0x0000000020001644                __lock___sinit_recursive_mutex
                0x0000000020001648                __lock___malloc_recursive_mutex
                0x000000002000164c                __lock___at_quick_exit_mutex
                0x0000000020001650                __lock___dd_hash_mutex
                0x0000000020001654                __lock___tz_mutex
                0x0000000020001658                __lock___sfp_recursive_mutex
 *fill*         0x0000000020001659        0x3 
 COMMON         0x000000002000165c        0x4 /home/cahill/stm32cubeMx/install_bin/gcc-arm-none-eabi-9-2020-q2-update/bin/../lib/gcc/arm-none-eabi/9.3.1/../../../../arm-none-eabi/lib/thumb/v7e-m+fp/hard/libc.a(lib_a-reent.o)
                0x000000002000165c                errno
                0x0000000020001660                . = ALIGN (0x4)
                0x0000000020001660                _ebss = .
                0x0000000020001660                __bss_end__ = _ebss

._user_heap_stack
                0x0000000020001660      0x600
                0x0000000020001660                . = ALIGN (0x8)
                0x0000000020001660                PROVIDE (end = .)
                [!provide]                        PROVIDE (_end = .)
                0x0000000020001860                . = (. + _Min_Heap_Size)
 *fill*         0x0000000020001660      0x200 
                0x0000000020001c60                . = (. + _Min_Stack_Size)
 *fill*         0x0000000020001860      0x400 
                0x0000000020001c60                . = ALIGN (0x8)

/DISCARD/
 libc.a(*)
 libm.a(*)
 libgcc.a(*)

.ARM.attributes
                0x0000000000000000       0x30
 *(.ARM.attributes)
 .ARM.attributes
                0x0000000000000000       0x1e /home/cahill/stm32cubeMx/install_bin/gcc-arm-none-eabi-9-2020-q2-update/bin/../lib/gcc/arm-none-eabi/9.3.1/thumb/v7e-m+fp/hard/crti.o
 .ARM.attributes
                0x000000000000001e       0x34 /home/cahill/stm32cubeMx/install_bin/gcc-arm-none-eabi-9-2020-q2-update/bin/../lib/gcc/arm-none-eabi/9.3.1/thumb/v7e-m+fp/hard/crtbegin.o
 .ARM.attributes
                0x0000000000000052       0x34 build/main.o
 .ARM.attributes
                0x0000000000000086       0x34 build/mainLoop.o
 .ARM.attributes
                0x00000000000000ba       0x34 build/ad9520_function.o
 .ARM.attributes
                0x00000000000000ee       0x34 build/stm32f4xx_it.o
 .ARM.attributes
                0x0000000000000122       0x34 build/stm32f4xx_hal_msp.o
 .ARM.attributes
                0x0000000000000156       0x34 build/stm32f4xx_hal_tim.o
 .ARM.attributes
                0x000000000000018a       0x34 build/stm32f4xx_hal_tim_ex.o
 .ARM.attributes
                0x00000000000001be       0x34 build/stm32f4xx_hal_rcc.o
 .ARM.attributes
                0x00000000000001f2       0x34 build/stm32f4xx_hal_gpio.o
 .ARM.attributes
                0x0000000000000226       0x34 build/stm32f4xx_hal_dma.o
 .ARM.attributes
                0x000000000000025a       0x34 build/stm32f4xx_hal_cortex.o
 .ARM.attributes
                0x000000000000028e       0x34 build/stm32f4xx_hal.o
 .ARM.attributes
                0x00000000000002c2       0x34 build/system_stm32f4xx.o
 .ARM.attributes
                0x00000000000002f6       0x34 build/stm32f4xx_hal_spi.o
 .ARM.attributes
                0x000000000000032a       0x34 build/stm32f4xx_hal_uart.o
 .ARM.attributes
                0x000000000000035e       0x34 build/stm32f4xx_hal_dac.o
 .ARM.attributes
                0x0000000000000392       0x21 build/startup_stm32f405xx.o
 .ARM.attributes
                0x00000000000003b3       0x32 /home/cahill/stm32cubeMx/install_bin/gcc-arm-none-eabi-9-2020-q2-update/bin/../lib/gcc/arm-none-eabi/9.3.1/../../../../arm-none-eabi/lib/thumb/v7e-m+fp/hard/libc.a(lib_a-impure.o)
 .ARM.attributes
                0x00000000000003e5       0x34 /home/cahill/stm32cubeMx/install_bin/gcc-arm-none-eabi-9-2020-q2-update/bin/../lib/gcc/arm-none-eabi/9.3.1/../../../../arm-none-eabi/lib/thumb/v7e-m+fp/hard/libc.a(lib_a-init.o)
 .ARM.attributes
                0x0000000000000419       0x34 /home/cahill/stm32cubeMx/install_bin/gcc-arm-none-eabi-9-2020-q2-update/bin/../lib/gcc/arm-none-eabi/9.3.1/../../../../arm-none-eabi/lib/thumb/v7e-m+fp/hard/libc.a(lib_a-memset.o)
 .ARM.attributes
                0x000000000000044d       0x34 /home/cahill/stm32cubeMx/install_bin/gcc-arm-none-eabi-9-2020-q2-update/bin/../lib/gcc/arm-none-eabi/9.3.1/../../../../arm-none-eabi/lib/thumb/v7e-m+fp/hard/libc.a(lib_a-printf.o)
 .ARM.attributes
                0x0000000000000481       0x34 /home/cahill/stm32cubeMx/install_bin/gcc-arm-none-eabi-9-2020-q2-update/bin/../lib/gcc/arm-none-eabi/9.3.1/../../../../arm-none-eabi/lib/thumb/v7e-m+fp/hard/libc.a(lib_a-vfprintf.o)
 .ARM.attributes
                0x00000000000004b5       0x34 /home/cahill/stm32cubeMx/install_bin/gcc-arm-none-eabi-9-2020-q2-update/bin/../lib/gcc/arm-none-eabi/9.3.1/../../../../arm-none-eabi/lib/thumb/v7e-m+fp/hard/libc.a(lib_a-wsetup.o)
 .ARM.attributes
                0x00000000000004e9       0x34 /home/cahill/stm32cubeMx/install_bin/gcc-arm-none-eabi-9-2020-q2-update/bin/../lib/gcc/arm-none-eabi/9.3.1/../../../../arm-none-eabi/lib/thumb/v7e-m+fp/hard/libc.a(lib_a-__call_atexit.o)
 .ARM.attributes
                0x000000000000051d       0x34 /home/cahill/stm32cubeMx/install_bin/gcc-arm-none-eabi-9-2020-q2-update/bin/../lib/gcc/arm-none-eabi/9.3.1/../../../../arm-none-eabi/lib/thumb/v7e-m+fp/hard/libc.a(lib_a-atexit.o)
 .ARM.attributes
                0x0000000000000551       0x34 /home/cahill/stm32cubeMx/install_bin/gcc-arm-none-eabi-9-2020-q2-update/bin/../lib/gcc/arm-none-eabi/9.3.1/../../../../arm-none-eabi/lib/thumb/v7e-m+fp/hard/libc.a(lib_a-dtoa.o)
 .ARM.attributes
                0x0000000000000585       0x34 /home/cahill/stm32cubeMx/install_bin/gcc-arm-none-eabi-9-2020-q2-update/bin/../lib/gcc/arm-none-eabi/9.3.1/../../../../arm-none-eabi/lib/thumb/v7e-m+fp/hard/libc.a(lib_a-fflush.o)
 .ARM.attributes
                0x00000000000005b9       0x34 /home/cahill/stm32cubeMx/install_bin/gcc-arm-none-eabi-9-2020-q2-update/bin/../lib/gcc/arm-none-eabi/9.3.1/../../../../arm-none-eabi/lib/thumb/v7e-m+fp/hard/libc.a(lib_a-findfp.o)
 .ARM.attributes
                0x00000000000005ed       0x34 /home/cahill/stm32cubeMx/install_bin/gcc-arm-none-eabi-9-2020-q2-update/bin/../lib/gcc/arm-none-eabi/9.3.1/../../../../arm-none-eabi/lib/thumb/v7e-m+fp/hard/libc.a(lib_a-fini.o)
 .ARM.attributes
                0x0000000000000621       0x34 /home/cahill/stm32cubeMx/install_bin/gcc-arm-none-eabi-9-2020-q2-update/bin/../lib/gcc/arm-none-eabi/9.3.1/../../../../arm-none-eabi/lib/thumb/v7e-m+fp/hard/libc.a(lib_a-freer.o)
 .ARM.attributes
                0x0000000000000655       0x34 /home/cahill/stm32cubeMx/install_bin/gcc-arm-none-eabi-9-2020-q2-update/bin/../lib/gcc/arm-none-eabi/9.3.1/../../../../arm-none-eabi/lib/thumb/v7e-m+fp/hard/libc.a(lib_a-fwalk.o)
 .ARM.attributes
                0x0000000000000689       0x34 /home/cahill/stm32cubeMx/install_bin/gcc-arm-none-eabi-9-2020-q2-update/bin/../lib/gcc/arm-none-eabi/9.3.1/../../../../arm-none-eabi/lib/thumb/v7e-m+fp/hard/libc.a(lib_a-localeconv.o)
 .ARM.attributes
                0x00000000000006bd       0x34 /home/cahill/stm32cubeMx/install_bin/gcc-arm-none-eabi-9-2020-q2-update/bin/../lib/gcc/arm-none-eabi/9.3.1/../../../../arm-none-eabi/lib/thumb/v7e-m+fp/hard/libc.a(lib_a-lock.o)
 .ARM.attributes
                0x00000000000006f1       0x34 /home/cahill/stm32cubeMx/install_bin/gcc-arm-none-eabi-9-2020-q2-update/bin/../lib/gcc/arm-none-eabi/9.3.1/../../../../arm-none-eabi/lib/thumb/v7e-m+fp/hard/libc.a(lib_a-makebuf.o)
 .ARM.attributes
                0x0000000000000725       0x34 /home/cahill/stm32cubeMx/install_bin/gcc-arm-none-eabi-9-2020-q2-update/bin/../lib/gcc/arm-none-eabi/9.3.1/../../../../arm-none-eabi/lib/thumb/v7e-m+fp/hard/libc.a(lib_a-mallocr.o)
 .ARM.attributes
                0x0000000000000759       0x1c /home/cahill/stm32cubeMx/install_bin/gcc-arm-none-eabi-9-2020-q2-update/bin/../lib/gcc/arm-none-eabi/9.3.1/../../../../arm-none-eabi/lib/thumb/v7e-m+fp/hard/libc.a(lib_a-memchr.o)
 .ARM.attributes
                0x0000000000000775       0x1c /home/cahill/stm32cubeMx/install_bin/gcc-arm-none-eabi-9-2020-q2-update/bin/../lib/gcc/arm-none-eabi/9.3.1/../../../../arm-none-eabi/lib/thumb/v7e-m+fp/hard/libc.a(lib_a-memcpy.o)
 .ARM.attributes
                0x0000000000000791       0x34 /home/cahill/stm32cubeMx/install_bin/gcc-arm-none-eabi-9-2020-q2-update/bin/../lib/gcc/arm-none-eabi/9.3.1/../../../../arm-none-eabi/lib/thumb/v7e-m+fp/hard/libc.a(lib_a-mlock.o)
 .ARM.attributes
                0x00000000000007c5       0x34 /home/cahill/stm32cubeMx/install_bin/gcc-arm-none-eabi-9-2020-q2-update/bin/../lib/gcc/arm-none-eabi/9.3.1/../../../../arm-none-eabi/lib/thumb/v7e-m+fp/hard/libc.a(lib_a-mprec.o)
 .ARM.attributes
                0x00000000000007f9       0x34 /home/cahill/stm32cubeMx/install_bin/gcc-arm-none-eabi-9-2020-q2-update/bin/../lib/gcc/arm-none-eabi/9.3.1/../../../../arm-none-eabi/lib/thumb/v7e-m+fp/hard/libc.a(lib_a-s_frexp.o)
 .ARM.attributes
                0x000000000000082d       0x34 /home/cahill/stm32cubeMx/install_bin/gcc-arm-none-eabi-9-2020-q2-update/bin/../lib/gcc/arm-none-eabi/9.3.1/../../../../arm-none-eabi/lib/thumb/v7e-m+fp/hard/libc.a(lib_a-sbrkr.o)
 .ARM.attributes
                0x0000000000000861       0x34 /home/cahill/stm32cubeMx/install_bin/gcc-arm-none-eabi-9-2020-q2-update/bin/../lib/gcc/arm-none-eabi/9.3.1/../../../../arm-none-eabi/lib/thumb/v7e-m+fp/hard/libc.a(lib_a-stdio.o)
 .ARM.attributes
                0x0000000000000895       0x1c /home/cahill/stm32cubeMx/install_bin/gcc-arm-none-eabi-9-2020-q2-update/bin/../lib/gcc/arm-none-eabi/9.3.1/../../../../arm-none-eabi/lib/thumb/v7e-m+fp/hard/libc.a(lib_a-strlen.o)
 .ARM.attributes
                0x00000000000008b1       0x34 /home/cahill/stm32cubeMx/install_bin/gcc-arm-none-eabi-9-2020-q2-update/bin/../lib/gcc/arm-none-eabi/9.3.1/../../../../arm-none-eabi/lib/thumb/v7e-m+fp/hard/libc.a(lib_a-strncpy.o)
 .ARM.attributes
                0x00000000000008e5       0x34 /home/cahill/stm32cubeMx/install_bin/gcc-arm-none-eabi-9-2020-q2-update/bin/../lib/gcc/arm-none-eabi/9.3.1/../../../../arm-none-eabi/lib/thumb/v7e-m+fp/hard/libc.a(lib_a-vfiprintf.o)
 .ARM.attributes
                0x0000000000000919       0x34 /home/cahill/stm32cubeMx/install_bin/gcc-arm-none-eabi-9-2020-q2-update/bin/../lib/gcc/arm-none-eabi/9.3.1/../../../../arm-none-eabi/lib/thumb/v7e-m+fp/hard/libc.a(lib_a-writer.o)
 .ARM.attributes
                0x000000000000094d       0x34 /home/cahill/stm32cubeMx/install_bin/gcc-arm-none-eabi-9-2020-q2-update/bin/../lib/gcc/arm-none-eabi/9.3.1/../../../../arm-none-eabi/lib/thumb/v7e-m+fp/hard/libc.a(lib_a-__atexit.o)
 .ARM.attributes
                0x0000000000000981       0x34 /home/cahill/stm32cubeMx/install_bin/gcc-arm-none-eabi-9-2020-q2-update/bin/../lib/gcc/arm-none-eabi/9.3.1/../../../../arm-none-eabi/lib/thumb/v7e-m+fp/hard/libc.a(lib_a-assert.o)
 .ARM.attributes
                0x00000000000009b5       0x34 /home/cahill/stm32cubeMx/install_bin/gcc-arm-none-eabi-9-2020-q2-update/bin/../lib/gcc/arm-none-eabi/9.3.1/../../../../arm-none-eabi/lib/thumb/v7e-m+fp/hard/libc.a(lib_a-callocr.o)
 .ARM.attributes
                0x00000000000009e9       0x34 /home/cahill/stm32cubeMx/install_bin/gcc-arm-none-eabi-9-2020-q2-update/bin/../lib/gcc/arm-none-eabi/9.3.1/../../../../arm-none-eabi/lib/thumb/v7e-m+fp/hard/libc.a(lib_a-closer.o)
 .ARM.attributes
                0x0000000000000a1d       0x34 /home/cahill/stm32cubeMx/install_bin/gcc-arm-none-eabi-9-2020-q2-update/bin/../lib/gcc/arm-none-eabi/9.3.1/../../../../arm-none-eabi/lib/thumb/v7e-m+fp/hard/libc.a(lib_a-fclose.o)
 .ARM.attributes
                0x0000000000000a51       0x34 /home/cahill/stm32cubeMx/install_bin/gcc-arm-none-eabi-9-2020-q2-update/bin/../lib/gcc/arm-none-eabi/9.3.1/../../../../arm-none-eabi/lib/thumb/v7e-m+fp/hard/libc.a(lib_a-fiprintf.o)
 .ARM.attributes
                0x0000000000000a85       0x34 /home/cahill/stm32cubeMx/install_bin/gcc-arm-none-eabi-9-2020-q2-update/bin/../lib/gcc/arm-none-eabi/9.3.1/../../../../arm-none-eabi/lib/thumb/v7e-m+fp/hard/libc.a(lib_a-fputwc.o)
 .ARM.attributes
                0x0000000000000ab9       0x34 /home/cahill/stm32cubeMx/install_bin/gcc-arm-none-eabi-9-2020-q2-update/bin/../lib/gcc/arm-none-eabi/9.3.1/../../../../arm-none-eabi/lib/thumb/v7e-m+fp/hard/libc.a(lib_a-fstatr.o)
 .ARM.attributes
                0x0000000000000aed       0x34 /home/cahill/stm32cubeMx/install_bin/gcc-arm-none-eabi-9-2020-q2-update/bin/../lib/gcc/arm-none-eabi/9.3.1/../../../../arm-none-eabi/lib/thumb/v7e-m+fp/hard/libc.a(lib_a-fvwrite.o)
 .ARM.attributes
                0x0000000000000b21       0x34 /home/cahill/stm32cubeMx/install_bin/gcc-arm-none-eabi-9-2020-q2-update/bin/../lib/gcc/arm-none-eabi/9.3.1/../../../../arm-none-eabi/lib/thumb/v7e-m+fp/hard/libc.a(lib_a-isattyr.o)
 .ARM.attributes
                0x0000000000000b55       0x34 /home/cahill/stm32cubeMx/install_bin/gcc-arm-none-eabi-9-2020-q2-update/bin/../lib/gcc/arm-none-eabi/9.3.1/../../../../arm-none-eabi/lib/thumb/v7e-m+fp/hard/libc.a(lib_a-locale.o)
 .ARM.attributes
                0x0000000000000b89       0x34 /home/cahill/stm32cubeMx/install_bin/gcc-arm-none-eabi-9-2020-q2-update/bin/../lib/gcc/arm-none-eabi/9.3.1/../../../../arm-none-eabi/lib/thumb/v7e-m+fp/hard/libc.a(lib_a-lseekr.o)
 .ARM.attributes
                0x0000000000000bbd       0x34 /home/cahill/stm32cubeMx/install_bin/gcc-arm-none-eabi-9-2020-q2-update/bin/../lib/gcc/arm-none-eabi/9.3.1/../../../../arm-none-eabi/lib/thumb/v7e-m+fp/hard/libc.a(lib_a-mbtowc_r.o)
 .ARM.attributes
                0x0000000000000bf1       0x34 /home/cahill/stm32cubeMx/install_bin/gcc-arm-none-eabi-9-2020-q2-update/bin/../lib/gcc/arm-none-eabi/9.3.1/../../../../arm-none-eabi/lib/thumb/v7e-m+fp/hard/libc.a(lib_a-memmove.o)
 .ARM.attributes
                0x0000000000000c25       0x34 /home/cahill/stm32cubeMx/install_bin/gcc-arm-none-eabi-9-2020-q2-update/bin/../lib/gcc/arm-none-eabi/9.3.1/../../../../arm-none-eabi/lib/thumb/v7e-m+fp/hard/libc.a(lib_a-readr.o)
 .ARM.attributes
                0x0000000000000c59       0x34 /home/cahill/stm32cubeMx/install_bin/gcc-arm-none-eabi-9-2020-q2-update/bin/../lib/gcc/arm-none-eabi/9.3.1/../../../../arm-none-eabi/lib/thumb/v7e-m+fp/hard/libc.a(lib_a-reallocr.o)
 .ARM.attributes
                0x0000000000000c8d       0x34 /home/cahill/stm32cubeMx/install_bin/gcc-arm-none-eabi-9-2020-q2-update/bin/../lib/gcc/arm-none-eabi/9.3.1/../../../../arm-none-eabi/lib/thumb/v7e-m+fp/hard/libc.a(lib_a-reent.o)
 .ARM.attributes
                0x0000000000000cc1       0x34 /home/cahill/stm32cubeMx/install_bin/gcc-arm-none-eabi-9-2020-q2-update/bin/../lib/gcc/arm-none-eabi/9.3.1/../../../../arm-none-eabi/lib/thumb/v7e-m+fp/hard/libc.a(lib_a-wbuf.o)
 .ARM.attributes
                0x0000000000000cf5       0x34 /home/cahill/stm32cubeMx/install_bin/gcc-arm-none-eabi-9-2020-q2-update/bin/../lib/gcc/arm-none-eabi/9.3.1/../../../../arm-none-eabi/lib/thumb/v7e-m+fp/hard/libc.a(lib_a-wcrtomb.o)
 .ARM.attributes
                0x0000000000000d29       0x34 /home/cahill/stm32cubeMx/install_bin/gcc-arm-none-eabi-9-2020-q2-update/bin/../lib/gcc/arm-none-eabi/9.3.1/../../../../arm-none-eabi/lib/thumb/v7e-m+fp/hard/libc.a(lib_a-wctomb_r.o)
 .ARM.attributes
                0x0000000000000d5d       0x34 /home/cahill/stm32cubeMx/install_bin/gcc-arm-none-eabi-9-2020-q2-update/bin/../lib/gcc/arm-none-eabi/9.3.1/../../../../arm-none-eabi/lib/thumb/v7e-m+fp/hard/libc.a(lib_a-abort.o)
 .ARM.attributes
                0x0000000000000d91       0x32 /home/cahill/stm32cubeMx/install_bin/gcc-arm-none-eabi-9-2020-q2-update/bin/../lib/gcc/arm-none-eabi/9.3.1/../../../../arm-none-eabi/lib/thumb/v7e-m+fp/hard/libc.a(lib_a-ctype_.o)
 .ARM.attributes
                0x0000000000000dc3       0x34 /home/cahill/stm32cubeMx/install_bin/gcc-arm-none-eabi-9-2020-q2-update/bin/../lib/gcc/arm-none-eabi/9.3.1/../../../../arm-none-eabi/lib/thumb/v7e-m+fp/hard/libc.a(lib_a-signal.o)
 .ARM.attributes
                0x0000000000000df7       0x34 /home/cahill/stm32cubeMx/install_bin/gcc-arm-none-eabi-9-2020-q2-update/bin/../lib/gcc/arm-none-eabi/9.3.1/../../../../arm-none-eabi/lib/thumb/v7e-m+fp/hard/libc.a(lib_a-signalr.o)
 .ARM.attributes
                0x0000000000000e2b       0x34 /home/cahill/stm32cubeMx/install_bin/gcc-arm-none-eabi-9-2020-q2-update/bin/../lib/gcc/arm-none-eabi/9.3.1/../../../../arm-none-eabi/lib/thumb/v7e-m+fp/hard/libnosys.a(close.o)
 .ARM.attributes
                0x0000000000000e5f       0x34 /home/cahill/stm32cubeMx/install_bin/gcc-arm-none-eabi-9-2020-q2-update/bin/../lib/gcc/arm-none-eabi/9.3.1/../../../../arm-none-eabi/lib/thumb/v7e-m+fp/hard/libnosys.a(fstat.o)
 .ARM.attributes
                0x0000000000000e93       0x34 /home/cahill/stm32cubeMx/install_bin/gcc-arm-none-eabi-9-2020-q2-update/bin/../lib/gcc/arm-none-eabi/9.3.1/../../../../arm-none-eabi/lib/thumb/v7e-m+fp/hard/libnosys.a(getpid.o)
 .ARM.attributes
                0x0000000000000ec7       0x34 /home/cahill/stm32cubeMx/install_bin/gcc-arm-none-eabi-9-2020-q2-update/bin/../lib/gcc/arm-none-eabi/9.3.1/../../../../arm-none-eabi/lib/thumb/v7e-m+fp/hard/libnosys.a(isatty.o)
 .ARM.attributes
                0x0000000000000efb       0x34 /home/cahill/stm32cubeMx/install_bin/gcc-arm-none-eabi-9-2020-q2-update/bin/../lib/gcc/arm-none-eabi/9.3.1/../../../../arm-none-eabi/lib/thumb/v7e-m+fp/hard/libnosys.a(kill.o)
 .ARM.attributes
                0x0000000000000f2f       0x34 /home/cahill/stm32cubeMx/install_bin/gcc-arm-none-eabi-9-2020-q2-update/bin/../lib/gcc/arm-none-eabi/9.3.1/../../../../arm-none-eabi/lib/thumb/v7e-m+fp/hard/libnosys.a(lseek.o)
 .ARM.attributes
                0x0000000000000f63       0x34 /home/cahill/stm32cubeMx/install_bin/gcc-arm-none-eabi-9-2020-q2-update/bin/../lib/gcc/arm-none-eabi/9.3.1/../../../../arm-none-eabi/lib/thumb/v7e-m+fp/hard/libnosys.a(read.o)
 .ARM.attributes
                0x0000000000000f97       0x34 /home/cahill/stm32cubeMx/install_bin/gcc-arm-none-eabi-9-2020-q2-update/bin/../lib/gcc/arm-none-eabi/9.3.1/../../../../arm-none-eabi/lib/thumb/v7e-m+fp/hard/libnosys.a(sbrk.o)
 .ARM.attributes
                0x0000000000000fcb       0x34 /home/cahill/stm32cubeMx/install_bin/gcc-arm-none-eabi-9-2020-q2-update/bin/../lib/gcc/arm-none-eabi/9.3.1/../../../../arm-none-eabi/lib/thumb/v7e-m+fp/hard/libnosys.a(_exit.o)
 .ARM.attributes
                0x0000000000000fff       0x1e /home/cahill/stm32cubeMx/install_bin/gcc-arm-none-eabi-9-2020-q2-update/bin/../lib/gcc/arm-none-eabi/9.3.1/thumb/v7e-m+fp/hard/libgcc.a(_arm_addsubdf3.o)
 .ARM.attributes
                0x000000000000101d       0x1e /home/cahill/stm32cubeMx/install_bin/gcc-arm-none-eabi-9-2020-q2-update/bin/../lib/gcc/arm-none-eabi/9.3.1/thumb/v7e-m+fp/hard/libgcc.a(_arm_muldivdf3.o)
 .ARM.attributes
                0x000000000000103b       0x1e /home/cahill/stm32cubeMx/install_bin/gcc-arm-none-eabi-9-2020-q2-update/bin/../lib/gcc/arm-none-eabi/9.3.1/thumb/v7e-m+fp/hard/libgcc.a(_arm_cmpdf2.o)
 .ARM.attributes
                0x0000000000001059       0x1e /home/cahill/stm32cubeMx/install_bin/gcc-arm-none-eabi-9-2020-q2-update/bin/../lib/gcc/arm-none-eabi/9.3.1/thumb/v7e-m+fp/hard/libgcc.a(_arm_unorddf2.o)
 .ARM.attributes
                0x0000000000001077       0x1e /home/cahill/stm32cubeMx/install_bin/gcc-arm-none-eabi-9-2020-q2-update/bin/../lib/gcc/arm-none-eabi/9.3.1/thumb/v7e-m+fp/hard/libgcc.a(_arm_fixdfsi.o)
 .ARM.attributes
                0x0000000000001095       0x1e /home/cahill/stm32cubeMx/install_bin/gcc-arm-none-eabi-9-2020-q2-update/bin/../lib/gcc/arm-none-eabi/9.3.1/thumb/v7e-m+fp/hard/libgcc.a(_arm_fixunsdfsi.o)
 .ARM.attributes
                0x00000000000010b3       0x1e /home/cahill/stm32cubeMx/install_bin/gcc-arm-none-eabi-9-2020-q2-update/bin/../lib/gcc/arm-none-eabi/9.3.1/thumb/v7e-m+fp/hard/libgcc.a(_arm_truncdfsf2.o)
 .ARM.attributes