Archive member included to satisfy reference by file (symbol)

/home/cahill/stm32cubeMx/install_bin/gcc-arm-none-eabi-9-2020-q2-update/bin/../lib/gcc/arm-none-eabi/9.3.1/../../../../arm-none-eabi/lib/thumb/v7e-m+fp/hard/libc.a(lib_a-exit.o)
                              /home/cahill/stm32cubeMx/install_bin/gcc-arm-none-eabi-9-2020-q2-update/bin/../lib/gcc/arm-none-eabi/9.3.1/../../../../arm-none-eabi/lib/thumb/v7e-m+fp/hard/crt0.o (exit)
/home/cahill/stm32cubeMx/install_bin/gcc-arm-none-eabi-9-2020-q2-update/bin/../lib/gcc/arm-none-eabi/9.3.1/../../../../arm-none-eabi/lib/thumb/v7e-m+fp/hard/libc.a(lib_a-impure.o)
                              /home/cahill/stm32cubeMx/install_bin/gcc-arm-none-eabi-9-2020-q2-update/bin/../lib/gcc/arm-none-eabi/9.3.1/../../../../arm-none-eabi/lib/thumb/v7e-m+fp/hard/libc.a(lib_a-exit.o) (_global_impure_ptr)
/home/cahill/stm32cubeMx/install_bin/gcc-arm-none-eabi-9-2020-q2-update/bin/../lib/gcc/arm-none-eabi/9.3.1/../../../../arm-none-eabi/lib/thumb/v7e-m+fp/hard/libc.a(lib_a-init.o)
                              /home/cahill/stm32cubeMx/install_bin/gcc-arm-none-eabi-9-2020-q2-update/bin/../lib/gcc/arm-none-eabi/9.3.1/../../../../arm-none-eabi/lib/thumb/v7e-m+fp/hard/crt0.o (__libc_init_array)
/home/cahill/stm32cubeMx/install_bin/gcc-arm-none-eabi-9-2020-q2-update/bin/../lib/gcc/arm-none-eabi/9.3.1/../../../../arm-none-eabi/lib/thumb/v7e-m+fp/hard/libc.a(lib_a-memset.o)
                              /home/cahill/stm32cubeMx/install_bin/gcc-arm-none-eabi-9-2020-q2-update/bin/../lib/gcc/arm-none-eabi/9.3.1/../../../../arm-none-eabi/lib/thumb/v7e-m+fp/hard/crt0.o (memset)
/home/cahill/stm32cubeMx/install_bin/gcc-arm-none-eabi-9-2020-q2-update/bin/../lib/gcc/arm-none-eabi/9.3.1/../../../../arm-none-eabi/lib/thumb/v7e-m+fp/hard/libc.a(lib_a-__call_atexit.o)
                              /home/cahill/stm32cubeMx/install_bin/gcc-arm-none-eabi-9-2020-q2-update/bin/../lib/gcc/arm-none-eabi/9.3.1/../../../../arm-none-eabi/lib/thumb/v7e-m+fp/hard/libc.a(lib_a-exit.o) (__call_exitprocs)
/home/cahill/stm32cubeMx/install_bin/gcc-arm-none-eabi-9-2020-q2-update/bin/../lib/gcc/arm-none-eabi/9.3.1/../../../../arm-none-eabi/lib/thumb/v7e-m+fp/hard/libc.a(lib_a-atexit.o)
                              /home/cahill/stm32cubeMx/install_bin/gcc-arm-none-eabi-9-2020-q2-update/bin/../lib/gcc/arm-none-eabi/9.3.1/../../../../arm-none-eabi/lib/thumb/v7e-m+fp/hard/libc.a(lib_a-__call_atexit.o) (atexit)
/home/cahill/stm32cubeMx/install_bin/gcc-arm-none-eabi-9-2020-q2-update/bin/../lib/gcc/arm-none-eabi/9.3.1/../../../../arm-none-eabi/lib/thumb/v7e-m+fp/hard/libc.a(lib_a-fini.o)
                              /home/cahill/stm32cubeMx/install_bin/gcc-arm-none-eabi-9-2020-q2-update/bin/../lib/gcc/arm-none-eabi/9.3.1/../../../../arm-none-eabi/lib/thumb/v7e-m+fp/hard/libc.a(lib_a-__call_atexit.o) (__libc_fini_array)
/home/cahill/stm32cubeMx/install_bin/gcc-arm-none-eabi-9-2020-q2-update/bin/../lib/gcc/arm-none-eabi/9.3.1/../../../../arm-none-eabi/lib/thumb/v7e-m+fp/hard/libc.a(lib_a-lock.o)
                              /home/cahill/stm32cubeMx/install_bin/gcc-arm-none-eabi-9-2020-q2-update/bin/../lib/gcc/arm-none-eabi/9.3.1/../../../../arm-none-eabi/lib/thumb/v7e-m+fp/hard/libc.a(lib_a-__call_atexit.o) (__retarget_lock_acquire_recursive)
/home/cahill/stm32cubeMx/install_bin/gcc-arm-none-eabi-9-2020-q2-update/bin/../lib/gcc/arm-none-eabi/9.3.1/../../../../arm-none-eabi/lib/thumb/v7e-m+fp/hard/libc.a(lib_a-__atexit.o)
                              /home/cahill/stm32cubeMx/install_bin/gcc-arm-none-eabi-9-2020-q2-update/bin/../lib/gcc/arm-none-eabi/9.3.1/../../../../arm-none-eabi/lib/thumb/v7e-m+fp/hard/libc.a(lib_a-atexit.o) (__register_exitproc)
/home/cahill/stm32cubeMx/install_bin/gcc-arm-none-eabi-9-2020-q2-update/bin/../lib/gcc/arm-none-eabi/9.3.1/../../../../arm-none-eabi/lib/thumb/v7e-m+fp/hard/libm.a(lib_a-s_round.o)
                              build/mainLoop.o (round)
/home/cahill/stm32cubeMx/install_bin/gcc-arm-none-eabi-9-2020-q2-update/bin/../lib/gcc/arm-none-eabi/9.3.1/../../../../arm-none-eabi/lib/thumb/v7e-m+fp/hard/libm.a(lib_a-s_sin.o)
                              build/mainLoop.o (sin)
/home/cahill/stm32cubeMx/install_bin/gcc-arm-none-eabi-9-2020-q2-update/bin/../lib/gcc/arm-none-eabi/9.3.1/../../../../arm-none-eabi/lib/thumb/v7e-m+fp/hard/libm.a(lib_a-e_rem_pio2.o)
                              /home/cahill/stm32cubeMx/install_bin/gcc-arm-none-eabi-9-2020-q2-update/bin/../lib/gcc/arm-none-eabi/9.3.1/../../../../arm-none-eabi/lib/thumb/v7e-m+fp/hard/libm.a(lib_a-s_sin.o) (__ieee754_rem_pio2)
/home/cahill/stm32cubeMx/install_bin/gcc-arm-none-eabi-9-2020-q2-update/bin/../lib/gcc/arm-none-eabi/9.3.1/../../../../arm-none-eabi/lib/thumb/v7e-m+fp/hard/libm.a(lib_a-k_cos.o)
                              /home/cahill/stm32cubeMx/install_bin/gcc-arm-none-eabi-9-2020-q2-update/bin/../lib/gcc/arm-none-eabi/9.3.1/../../../../arm-none-eabi/lib/thumb/v7e-m+fp/hard/libm.a(lib_a-s_sin.o) (__kernel_cos)
[...]
Memory Configuration

Name             Origin             Length             Attributes
RAM              0x0000000020000000 0x0000000000020000 xrw
CCMRAM           0x0000000010000000 0x0000000000010000 xrw
FLASH            0x0000000008000000 0x0000000000100000 xr
*default*        0x0000000000000000 0xffffffffffffffff

Linker script and memory map

LOAD /home/cahill/stm32cubeMx/install_bin/gcc-arm-none-eabi-9-2020-q2-update/bin/../lib/gcc/arm-none-eabi/9.3.1/thumb/v7e-m+fp/hard/crti.o
LOAD /home/cahill/stm32cubeMx/install_bin/gcc-arm-none-eabi-9-2020-q2-update/bin/../lib/gcc/arm-none-eabi/9.3.1/thumb/v7e-m+fp/hard/crtbegin.o
LOAD /home/cahill/stm32cubeMx/install_bin/gcc-arm-none-eabi-9-2020-q2-update/bin/../lib/gcc/arm-none-eabi/9.3.1/../../../../arm-none-eabi/lib/thumb/v7e-m+fp/hard/crt0.o
LOAD build/main.o
LOAD build/mainLoop.o
LOAD build/ad9520_function.o
LOAD build/stm32f4xx_it.o
LOAD build/stm32f4xx_hal_msp.o
LOAD build/max5307.o
LOAD build/stm32f4xx_hal_tim.o
LOAD build/stm32f4xx_hal_tim_ex.o
LOAD build/stm32f4xx_hal_rcc.o
LOAD build/stm32f4xx_hal_rcc_ex.o
LOAD build/stm32f4xx_hal_flash.o
LOAD build/stm32f4xx_hal_flash_ex.o
LOAD build/stm32f4xx_hal_flash_ramfunc.o
LOAD build/stm32f4xx_hal_gpio.o
LOAD build/stm32f4xx_hal_dma_ex.o
LOAD build/stm32f4xx_hal_dma.o
LOAD build/stm32f4xx_hal_pwr.o
LOAD build/stm32f4xx_hal_pwr_ex.o
LOAD build/stm32f4xx_hal_cortex.o
LOAD build/stm32f4xx_hal.o
LOAD build/stm32f4xx_hal_exti.o
LOAD build/system_stm32f4xx.o
LOAD build/stm32f4xx_hal_spi.o
LOAD build/stm32f4xx_hal_uart.o
LOAD build/stm32f4xx_hal_dac.o
LOAD build/stm32f4xx_hal_dac_ex.o
LOAD build/stm32f4xx_hal_adc.o
LOAD build/stm32f4xx_hal_adc_ex.o
LOAD build/stm32f4xx_hal_can.o
LOAD build/startup_stm32f405xx.o
LOAD /home/cahill/stm32cubeMx/install_bin/gcc-arm-none-eabi-9-2020-q2-update/bin/../lib/gcc/arm-none-eabi/9.3.1/../../../../arm-none-eabi/lib/thumb/v7e-m+fp/hard/libc.a
LOAD /home/cahill/stm32cubeMx/install_bin/gcc-arm-none-eabi-9-2020-q2-update/bin/../lib/gcc/arm-none-eabi/9.3.1/../../../../arm-none-eabi/lib/thumb/v7e-m+fp/hard/libm.a
LOAD /home/cahill/stm32cubeMx/install_bin/gcc-arm-none-eabi-9-2020-q2-update/bin/../lib/gcc/arm-none-eabi/9.3.1/../../../../arm-none-eabi/lib/thumb/v7e-m+fp/hard/libnosys.a
START GROUP
LOAD /home/cahill/stm32cubeMx/install_bin/gcc-arm-none-eabi-9-2020-q2-update/bin/../lib/gcc/arm-none-eabi/9.3.1/thumb/v7e-m+fp/hard/libgcc.a
LOAD /home/cahill/stm32cubeMx/install_bin/gcc-arm-none-eabi-9-2020-q2-update/bin/../lib/gcc/arm-none-eabi/9.3.1/../../../../arm-none-eabi/lib/thumb/v7e-m+fp/hard/libc.a
END GROUP
LOAD /home/cahill/stm32cubeMx/install_bin/gcc-arm-none-eabi-9-2020-q2-update/bin/../lib/gcc/arm-none-eabi/9.3.1/thumb/v7e-m+fp/hard/crtend.o
LOAD /home/cahill/stm32cubeMx/install_bin/gcc-arm-none-eabi-9-2020-q2-update/bin/../lib/gcc/arm-none-eabi/9.3.1/thumb/v7e-m+fp/hard/crtn.o
                0x0000000020020000                _estack = (ORIGIN (RAM) + LENGTH (RAM))
                0x0000000000000200                _Min_Heap_Size = 0x200
                0x0000000000000400                _Min_Stack_Size = 0x400

.isr_vector     0x0000000008000000      0x188
                0x0000000008000000                . = ALIGN (0x4)
 *(.isr_vector)
 .isr_vector    0x0000000008000000      0x188 build/startup_stm32f405xx.o
                0x0000000008000000                g_pfnVectors
                0x0000000008000188                . = ALIGN (0x4)

.text           0x0000000008000188     0x51d4
                0x0000000008000188                . = ALIGN (0x4)
 *(.text)
 .text          0x0000000008000188       0x40 /home/cahill/stm32cubeMx/install_bin/gcc-arm-none-eabi-9-2020-q2-update/bin/../lib/gcc/arm-none-eabi/9.3.1/thumb/v7e-m+fp/hard/crtbegin.o
 .text          0x00000000080001c8      0x378 /home/cahill/stm32cubeMx/install_bin/gcc-arm-none-eabi-9-2020-q2-update/bin/../lib/gcc/arm-none-eabi/9.3.1/thumb/v7e-m+fp/hard/libgcc.a(_arm_addsubdf3.o)
                0x00000000080001c8                __aeabi_drsub
                0x00000000080001d0                __aeabi_dsub
                0x00000000080001d0                __subdf3
                0x00000000080001d4                __adddf3
                0x00000000080001d4                __aeabi_dadd
                0x000000000800044c                __aeabi_ui2d
                0x000000000800044c                __floatunsidf
                0x000000000800046c                __floatsidf
                0x000000000800046c                __aeabi_i2d
                0x0000000008000490                __extendsfdf2
                0x0000000008000490                __aeabi_f2d
                0x00000000080004d4                __aeabi_ul2d
                0x00000000080004d4                __floatundidf
                0x00000000080004e4                __floatdidf
                0x00000000080004e4                __aeabi_l2d
 .text          0x0000000008000540      0x424 /home/cahill/stm32cubeMx/install_bin/gcc-arm-none-eabi-9-2020-q2-update/bin/../lib/gcc/arm-none-eabi/9.3.1/thumb/v7e-m+fp/hard/libgcc.a(_arm_muldivdf3.o)
                0x0000000008000540                __aeabi_dmul
                0x0000000008000540                __muldf3
                0x0000000008000794                __aeabi_ddiv
                0x0000000008000794                __divdf3
 .text          0x0000000008000964       0x50 /home/cahill/stm32cubeMx/install_bin/gcc-arm-none-eabi-9-2020-q2-update/bin/../lib/gcc/arm-none-eabi/9.3.1/thumb/v7e-m+fp/hard/libgcc.a(_arm_fixdfsi.o)
                0x0000000008000964                __fixdfsi
                0x0000000008000964                __aeabi_d2iz
 .text          0x00000000080009b4       0x40 /home/cahill/stm32cubeMx/install_bin/gcc-arm-none-eabi-9-2020-q2-update/bin/../lib/gcc/arm-none-eabi/9.3.1/thumb/v7e-m+fp/hard/libgcc.a(_arm_fixunsdfsi.o)
                0x00000000080009b4                __fixunsdfsi
                0x00000000080009b4                __aeabi_d2uiz
 .text          0x00000000080009f4       0xa0 /home/cahill/stm32cubeMx/install_bin/gcc-arm-none-eabi-9-2020-q2-update/bin/../lib/gcc/arm-none-eabi/9.3.1/thumb/v7e-m+fp/hard/libgcc.a(_arm_truncdfsf2.o)
                0x00000000080009f4                __aeabi_d2f
                0x00000000080009f4                __truncdfsf2
 .text          0x0000000008000a94       0x30 /home/cahill/stm32cubeMx/install_bin/gcc-arm-none-eabi-9-2020-q2-update/bin/../lib/gcc/arm-none-eabi/9.3.1/thumb/v7e-m+fp/hard/libgcc.a(_aeabi_uldivmod.o)
                0x0000000008000a94                __aeabi_uldivmod
 .text          0x0000000008000ac4      0x2c4 /home/cahill/stm32cubeMx/install_bin/gcc-arm-none-eabi-9-2020-q2-update/bin/../lib/gcc/arm-none-eabi/9.3.1/thumb/v7e-m+fp/hard/libgcc.a(_udivmoddi4.o)
                0x0000000008000ac4                __udivmoddi4
 .text          0x0000000008000d88        0x4 /home/cahill/stm32cubeMx/install_bin/gcc-arm-none-eabi-9-2020-q2-update/bin/../lib/gcc/arm-none-eabi/9.3.1/thumb/v7e-m+fp/hard/libgcc.a(_dvmd_tls.o)
                0x0000000008000d88                __aeabi_ldiv0
                0x0000000008000d88                __aeabi_idiv0
 *(.text*)
 .text.MX_GPIO_Init
                0x0000000008000d8c       0xd4 build/main.o
 .text.MX_DMA_Init
                0x0000000008000e60       0x68 build/main.o
 .text.MX_SPI1_Init
                0x0000000008000ec8       0x40 build/main.o
 .text.MX_SPI2_Init
                0x0000000008000f08       0x40 build/main.o
 .text.MX_DAC_Init
                0x0000000008000f48       0x30 build/main.o
 .text.MX_TIM4_Init
                0x0000000008000f78       0x5c build/main.o
 .text.MX_TIM1_Init
                0x0000000008000fd4       0x5c build/main.o
 .text.MX_TIM5_Init
                0x0000000008001030       0x54 build/main.o
 .text.MX_ADC1_Init
                0x0000000008001084       0x5c build/main.o
 .text.MX_ADC2_Init
                0x00000000080010e0       0x5c build/main.o
 .text.MX_CAN1_Init
                0x000000000800113c       0x38 build/main.o
 .text.MX_CAN2_Init
                0x0000000008001174       0x38 build/main.o
 .text.SystemClock_Config
                0x00000000080011ac       0xa8 build/main.o
                0x00000000080011ac                SystemClock_Config
 .text.main     0x0000000008001254       0x40 build/main.o
                0x0000000008001254                main
 .text.MX_USART2_UART_Init
                0x0000000008001294       0x2c build/main.o
                0x0000000008001294                MX_USART2_UART_Init
 .text.Error_Handler
                0x00000000080012c0        0x2 build/main.o
                0x00000000080012c0                Error_Handler
 *fill*         0x00000000080012c2        0x2 
 .text.HAL_TIM_IC_CaptureCallback
                0x00000000080012c4       0x5c build/mainLoop.o
                0x00000000080012c4                HAL_TIM_IC_CaptureCallback
 .text.HAL_TIM_PeriodElapsedCallback
                0x0000000008001320       0x54 build/mainLoop.o
                0x0000000008001320                HAL_TIM_PeriodElapsedCallback
 *fill*         0x0000000008001374        0x4 
 .text.HAL_UART_RxCpltCallback
                0x0000000008001378      0x15c build/mainLoop.o
                0x0000000008001378                HAL_UART_RxCpltCallback
 .text.set_dac_initVal
                0x00000000080014d4       0x5a build/mainLoop.o
                0x00000000080014d4                set_dac_initVal
 *fill*         0x000000000800152e        0x2 
 .text.cal_cp_output_dac_ext_1
                0x0000000008001530      0x1fc build/mainLoop.o
                0x0000000008001530                cal_cp_output_dac_ext_1
 .text.mainLoop1
                0x000000000800172c      0x114 build/mainLoop.o
                0x000000000800172c                mainLoop1
 .text.HAL_ADC_ConvCpltCallback
                0x0000000008001840       0x9c build/mainLoop.o
                0x0000000008001840                HAL_ADC_ConvCpltCallback
 .text.HAL_UART_TxCpltCallback
                0x00000000080018dc       0x3c build/mainLoop.o
                0x00000000080018dc                HAL_UART_TxCpltCallback
 .text.init_ad9520_spiport
                0x0000000008001918       0x14 build/ad9520_function.o
                0x0000000008001918                init_ad9520_spiport
 .text.write_ad9520_reg
                0x000000000800192c       0x64 build/ad9520_function.o
                0x000000000800192c                write_ad9520_reg
 .text.read_ad9520_reg
                0x0000000008001990       0x48 build/ad9520_function.o
                0x0000000008001990                read_ad9520_reg
 .text.read_ad9520_all_regs_setdefaultVal
                0x00000000080019d8       0x44 build/ad9520_function.o
                0x00000000080019d8                read_ad9520_all_regs_setdefaultVal
 .text.update_ad9520_regs
                0x0000000008001a1c       0x28 build/ad9520_function.o
                0x0000000008001a1c                update_ad9520_regs
 .text.set_ad9520_spiport
                0x0000000008001a44       0x54 build/ad9520_function.o
                0x0000000008001a44                set_ad9520_spiport
 .text.set_ad9520_eeprom_custom_id_reg
                0x0000000008001a98       0x18 build/ad9520_function.o
                0x0000000008001a98                set_ad9520_eeprom_custom_id_reg
 .text.set_custom_val
                0x0000000008001ab0      0x36c build/ad9520_function.o
                0x0000000008001ab0                set_custom_val
 .text.init_ad9520
                0x0000000008001e1c       0x38 build/ad9520_function.o
                0x0000000008001e1c                init_ad9520
 .text.NMI_Handler
                0x0000000008001e54        0x2 build/stm32f4xx_it.o
                0x0000000008001e54                NMI_Handler
 .text.HardFault_Handler
                0x0000000008001e56        0x2 build/stm32f4xx_it.o
                0x0000000008001e56                HardFault_Handler
 .text.MemManage_Handler
                0x0000000008001e58        0x2 build/stm32f4xx_it.o
                0x0000000008001e58                MemManage_Handler
 .text.BusFault_Handler
                0x0000000008001e5a        0x2 build/stm32f4xx_it.o
                0x0000000008001e5a                BusFault_Handler
 .text.UsageFault_Handler
                0x0000000008001e5c        0x2 build/stm32f4xx_it.o
                0x0000000008001e5c                UsageFault_Handler
 .text.SVC_Handler
                0x0000000008001e5e        0x2 build/stm32f4xx_it.o
                0x0000000008001e5e                SVC_Handler
 .text.DebugMon_Handler
                0x0000000008001e60        0x2 build/stm32f4xx_it.o
                0x0000000008001e60                DebugMon_Handler
 .text.PendSV_Handler
                0x0000000008001e62        0x2 build/stm32f4xx_it.o
                0x0000000008001e62                PendSV_Handler
 .text.SysTick_Handler
                0x0000000008001e64        0x8 build/stm32f4xx_it.o
                0x0000000008001e64                SysTick_Handler
 .text.DMA1_Stream6_IRQHandler
                0x0000000008001e6c       0x10 build/stm32f4xx_it.o
                0x0000000008001e6c                DMA1_Stream6_IRQHandler
 .text.CAN1_RX1_IRQHandler
                0x0000000008001e7c       0x10 build/stm32f4xx_it.o
                0x0000000008001e7c                CAN1_RX1_IRQHandler
 .text.USART2_IRQHandler
                0x0000000008001e8c       0x10 build/stm32f4xx_it.o
                0x0000000008001e8c                USART2_IRQHandler
 .text.TIM5_IRQHandler
                0x0000000008001e9c       0x10 build/stm32f4xx_it.o
                0x0000000008001e9c                TIM5_IRQHandler
 .text.DMA2_Stream0_IRQHandler
                0x0000000008001eac       0x10 build/stm32f4xx_it.o
                0x0000000008001eac                DMA2_Stream0_IRQHandler
 .text.DMA2_Stream2_IRQHandler
                0x0000000008001ebc       0x10 build/stm32f4xx_it.o
                0x0000000008001ebc                DMA2_Stream2_IRQHandler
 .text.CAN2_RX0_IRQHandler
                0x0000000008001ecc       0x10 build/stm32f4xx_it.o
                0x0000000008001ecc                CAN2_RX0_IRQHandler
 .text.HAL_MspInit
                0x0000000008001edc       0x38 build/stm32f4xx_hal_msp.o
                0x0000000008001edc                HAL_MspInit
 .text.HAL_ADC_MspInit
                0x0000000008001f14      0x134 build/stm32f4xx_hal_msp.o
                0x0000000008001f14                HAL_ADC_MspInit
 .text.HAL_CAN_MspInit
                0x0000000008002048      0x12c build/stm32f4xx_hal_msp.o
                0x0000000008002048                HAL_CAN_MspInit
 .text.HAL_DAC_MspInit
                0x0000000008002174       0x68 build/stm32f4xx_hal_msp.o
                0x0000000008002174                HAL_DAC_MspInit
 .text.HAL_SPI_MspInit
                0x00000000080021dc       0xf4 build/stm32f4xx_hal_msp.o
                0x00000000080021dc                HAL_SPI_MspInit
 .text.HAL_TIM_Base_MspInit
                0x00000000080022d0       0xf8 build/stm32f4xx_hal_msp.o
                0x00000000080022d0                HAL_TIM_Base_MspInit
 .text.HAL_UART_MspInit
                0x00000000080023c8       0xbc build/stm32f4xx_hal_msp.o
                0x00000000080023c8                HAL_UART_MspInit
 .text.init_max5307
                0x0000000008002484       0x98 build/max5307.o
                0x0000000008002484                init_max5307
 .text.max5307_loadpin
                0x000000000800251c       0x24 build/max5307.o
                0x000000000800251c                max5307_loadpin
 .text.max5307_w_chanel
                0x0000000008002540       0x94 build/max5307.o
                0x0000000008002540                max5307_w_chanel
 .text.max5307_enable_ori_chanel
                0x00000000080025d4       0x54 build/max5307.o
                0x00000000080025d4                max5307_enable_ori_chanel
 .text.TIM_TI1_ConfigInputStage
                0x0000000008002628       0x24 build/stm32f4xx_hal_tim.o
 .text.TIM_TI2_ConfigInputStage
                0x000000000800264c       0x26 build/stm32f4xx_hal_tim.o
 .text.TIM_ITRx_SetConfig
                0x0000000008002672       0x10 build/stm32f4xx_hal_tim.o
 .text.HAL_TIM_OC_DelayElapsedCallback
                0x0000000008002682        0x2 build/stm32f4xx_hal_tim.o
                0x0000000008002682                HAL_TIM_OC_DelayElapsedCallback
 .text.HAL_TIM_PWM_PulseFinishedCallback
                0x0000000008002684        0x2 build/stm32f4xx_hal_tim.o
                0x0000000008002684                HAL_TIM_PWM_PulseFinishedCallback
 .text.HAL_TIM_TriggerCallback
                0x0000000008002686        0x2 build/stm32f4xx_hal_tim.o
                0x0000000008002686                HAL_TIM_TriggerCallback
 .text.HAL_TIM_IRQHandler
                0x0000000008002688      0x17a build/stm32f4xx_hal_tim.o
                0x0000000008002688                HAL_TIM_IRQHandler
 *fill*         0x0000000008002802        0x2 
 .text.TIM_Base_SetConfig
                0x0000000008002804       0xc8 build/stm32f4xx_hal_tim.o
                0x0000000008002804                TIM_Base_SetConfig
 .text.HAL_TIM_Base_Init
                0x00000000080028cc       0x34 build/stm32f4xx_hal_tim.o
                0x00000000080028cc                HAL_TIM_Base_Init
 .text.TIM_ETR_SetConfig
                0x0000000008002900       0x18 build/stm32f4xx_hal_tim.o
                0x0000000008002900                TIM_ETR_SetConfig
 .text.HAL_TIM_ConfigClockSource
                0x0000000008002918       0xda build/stm32f4xx_hal_tim.o
                0x0000000008002918                HAL_TIM_ConfigClockSource
 .text.TIM_SlaveTimer_SetConfig
                0x00000000080029f2       0x8e build/stm32f4xx_hal_tim.o
 .text.HAL_TIM_SlaveConfigSynchro
                0x0000000008002a80       0x52 build/stm32f4xx_hal_tim.o
                0x0000000008002a80                HAL_TIM_SlaveConfigSynchro
 *fill*         0x0000000008002ad2        0x2 
 .text.HAL_TIMEx_MasterConfigSynchronization
                0x0000000008002ad4       0x88 build/stm32f4xx_hal_tim_ex.o
                0x0000000008002ad4                HAL_TIMEx_MasterConfigSynchronization
 .text.HAL_TIMEx_CommutCallback
                0x0000000008002b5c        0x2 build/stm32f4xx_hal_tim_ex.o
                0x0000000008002b5c                HAL_TIMEx_CommutCallback
 .text.HAL_TIMEx_BreakCallback
                0x0000000008002b5e        0x2 build/stm32f4xx_hal_tim_ex.o
                0x0000000008002b5e                HAL_TIMEx_BreakCallback
 .text.HAL_RCC_OscConfig
                0x0000000008002b60      0x3ec build/stm32f4xx_hal_rcc.o
                0x0000000008002b60                HAL_RCC_OscConfig
 .text.HAL_RCC_MCOConfig
                0x0000000008002f4c       0x9c build/stm32f4xx_hal_rcc.o
                0x0000000008002f4c                HAL_RCC_MCOConfig
 .text.HAL_RCC_GetSysClockFreq
                0x0000000008002fe8       0xa0 build/stm32f4xx_hal_rcc.o
                0x0000000008002fe8                HAL_RCC_GetSysClockFreq
 .text.HAL_RCC_ClockConfig
                0x0000000008003088      0x160 build/stm32f4xx_hal_rcc.o
                0x0000000008003088                HAL_RCC_ClockConfig
 .text.HAL_RCC_GetHCLKFreq
                0x00000000080031e8        0xc build/stm32f4xx_hal_rcc.o
                0x00000000080031e8                HAL_RCC_GetHCLKFreq
 .text.HAL_RCC_GetPCLK1Freq
                0x00000000080031f4       0x20 build/stm32f4xx_hal_rcc.o
                0x00000000080031f4                HAL_RCC_GetPCLK1Freq
 .text.HAL_RCC_GetPCLK2Freq
                0x0000000008003214       0x20 build/stm32f4xx_hal_rcc.o
                0x0000000008003214                HAL_RCC_GetPCLK2Freq
 .text.HAL_GPIO_Init
                0x0000000008003234      0x1cc build/stm32f4xx_hal_gpio.o
                0x0000000008003234                HAL_GPIO_Init
 .text.HAL_GPIO_WritePin
                0x0000000008003400        0xc build/stm32f4xx_hal_gpio.o
                0x0000000008003400                HAL_GPIO_WritePin
 .text.HAL_GPIO_TogglePin
                0x000000000800340c       0x12 build/stm32f4xx_hal_gpio.o
                0x000000000800340c                HAL_GPIO_TogglePin
 .text.DMA_SetConfig
                0x000000000800341e       0x2c build/stm32f4xx_hal_dma.o
 *fill*         0x000000000800344a        0x2 
 .text.DMA_CalcBaseAndBitshift
                0x000000000800344c       0x44 build/stm32f4xx_hal_dma.o
 .text.DMA_CheckFifoParam
                0x0000000008003490       0x8e build/stm32f4xx_hal_dma.o
 *fill*         0x000000000800351e        0x2 
 .text.HAL_DMA_Init
                0x0000000008003520       0xcc build/stm32f4xx_hal_dma.o
                0x0000000008003520                HAL_DMA_Init
 .text.HAL_DMA_Start_IT
                0x00000000080035ec       0x6a build/stm32f4xx_hal_dma.o
                0x00000000080035ec                HAL_DMA_Start_IT
 .text.HAL_DMA_Abort_IT
                0x0000000008003656       0x26 build/stm32f4xx_hal_dma.o
                0x0000000008003656                HAL_DMA_Abort_IT
 .text.HAL_DMA_IRQHandler
                0x000000000800367c      0x1dc build/stm32f4xx_hal_dma.o
                0x000000000800367c                HAL_DMA_IRQHandler
 .text.HAL_NVIC_SetPriorityGrouping
                0x0000000008003858       0x24 build/stm32f4xx_hal_cortex.o
                0x0000000008003858                HAL_NVIC_SetPriorityGrouping
 .text.HAL_NVIC_SetPriority
                0x000000000800387c       0x68 build/stm32f4xx_hal_cortex.o
                0x000000000800387c                HAL_NVIC_SetPriority
 .text.HAL_NVIC_EnableIRQ
                0x00000000080038e4       0x1c build/stm32f4xx_hal_cortex.o
                0x00000000080038e4                HAL_NVIC_EnableIRQ
 .text.HAL_SYSTICK_Config
                0x0000000008003900       0x2c build/stm32f4xx_hal_cortex.o
                0x0000000008003900                HAL_SYSTICK_Config
 .text.HAL_InitTick
                0x000000000800392c       0x4c build/stm32f4xx_hal.o
                0x000000000800392c                HAL_InitTick
 .text.HAL_Init
                0x0000000008003978       0x34 build/stm32f4xx_hal.o
                0x0000000008003978                HAL_Init
 .text.HAL_IncTick
                0x00000000080039ac       0x18 build/stm32f4xx_hal.o
                0x00000000080039ac                HAL_IncTick
 .text.HAL_GetTick
                0x00000000080039c4        0xc build/stm32f4xx_hal.o
                0x00000000080039c4                HAL_GetTick
 .text.HAL_Delay
                0x00000000080039d0       0x28 build/stm32f4xx_hal.o
                0x00000000080039d0                HAL_Delay
 .text.SystemInit
                0x00000000080039f8       0x1c build/system_stm32f4xx.o
                0x00000000080039f8                SystemInit
 .text.SPI_WaitFlagStateUntilTimeout
                0x0000000008003a14       0x94 build/stm32f4xx_hal_spi.o
 .text.SPI_EndRxTxTransaction
                0x0000000008003aa8       0x68 build/stm32f4xx_hal_spi.o
 .text.SPI_EndRxTransaction
                0x0000000008003b10       0x8c build/stm32f4xx_hal_spi.o
 .text.HAL_SPI_Init
                0x0000000008003b9c       0x80 build/stm32f4xx_hal_spi.o
                0x0000000008003b9c                HAL_SPI_Init
 .text.HAL_SPI_Transmit
                0x0000000008003c1c      0x1a4 build/stm32f4xx_hal_spi.o
                0x0000000008003c1c                HAL_SPI_Transmit
 .text.HAL_SPI_TransmitReceive
                0x0000000008003dc0      0x238 build/stm32f4xx_hal_spi.o
                0x0000000008003dc0                HAL_SPI_TransmitReceive
 .text.HAL_SPI_Receive
                0x0000000008003ff8      0x166 build/stm32f4xx_hal_spi.o
                0x0000000008003ff8                HAL_SPI_Receive
 .text.UART_EndTxTransfer
                0x000000000800415e       0x12 build/stm32f4xx_hal_uart.o
 .text.UART_EndRxTransfer
                0x0000000008004170       0x1c build/stm32f4xx_hal_uart.o
 .text.UART_Transmit_IT
                0x000000000800418c       0x66 build/stm32f4xx_hal_uart.o
 *fill*         0x00000000080041f2        0x2 
 .text.UART_SetConfig
                0x00000000080041f4      0x1e8 build/stm32f4xx_hal_uart.o
 .text.HAL_UART_Init
                0x00000000080043dc       0x5e build/stm32f4xx_hal_uart.o
                0x00000000080043dc                HAL_UART_Init
 .text.HAL_UART_Receive_IT
                0x000000000800443a       0x5c build/stm32f4xx_hal_uart.o
                0x000000000800443a                HAL_UART_Receive_IT
 *fill*         0x0000000008004496        0x2 
 .text.HAL_UART_Transmit_DMA
                0x0000000008004498       0x8c build/stm32f4xx_hal_uart.o
                0x0000000008004498                HAL_UART_Transmit_DMA
 .text.UART_DMATransmitCplt
                0x0000000008004524       0x30 build/stm32f4xx_hal_uart.o
 .text.UART_EndTransmit_IT
                0x0000000008004554       0x1a build/stm32f4xx_hal_uart.o
 .text.HAL_UART_TxHalfCpltCallback
                0x000000000800456e        0x2 build/stm32f4xx_hal_uart.o
                0x000000000800456e                HAL_UART_TxHalfCpltCallback
 .text.UART_DMATxHalfCplt
                0x0000000008004570        0xa build/stm32f4xx_hal_uart.o
 .text.UART_Receive_IT
                0x000000000800457a       0x9e build/stm32f4xx_hal_uart.o
 .text.HAL_UART_ErrorCallback
                0x0000000008004618        0x2 build/stm32f4xx_hal_uart.o
                0x0000000008004618                HAL_UART_ErrorCallback
 .text.UART_DMAError
                0x000000000800461a       0x58 build/stm32f4xx_hal_uart.o
 *fill*         0x0000000008004672        0x2 
 .text.HAL_UART_IRQHandler
                0x0000000008004674      0x128 build/stm32f4xx_hal_uart.o
                0x0000000008004674                HAL_UART_IRQHandler
 .text.UART_DMAAbortOnError
                0x000000000800479c       0x10 build/stm32f4xx_hal_uart.o
 .text.HAL_DAC_Init
                0x00000000080047ac       0x24 build/stm32f4xx_hal_dac.o
                0x00000000080047ac                HAL_DAC_Init
 .text.HAL_DAC_ConfigChannel
                0x00000000080047d0       0x4a build/stm32f4xx_hal_dac.o
                0x00000000080047d0                HAL_DAC_ConfigChannel
 .text.HAL_DAC_SetValue
                0x000000000800481a       0x2e build/stm32f4xx_hal_dac.o
                0x000000000800481a                HAL_DAC_SetValue
 .text.ADC_Init
                0x0000000008004848      0x134 build/stm32f4xx_hal_adc.o
 .text.HAL_ADC_Init
                0x000000000800497c       0x56 build/stm32f4xx_hal_adc.o
                0x000000000800497c                HAL_ADC_Init
 *fill*         0x00000000080049d2        0x2 
 .text.HAL_ADC_Start_DMA
                0x00000000080049d4      0x17c build/stm32f4xx_hal_adc.o
                0x00000000080049d4                HAL_ADC_Start_DMA
 .text.HAL_ADC_ConvHalfCpltCallback
                0x0000000008004b50        0x2 build/stm32f4xx_hal_adc.o
                0x0000000008004b50                HAL_ADC_ConvHalfCpltCallback
 .text.ADC_DMAHalfConvCplt
                0x0000000008004b52        0xa build/stm32f4xx_hal_adc.o
 .text.HAL_ADC_ErrorCallback
                0x0000000008004b5c        0x2 build/stm32f4xx_hal_adc.o
                0x0000000008004b5c                HAL_ADC_ErrorCallback
 .text.ADC_DMAError
                0x0000000008004b5e       0x16 build/stm32f4xx_hal_adc.o
 .text.ADC_DMAConvCplt
                0x0000000008004b74       0x72 build/stm32f4xx_hal_adc.o
 *fill*         0x0000000008004be6        0x2 
 .text.HAL_ADC_ConfigChannel
                0x0000000008004be8      0x190 build/stm32f4xx_hal_adc.o
                0x0000000008004be8                HAL_ADC_ConfigChannel
 .text.HAL_CAN_Init
                0x0000000008004d78      0x14c build/stm32f4xx_hal_can.o
                0x0000000008004d78                HAL_CAN_Init
 .text.HAL_CAN_TxMailbox0CompleteCallback
                0x0000000008004ec4        0x2 build/stm32f4xx_hal_can.o
                0x0000000008004ec4                HAL_CAN_TxMailbox0CompleteCallback
 .text.HAL_CAN_TxMailbox1CompleteCallback
                0x0000000008004ec6        0x2 build/stm32f4xx_hal_can.o
                0x0000000008004ec6                HAL_CAN_TxMailbox1CompleteCallback
 .text.HAL_CAN_TxMailbox2CompleteCallback
                0x0000000008004ec8        0x2 build/stm32f4xx_hal_can.o
                0x0000000008004ec8                HAL_CAN_TxMailbox2CompleteCallback
 .text.HAL_CAN_TxMailbox0AbortCallback
                0x0000000008004eca        0x2 build/stm32f4xx_hal_can.o
                0x0000000008004eca                HAL_CAN_TxMailbox0AbortCallback
 .text.HAL_CAN_TxMailbox1AbortCallback
                0x0000000008004ecc        0x2 build/stm32f4xx_hal_can.o
                0x0000000008004ecc                HAL_CAN_TxMailbox1AbortCallback
 .text.HAL_CAN_TxMailbox2AbortCallback
                0x0000000008004ece        0x2 build/stm32f4xx_hal_can.o
                0x0000000008004ece                HAL_CAN_TxMailbox2AbortCallback
 .text.HAL_CAN_RxFifo0MsgPendingCallback
                0x0000000008004ed0        0x2 build/stm32f4xx_hal_can.o
                0x0000000008004ed0                HAL_CAN_RxFifo0MsgPendingCallback
 .text.HAL_CAN_RxFifo0FullCallback
                0x0000000008004ed2        0x2 build/stm32f4xx_hal_can.o
                0x0000000008004ed2                HAL_CAN_RxFifo0FullCallback
 .text.HAL_CAN_RxFifo1MsgPendingCallback
                0x0000000008004ed4        0x2 build/stm32f4xx_hal_can.o
                0x0000000008004ed4                HAL_CAN_RxFifo1MsgPendingCallback
 .text.HAL_CAN_RxFifo1FullCallback
                0x0000000008004ed6        0x2 build/stm32f4xx_hal_can.o
                0x0000000008004ed6                HAL_CAN_RxFifo1FullCallback
 .text.HAL_CAN_SleepCallback
                0x0000000008004ed8        0x2 build/stm32f4xx_hal_can.o
                0x0000000008004ed8                HAL_CAN_SleepCallback
 .text.HAL_CAN_WakeUpFromRxMsgCallback
                0x0000000008004eda        0x2 build/stm32f4xx_hal_can.o
                0x0000000008004eda                HAL_CAN_WakeUpFromRxMsgCallback
 .text.HAL_CAN_ErrorCallback
                0x0000000008004edc        0x2 build/stm32f4xx_hal_can.o
                0x0000000008004edc                HAL_CAN_ErrorCallback
 .text.HAL_CAN_IRQHandler
                0x0000000008004ede      0x24a build/stm32f4xx_hal_can.o
                0x0000000008004ede                HAL_CAN_IRQHandler
 .text.Reset_Handler
                0x0000000008005128       0x50 build/startup_stm32f405xx.o
                0x0000000008005128                Reset_Handler
 .text.Default_Handler
                0x0000000008005178        0x2 build/startup_stm32f405xx.o
                0x0000000008005178                RTC_Alarm_IRQHandler
                0x0000000008005178                HASH_RNG_IRQHandler
                0x0000000008005178                EXTI2_IRQHandler
                0x0000000008005178                TIM8_CC_IRQHandler
                0x0000000008005178                TIM1_CC_IRQHandler
                0x0000000008005178                DMA2_Stream5_IRQHandler
                0x0000000008005178                DMA1_Stream5_IRQHandler
                0x0000000008005178                PVD_IRQHandler
                0x0000000008005178                SDIO_IRQHandler
                0x0000000008005178                TAMP_STAMP_IRQHandler
                0x0000000008005178                CAN2_RX1_IRQHandler
                0x0000000008005178                EXTI3_IRQHandler
                0x0000000008005178                TIM8_TRG_COM_TIM14_IRQHandler
                0x0000000008005178                TIM1_UP_TIM10_IRQHandler
                0x0000000008005178                TIM8_UP_TIM13_IRQHandler
                0x0000000008005178                I2C3_ER_IRQHandler
                0x0000000008005178                EXTI0_IRQHandler
                0x0000000008005178                I2C2_EV_IRQHandler
                0x0000000008005178                DMA1_Stream2_IRQHandler
                0x0000000008005178                CAN1_RX0_IRQHandler
                0x0000000008005178                FPU_IRQHandler
                0x0000000008005178                OTG_HS_WKUP_IRQHandler
                0x0000000008005178                CAN2_SCE_IRQHandler
                0x0000000008005178                SPI1_IRQHandler
                0x0000000008005178                TIM6_DAC_IRQHandler
                0x0000000008005178                TIM1_BRK_TIM9_IRQHandler
                0x0000000008005178                DMA2_Stream3_IRQHandler
                0x0000000008005178                USART6_IRQHandler
                0x0000000008005178                USART3_IRQHandler
                0x0000000008005178                UART5_IRQHandler
                0x0000000008005178                TIM4_IRQHandler
                0x0000000008005178                I2C1_EV_IRQHandler
                0x0000000008005178                DMA1_Stream1_IRQHandler
                0x0000000008005178                UART4_IRQHandler
                0x0000000008005178                TIM3_IRQHandler
                0x0000000008005178                RCC_IRQHandler
                0x0000000008005178                TIM8_BRK_TIM12_IRQHandler
                0x0000000008005178                Default_Handler
                0x0000000008005178                EXTI15_10_IRQHandler
                0x0000000008005178                ADC_IRQHandler
                0x0000000008005178                DMA1_Stream7_IRQHandler
                0x0000000008005178                TIM7_IRQHandler
                0x0000000008005178                CAN2_TX_IRQHandler
                0x0000000008005178                DMA2_Stream7_IRQHandler
                0x0000000008005178                I2C3_EV_IRQHandler
                0x0000000008005178                EXTI9_5_IRQHandler
                0x0000000008005178                RTC_WKUP_IRQHandler
                0x0000000008005178                SPI2_IRQHandler
                0x0000000008005178                OTG_HS_EP1_IN_IRQHandler
                0x0000000008005178                DMA1_Stream0_IRQHandler
                0x0000000008005178                CAN1_TX_IRQHandler
                0x0000000008005178                EXTI4_IRQHandler
                0x0000000008005178                FSMC_IRQHandler
                0x0000000008005178                OTG_HS_EP1_OUT_IRQHandler
                0x0000000008005178                WWDG_IRQHandler
                0x0000000008005178                TIM2_IRQHandler
                0x0000000008005178                OTG_FS_WKUP_IRQHandler
                0x0000000008005178                TIM1_TRG_COM_TIM11_IRQHandler
                0x0000000008005178                OTG_HS_IRQHandler
                0x0000000008005178                EXTI1_IRQHandler
                0x0000000008005178                I2C2_ER_IRQHandler
                0x0000000008005178                DMA2_Stream1_IRQHandler
                0x0000000008005178                CAN1_SCE_IRQHandler
                0x0000000008005178                FLASH_IRQHandler
                0x0000000008005178                DMA2_Stream4_IRQHandler
                0x0000000008005178                USART1_IRQHandler
                0x0000000008005178                OTG_FS_IRQHandler
                0x0000000008005178                SPI3_IRQHandler
                0x0000000008005178                DMA1_Stream4_IRQHandler
                0x0000000008005178                I2C1_ER_IRQHandler
                0x0000000008005178                DMA2_Stream6_IRQHandler
                0x0000000008005178                DMA1_Stream3_IRQHandler
 *fill*         0x000000000800517a        0x2 
 .text.__libc_init_array
                0x000000000800517c       0x48 /home/cahill/stm32cubeMx/install_bin/gcc-arm-none-eabi-9-2020-q2-update/bin/../lib/gcc/arm-none-eabi/9.3.1/../../../../arm-none-eabi/lib/thumb/v7e-m+fp/hard/libc.a(lib_a-init.o)
                0x000000000800517c                __libc_init_array
 .text.memset   0x00000000080051c4       0xa0 /home/cahill/stm32cubeMx/install_bin/gcc-arm-none-eabi-9-2020-q2-update/bin/../lib/gcc/arm-none-eabi/9.3.1/../../../../arm-none-eabi/lib/thumb/v7e-m+fp/hard/libc.a(lib_a-memset.o)
                0x00000000080051c4                memset
 .text.startup.register_fini
                0x0000000008005264       0x14 /home/cahill/stm32cubeMx/install_bin/gcc-arm-none-eabi-9-2020-q2-update/bin/../lib/gcc/arm-none-eabi/9.3.1/../../../../arm-none-eabi/lib/thumb/v7e-m+fp/hard/libc.a(lib_a-__call_atexit.o)
 .text.atexit   0x0000000008005278        0xc /home/cahill/stm32cubeMx/install_bin/gcc-arm-none-eabi-9-2020-q2-update/bin/../lib/gcc/arm-none-eabi/9.3.1/../../../../arm-none-eabi/lib/thumb/v7e-m+fp/hard/libc.a(lib_a-atexit.o)
                0x0000000008005278                atexit
 .text.__libc_fini_array
                0x0000000008005284       0x2c /home/cahill/stm32cubeMx/install_bin/gcc-arm-none-eabi-9-2020-q2-update/bin/../lib/gcc/arm-none-eabi/9.3.1/../../../../arm-none-eabi/lib/thumb/v7e-m+fp/hard/libc.a(lib_a-fini.o)
                0x0000000008005284                __libc_fini_array
 .text.__retarget_lock_acquire_recursive
                0x00000000080052b0        0x4 /home/cahill/stm32cubeMx/install_bin/gcc-arm-none-eabi-9-2020-q2-update/bin/../lib/gcc/arm-none-eabi/9.3.1/../../../../arm-none-eabi/lib/thumb/v7e-m+fp/hard/libc.a(lib_a-lock.o)
                0x00000000080052b0                __retarget_lock_acquire_recursive
 .text.__retarget_lock_release_recursive
                0x00000000080052b4        0x4 /home/cahill/stm32cubeMx/install_bin/gcc-arm-none-eabi-9-2020-q2-update/bin/../lib/gcc/arm-none-eabi/9.3.1/../../../../arm-none-eabi/lib/thumb/v7e-m+fp/hard/libc.a(lib_a-lock.o)
                0x00000000080052b4                __retarget_lock_release_recursive
 .text.__register_exitproc
                0x00000000080052b8       0x8c /home/cahill/stm32cubeMx/install_bin/gcc-arm-none-eabi-9-2020-q2-update/bin/../lib/gcc/arm-none-eabi/9.3.1/../../../../arm-none-eabi/lib/thumb/v7e-m+fp/hard/libc.a(lib_a-__atexit.o)
                0x00000000080052b8                __register_exitproc
 *(.glue_7)
 .glue_7        0x0000000008005344        0x0 linker stubs
 *(.glue_7t)
 .glue_7t       0x0000000008005344        0x0 linker stubs
 *(.eh_frame)
 .eh_frame      0x0000000008005344        0x0 /home/cahill/stm32cubeMx/install_bin/gcc-arm-none-eabi-9-2020-q2-update/bin/../lib/gcc/arm-none-eabi/9.3.1/thumb/v7e-m+fp/hard/crtbegin.o
 *(.init)
 .init          0x0000000008005344        0x4 /home/cahill/stm32cubeMx/install_bin/gcc-arm-none-eabi-9-2020-q2-update/bin/../lib/gcc/arm-none-eabi/9.3.1/thumb/v7e-m+fp/hard/crti.o
                0x0000000008005344                _init
 .init          0x0000000008005348        0x8 /home/cahill/stm32cubeMx/install_bin/gcc-arm-none-eabi-9-2020-q2-update/bin/../lib/gcc/arm-none-eabi/9.3.1/thumb/v7e-m+fp/hard/crtn.o
 *(.fini)
 .fini          0x0000000008005350        0x4 /home/cahill/stm32cubeMx/install_bin/gcc-arm-none-eabi-9-2020-q2-update/bin/../lib/gcc/arm-none-eabi/9.3.1/thumb/v7e-m+fp/hard/crti.o
                0x0000000008005350                _fini
 .fini          0x0000000008005354        0x8 /home/cahill/stm32cubeMx/install_bin/gcc-arm-none-eabi-9-2020-q2-update/bin/../lib/gcc/arm-none-eabi/9.3.1/thumb/v7e-m+fp/hard/crtn.o
                0x000000000800535c                . = ALIGN (0x4)
                0x000000000800535c                _etext = .

.vfp11_veneer   0x000000000800535c        0x0
 .vfp11_veneer  0x000000000800535c        0x0 linker stubs

.v4_bx          0x000000000800535c        0x0
 .v4_bx         0x000000000800535c        0x0 linker stubs

.iplt           0x000000000800535c        0x0
 .iplt          0x000000000800535c        0x0 /home/cahill/stm32cubeMx/install_bin/gcc-arm-none-eabi-9-2020-q2-update/bin/../lib/gcc/arm-none-eabi/9.3.1/thumb/v7e-m+fp/hard/crtbegin.o

.rodata         0x000000000800535c       0x24
                0x000000000800535c                . = ALIGN (0x4)
 *(.rodata)
 *(.rodata*)
 .rodata.flagBitshiftOffset.8660
                0x000000000800535c        0x8 build/stm32f4xx_hal_dma.o
 .rodata.AHBPrescTable
                0x0000000008005364       0x10 build/system_stm32f4xx.o
                0x0000000008005364                AHBPrescTable
 .rodata.APBPrescTable
                0x0000000008005374        0x8 build/system_stm32f4xx.o
                0x0000000008005374                APBPrescTable
 .rodata._global_impure_ptr
                0x000000000800537c        0x4 /home/cahill/stm32cubeMx/install_bin/gcc-arm-none-eabi-9-2020-q2-update/bin/../lib/gcc/arm-none-eabi/9.3.1/../../../../arm-none-eabi/lib/thumb/v7e-m+fp/hard/libc.a(lib_a-impure.o)
                0x000000000800537c                _global_impure_ptr
                0x0000000008005380                . = ALIGN (0x4)

.ARM.extab
 *(.ARM.extab* .gnu.linkonce.armextab.*)

.ARM            0x0000000008005380        0x8
                0x0000000008005380                __exidx_start = .
 *(.ARM.exidx*)
 .ARM.exidx     0x0000000008005380        0x8 /home/cahill/stm32cubeMx/install_bin/gcc-arm-none-eabi-9-2020-q2-update/bin/../lib/gcc/arm-none-eabi/9.3.1/thumb/v7e-m+fp/hard/libgcc.a(_udivmoddi4.o)
                0x0000000008005388                __exidx_end = .

.rel.dyn        0x0000000008005388        0x0
 .rel.iplt      0x0000000008005388        0x0 /home/cahill/stm32cubeMx/install_bin/gcc-arm-none-eabi-9-2020-q2-update/bin/../lib/gcc/arm-none-eabi/9.3.1/thumb/v7e-m+fp/hard/crtbegin.o

.preinit_array  0x0000000008005388        0x0
                0x0000000008005388                PROVIDE (__preinit_array_start = .)
 *(.preinit_array*)
                0x0000000008005388                PROVIDE (__preinit_array_end = .)

.init_array     0x0000000008005388        0x8
                0x0000000008005388                PROVIDE (__init_array_start = .)
 *(SORT_BY_NAME(.init_array.*))
 .init_array.00000
                0x0000000008005388        0x4 /home/cahill/stm32cubeMx/install_bin/gcc-arm-none-eabi-9-2020-q2-update/bin/../lib/gcc/arm-none-eabi/9.3.1/../../../../arm-none-eabi/lib/thumb/v7e-m+fp/hard/libc.a(lib_a-__call_atexit.o)
 *(.init_array*)
 .init_array    0x000000000800538c        0x4 /home/cahill/stm32cubeMx/install_bin/gcc-arm-none-eabi-9-2020-q2-update/bin/../lib/gcc/arm-none-eabi/9.3.1/thumb/v7e-m+fp/hard/crtbegin.o
                0x0000000008005390                PROVIDE (__init_array_end = .)

.fini_array     0x0000000008005390        0x4
                0x0000000008005390                PROVIDE (__fini_array_start = .)
 *(SORT_BY_NAME(.fini_array.*))
 *(.fini_array*)
 .fini_array    0x0000000008005390        0x4 /home/cahill/stm32cubeMx/install_bin/gcc-arm-none-eabi-9-2020-q2-update/bin/../lib/gcc/arm-none-eabi/9.3.1/thumb/v7e-m+fp/hard/crtbegin.o
                0x0000000008005394                PROVIDE (__fini_array_end = .)
                0x0000000008005394                _sidata = LOADADDR (.data)

.data           0x0000000020000000      0x574 load address 0x0000000008005394
                0x0000000020000000                . = ALIGN (0x4)
                0x0000000020000000                _sdata = .
 *(.data)
 *(.data*)
 .data.forSaveAllSum
                0x0000000020000000        0x2 build/mainLoop.o
                0x0000000020000000                forSaveAllSum
 *fill*         0x0000000020000002        0x2 
 .data.value_dacN
                0x0000000020000004        0x4 build/mainLoop.o
                0x0000000020000004                value_dacN
 .data.value_dacP
                0x0000000020000008        0x4 build/mainLoop.o
                0x0000000020000008                value_dacP
 .data.ad9520_regs
                0x000000002000000c      0x12c build/ad9520_function.o
                0x000000002000000c                ad9520_regs
 .data.uwTickFreq
                0x0000000020000138        0x1 build/stm32f4xx_hal.o
                0x0000000020000138                uwTickFreq
 *fill*         0x0000000020000139        0x3 
 .data.uwTickPrio
                0x000000002000013c        0x4 build/stm32f4xx_hal.o
                0x000000002000013c                uwTickPrio
 .data.SystemCoreClock
                0x0000000020000140        0x4 build/system_stm32f4xx.o
                0x0000000020000140                SystemCoreClock
 *fill*         0x0000000020000144        0x4 
 .data.impure_data
                0x0000000020000148      0x428 /home/cahill/stm32cubeMx/install_bin/gcc-arm-none-eabi-9-2020-q2-update/bin/../lib/gcc/arm-none-eabi/9.3.1/../../../../arm-none-eabi/lib/thumb/v7e-m+fp/hard/libc.a(lib_a-impure.o)
 .data.__atexit_recursive_mutex
                0x0000000020000570        0x4 /home/cahill/stm32cubeMx/install_bin/gcc-arm-none-eabi-9-2020-q2-update/bin/../lib/gcc/arm-none-eabi/9.3.1/../../../../arm-none-eabi/lib/thumb/v7e-m+fp/hard/libc.a(lib_a-__call_atexit.o)
                0x0000000020000570                __atexit_recursive_mutex
                0x0000000020000574                . = ALIGN (0x4)
                0x0000000020000574                _edata = .
                0x0000000008005908                _siccmram = LOADADDR (.ccmram)

.igot.plt       0x0000000020000574        0x0 load address 0x0000000008005908
 .igot.plt      0x0000000020000574        0x0 /home/cahill/stm32cubeMx/install_bin/gcc-arm-none-eabi-9-2020-q2-update/bin/../lib/gcc/arm-none-eabi/9.3.1/thumb/v7e-m+fp/hard/crtbegin.o

.ccmram         0x0000000010000000        0x0 load address 0x0000000008005908
                0x0000000010000000                . = ALIGN (0x4)
                0x0000000010000000                _sccmram = .
 *(.ccmram)
 *(.ccmram*)
                0x0000000010000000                . = ALIGN (0x4)
                0x0000000010000000                _eccmram = .
                0x0000000010000000                . = ALIGN (0x4)

.bss            0x0000000020000578    0x10b78
                0x0000000020000578                _sbss = .
                0x0000000020000578                __bss_start__ = _sbss
 *(.bss)
 .bss           0x0000000020000578       0x1c /home/cahill/stm32cubeMx/install_bin/gcc-arm-none-eabi-9-2020-q2-update/bin/../lib/gcc/arm-none-eabi/9.3.1/thumb/v7e-m+fp/hard/crtbegin.o
 *(.bss*)
 .bss.adc1_ok   0x0000000020000594        0x4 build/mainLoop.o
                0x0000000020000594                adc1_ok
 .bss.adc2_ok   0x0000000020000598        0x4 build/mainLoop.o
                0x0000000020000598                adc2_ok
 .bss.chanl1_midx
                0x000000002000059c        0x4 build/mainLoop.o
                0x000000002000059c                chanl1_midx
 .bss.chanl2_midx
                0x00000000200005a0        0x4 build/mainLoop.o
                0x00000000200005a0                chanl2_midx
 *fill*         0x00000000200005a4        0x4 
 .bss.dletDac   0x00000000200005a8        0x8 build/mainLoop.o
                0x00000000200005a8                dletDac
 .bss.fre_dif   0x00000000200005b0        0x4 build/mainLoop.o
                0x00000000200005b0                fre_dif
 .bss.pidD      0x00000000200005b4        0x4 build/mainLoop.o
                0x00000000200005b4                pidD
 .bss.pidI      0x00000000200005b8        0x4 build/mainLoop.o
                0x00000000200005b8                pidI
 .bss.pidP      0x00000000200005bc        0x4 build/mainLoop.o
                0x00000000200005bc                pidP
 .bss.HAL_RCC_CAN1_CLK_ENABLED
                0x00000000200005c0        0x4 build/stm32f4xx_hal_msp.o
 .bss.outputList
                0x00000000200005c4        0x2 build/max5307.o
 *(COMMON)
 *fill*         0x00000000200005c6        0x2 
 COMMON         0x00000000200005c8      0x3c4 build/main.o
                0x00000000200005c8                hspi2
                0x0000000020000620                htim4
                0x0000000020000660                hadc2
                0x00000000200006a8                htim5
                0x00000000200006e8                hadc1
                0x0000000020000730                hcan2
                0x0000000020000758                hdma_usart2_tx
                0x00000000200007b8                hdac
                0x00000000200007cc                hdma_adc1
                0x000000002000082c                htim1
                0x000000002000086c                hspi1
                0x00000000200008c4                huart2
                0x0000000020000904                hdma_adc2
                0x0000000020000964                hcan1
 *fill*         0x000000002000098c        0x4 
 COMMON         0x0000000020000990    0x10738 build/mainLoop.o
                0x0000000020000990                tmp
                0x0000000020000998                logBufDma
                0x00000000200009a4                lastAdcVal
                0x00000000200009a8                valMeanArray
                0x00000000200009f8                value_cp
                0x00000000200086f8                dacV
                0x00000000200086fc                adc1_t1
                0x0000000020008898                xx
                0x000000002000889c                chanl2_capNum
                0x0000000020008a2c                chanl2_capNum_f
                0x0000000020008bbc                value_adc1
                0x000000002000ca3c                adcVal
                0x000000002000ca40                complete_sign
                0x000000002000ca44                chanl1_capNum_f
                0x000000002000cbd4                yy_cnt
                0x000000002000cbd8                yy
                0x000000002000cbdc                v_dianya
                0x000000002000cbe0                buf
                0x000000002000cbe4                xx_cnt
                0x000000002000cbe8                adcSumArray
                0x000000002000cbf0                chanl1_capNum
                0x000000002000cd80                adc1_t2
                0x000000002000cf1c                logPara
                0x000000002000cf28                chanl1_xNum
                0x000000002000d0b8                chanl2_xNum
                0x000000002000d248                value_adc2
 COMMON         0x00000000200110c8        0x4 build/stm32f4xx_hal.o
                0x00000000200110c8                uwTick
 COMMON         0x00000000200110cc       0x21 /home/cahill/stm32cubeMx/install_bin/gcc-arm-none-eabi-9-2020-q2-update/bin/../lib/gcc/arm-none-eabi/9.3.1/../../../../arm-none-eabi/lib/thumb/v7e-m+fp/hard/libc.a(lib_a-lock.o)
                0x00000000200110cc                __lock___atexit_recursive_mutex
                0x00000000200110d0                __lock___arc4random_mutex
                0x00000000200110d4                __lock___env_recursive_mutex
                0x00000000200110d8                __lock___sinit_recursive_mutex
                0x00000000200110dc                __lock___malloc_recursive_mutex
                0x00000000200110e0                __lock___at_quick_exit_mutex
                0x00000000200110e4                __lock___dd_hash_mutex
                0x00000000200110e8                __lock___tz_mutex
                0x00000000200110ec                __lock___sfp_recursive_mutex
                0x00000000200110f0                . = ALIGN (0x4)
 *fill*         0x00000000200110ed        0x3 
                0x00000000200110f0                _ebss = .
                0x00000000200110f0                __bss_end__ = _ebss

._user_heap_stack
                0x00000000200110f0      0x600
                0x00000000200110f0                . = ALIGN (0x8)
                [!provide]                        PROVIDE (end = .)
                [!provide]                        PROVIDE (_end = .)
                0x00000000200112f0                . = (. + _Min_Heap_Size)
 *fill*         0x00000000200110f0      0x200 
                0x00000000200116f0                . = (. + _Min_Stack_Size)
 *fill*         0x00000000200112f0      0x400 
                0x00000000200116f0                . = ALIGN (0x8)

/DISCARD/
 libc.a(*)
 libm.a(*)
 libgcc.a(*)

.ARM.attributes
                0x0000000000000000       0x30
 *(.ARM.attributes)
 .ARM.attributes
                0x0000000000000000       0x1e /home/cahill/stm32cubeMx/install_bin/gcc-arm-none-eabi-9-2020-q2-update/bin/../lib/gcc/arm-none-eabi/9.3.1/thumb/v7e-m+fp/hard/crti.o
 .ARM.attributes
                0x000000000000001e       0x34 /home/cahill/stm32cubeMx/install_bin/gcc-arm-none-eabi-9-2020-q2-update/bin/../lib/gcc/arm-none-eabi/9.3.1/thumb/v7e-m+fp/hard/crtbegin.o
 .ARM.attributes
                0x0000000000000052       0x34 build/main.o
 .ARM.attributes
                0x0000000000000086       0x34 build/mainLoop.o
 .ARM.attributes
                0x00000000000000ba       0x34 build/ad9520_function.o
 .ARM.attributes
                0x00000000000000ee       0x34 build/stm32f4xx_it.o
 .ARM.attributes
                0x0000000000000122       0x34 build/stm32f4xx_hal_msp.o
 .ARM.attributes
                0x0000000000000156       0x34 build/max5307.o
 .ARM.attributes
                0x000000000000018a       0x34 build/stm32f4xx_hal_tim.o
 .ARM.attributes
                0x00000000000001be       0x34 build/stm32f4xx_hal_tim_ex.o
 .ARM.attributes
                0x00000000000001f2       0x34 build/stm32f4xx_hal_rcc.o
 .ARM.attributes
                0x0000000000000226       0x34 build/stm32f4xx_hal_gpio.o
 .ARM.attributes
                0x000000000000025a       0x34 build/stm32f4xx_hal_dma.o
 .ARM.attributes
                0x000000000000028e       0x34 build/stm32f4xx_hal_cortex.o
 .ARM.attributes
                0x00000000000002c2       0x34 build/stm32f4xx_hal.o
 .ARM.attributes
                0x00000000000002f6       0x34 build/system_stm32f4xx.o
 .ARM.attributes
                0x000000000000032a       0x34 build/stm32f4xx_hal_spi.o
 .ARM.attributes
                0x000000000000035e       0x34 build/stm32f4xx_hal_uart.o
 .ARM.attributes
                0x0000000000000392       0x34 build/stm32f4xx_hal_dac.o
 .ARM.attributes
                0x00000000000003c6       0x34 build/stm32f4xx_hal_adc.o
 .ARM.attributes
                0x00000000000003fa       0x34 build/stm32f4xx_hal_can.o
 .ARM.attributes
                0x000000000000042e       0x21 build/startup_stm32f405xx.o
 .ARM.attributes
                0x000000000000044f       0x32 /home/cahill/stm32cubeMx/install_bin/gcc-arm-none-eabi-9-2020-q2-update/bin/../lib/gcc/arm-none-eabi/9.3.1/../../../../arm-none-eabi/lib/thumb/v7e-m+fp/hard/libc.a(lib_a-impure.o)
 .ARM.attributes
                0x0000000000000481       0x34 /home/cahill/stm32cubeMx/install_bin/gcc-arm-none-eabi-9-2020-q2-update/bin/../lib/gcc/arm-none-eabi/9.3.1/../../../../arm-none-eabi/lib/thumb/v7e-m+fp/hard/libc.a(lib_a-init.o)
 .ARM.attributes
                0x00000000000004b5       0x34 /home/cahill/stm32cubeMx/install_bin/gcc-arm-none-eabi-9-2020-q2-update/bin/../lib/gcc/arm-none-eabi/9.3.1/../../../../arm-none-eabi/lib/thumb/v7e-m+fp/hard/libc.a(lib_a-memset.o)
 .ARM.attributes
                0x00000000000004e9       0x34 /home/cahill/stm32cubeMx/install_bin/gcc-arm-none-eabi-9-2020-q2-update/bin/../lib/gcc/arm-none-eabi/9.3.1/../../../../arm-none-eabi/lib/thumb/v7e-m+fp/hard/libc.a(lib_a-__call_atexit.o)
 .ARM.attributes
                0x000000000000051d       0x34 /home/cahill/stm32cubeMx/install_bin/gcc-arm-none-eabi-9-2020-q2-update/bin/../lib/gcc/arm-none-eabi/9.3.1/../../../../arm-none-eabi/lib/thumb/v7e-m+fp/hard/libc.a(lib_a-atexit.o)
 .ARM.attributes
                0x0000000000000551       0x34 /home/cahill/stm32cubeMx/install_bin/gcc-arm-none-eabi-9-2020-q2-update/bin/../lib/gcc/arm-none-eabi/9.3.1/../../../../arm-none-eabi/lib/thumb/v7e-m+fp/hard/libc.a(lib_a-fini.o)
 .ARM.attributes
                0x0000000000000585       0x34 /home/cahill/stm32cubeMx/install_bin/gcc-arm-none-eabi-9-2020-q2-update/bin/../lib/gcc/arm-none-eabi/9.3.1/../../../../arm-none-eabi/lib/thumb/v7e-m+fp/hard/libc.a(lib_a-lock.o)
 .ARM.attributes
                0x00000000000005b9       0x34 /home/cahill/stm32cubeMx/install_bin/gcc-arm-none-eabi-9-2020-q2-update/bin/../lib/gcc/arm-none-eabi/9.3.1/../../../../arm-none-eabi/lib/thumb/v7e-m+fp/hard/libc.a(lib_a-__atexit.o)
 .ARM.attributes
                0x00000000000005ed       0x1e /home/cahill/stm32cubeMx/install_bin/gcc-arm-none-eabi-9-2020-q2-update/bin/../lib/gcc/arm-none-eabi/9.3.1/thumb/v7e-m+fp/hard/libgcc.a(_arm_addsubdf3.o)
 .ARM.attributes
                0x000000000000060b       0x1e /home/cahill/stm32cubeMx/install_bin/gcc-arm-none-eabi-9-2020-q2-update/bin/../lib/gcc/arm-none-eabi/9.3.1/thumb/v7e-m+fp/hard/libgcc.a(_arm_muldivdf3.o)
 .ARM.attributes
                0x0000000000000629       0x1e /home/cahill/stm32cubeMx/install_bin/gcc-arm-none-eabi-9-2020-q2-update/bin/../lib/gcc/arm-none-eabi/9.3.1/thumb/v7e-m+fp/hard/libgcc.a(_arm_fixdfsi.o)
 .ARM.attributes
                0x0000000000000647       0x1e /home/cahill/stm32cubeMx/install_bin/gcc-arm-none-eabi-9-2020-q2-update/bin/../lib/gcc/arm-none-eabi/9.3.1/thumb/v7e-m+fp/hard/libgcc.a(_arm_fixunsdfsi.o)
 .ARM.attributes
                0x0000000000000665       0x1e /home/cahill/stm32cubeMx/install_bin/gcc-arm-none-eabi-9-2020-q2-update/bin/../lib/gcc/arm-none-eabi/9.3.1/thumb/v7e-m+fp/hard/libgcc.a(_arm_truncdfsf2.o)
 .ARM.attributes
                0x0000000000000683       0x1e /home/cahill/stm32cubeMx/install_bin/gcc-arm-none-eabi-9-2020-q2-update/bin/../lib/gcc/arm-none-eabi/9.3.1/thumb/v7e-m+fp/hard/libgcc.a(_aeabi_uldivmod.o)
 .ARM.attributes
                0x00000000000006a1       0x34 /home/cahill/stm32cubeMx/install_bin/gcc-arm-none-eabi-9-2020-q2-update/bin/../lib/gcc/arm-none-eabi/9.3.1/thumb/v7e-m+fp/hard/libgcc.a(_udivmoddi4.o)
 .ARM.attributes
                0x00000000000006d5       0x1e /home/cahill/stm32cubeMx/install_bin/gcc-arm-none-eabi-9-2020-q2-update/bin/../lib/gcc/arm-none-eabi/9.3.1/thumb/v7e-m+fp/hard/libgcc.a(_dvmd_tls.o)
 .ARM.attributes
                0x00000000000006f3       0x1e /home/cahill/stm32cubeMx/install_bin/gcc-arm-none-eabi-9-2020-q2-update/bin/../lib/gcc/arm-none-eabi/9.3.1/thumb/v7e-m+fp/hard/crtn.o
OUTPUT(build/stm32f405rgt6_detect_velocity.elf elf32-littlearm)
LOAD linker stubs
LOAD /home/cahill/stm32cubeMx/install_bin/gcc-arm-none-eabi-9-2020-q2-update/bin/../lib/gcc/arm-none-eabi/9.3.1/../../../../arm-none-eabi/lib/thumb/v7e-m+fp/hard/libc.a
LOAD /home/cahill/stm32cubeMx/install_bin/gcc-arm-none-eabi-9-2020-q2-update/bin/../lib/gcc/arm-none-eabi/9.3.1/../../../../arm-none-eabi/lib/thumb/v7e-m+fp/hard/libm.a
LOAD /home/cahill/stm32cubeMx/install_bin/gcc-arm-none-eabi-9-2020-q2-update/bin/../lib/gcc/arm-none-eabi/9.3.1/thumb/v7e-m+fp/hard/libgcc.a

.debug_info     0x0000000000000000    0x1b7dc
 .debug_info    0x0000000000000000     0x26b7 build/main.o
 .debug_info    0x00000000000026b7     0x329e build/mainLoop.o
 .debug_info    0x0000000000005955     0x1698 build/ad9520_function.o
 .debug_info    0x0000000000006fed     0x1054 build/stm32f4xx_it.o
 .debug_info    0x0000000000008041     0x2479 build/stm32f4xx_hal_msp.o
 .debug_info    0x000000000000a4ba      0xd44 build/max5307.o
 .debug_info    0x000000000000b1fe     0x39b3 build/stm32f4xx_hal_tim.o
 .debug_info    0x000000000000ebb1     0x187c build/stm32f4xx_hal_tim_ex.o
 .debug_info    0x000000000001042d      0xc44 build/stm32f4xx_hal_rcc.o
 .debug_info    0x0000000000011071      0x915 build/stm32f4xx_hal_gpio.o
 .debug_info    0x0000000000011986      0xc8b build/stm32f4xx_hal_dma.o
 .debug_info    0x0000000000012611     0x122c build/stm32f4xx_hal_cortex.o
 .debug_info    0x000000000001383d      0xb4c build/stm32f4xx_hal.o
 .debug_info    0x0000000000014389      0x63c build/system_stm32f4xx.o
 .debug_info    0x00000000000149c5     0x2087 build/stm32f4xx_hal_spi.o
 .debug_info    0x0000000000016a4c     0x1b31 build/stm32f4xx_hal_uart.o
 .debug_info    0x000000000001857d      0xd14 build/stm32f4xx_hal_dac.o
 .debug_info    0x0000000000019291     0x10b4 build/stm32f4xx_hal_adc.o
 .debug_info    0x000000000001a345     0x1475 build/stm32f4xx_hal_can.o
 .debug_info    0x000000000001b7ba       0x22 build/startup_stm32f405xx.o

.debug_abbrev   0x0000000000000000     0x3350
 .debug_abbrev  0x0000000000000000      0x2b7 build/main.o
 .debug_abbrev  0x00000000000002b7      0x538 build/mainLoop.o
 .debug_abbrev  0x00000000000007ef      0x2b9 build/ad9520_function.o
 .debug_abbrev  0x0000000000000aa8      0x1e6 build/stm32f4xx_it.o
 .debug_abbrev  0x0000000000000c8e      0x257 build/stm32f4xx_hal_msp.o
 .debug_abbrev  0x0000000000000ee5      0x206 build/max5307.o
 .debug_abbrev  0x00000000000010eb      0x2af build/stm32f4xx_hal_tim.o
 .debug_abbrev  0x000000000000139a      0x2ab build/stm32f4xx_hal_tim_ex.o
 .debug_abbrev  0x0000000000001645      0x2cd build/stm32f4xx_hal_rcc.o
 .debug_abbrev  0x0000000000001912      0x258 build/stm32f4xx_hal_gpio.o
 .debug_abbrev  0x0000000000001b6a      0x312 build/stm32f4xx_hal_dma.o
 .debug_abbrev  0x0000000000001e7c      0x3a8 build/stm32f4xx_hal_cortex.o
 .debug_abbrev  0x0000000000002224      0x21c build/stm32f4xx_hal.o
 .debug_abbrev  0x0000000000002440      0x14a build/system_stm32f4xx.o
 .debug_abbrev  0x000000000000258a      0x2d2 build/stm32f4xx_hal_spi.o
 .debug_abbrev  0x000000000000285c      0x318 build/stm32f4xx_hal_uart.o
 .debug_abbrev  0x0000000000002b74      0x25d build/stm32f4xx_hal_dac.o
 .debug_abbrev  0x0000000000002dd1      0x2be build/stm32f4xx_hal_adc.o
 .debug_abbrev  0x000000000000308f      0x2af build/stm32f4xx_hal_can.o
 .debug_abbrev  0x000000000000333e       0x12 build/startup_stm32f405xx.o

.debug_loc      0x0000000000000000    0x1072b
 .debug_loc     0x0000000000000000      0x2ba build/main.o
 .debug_loc     0x00000000000002ba      0xd32 build/mainLoop.o
 .debug_loc     0x0000000000000fec      0x451 build/ad9520_function.o
 .debug_loc     0x000000000000143d      0x100 build/stm32f4xx_it.o
 .debug_loc     0x000000000000153d      0x6a8 build/stm32f4xx_hal_msp.o
 .debug_loc     0x0000000000001be5      0x222 build/max5307.o
 .debug_loc     0x0000000000001e07     0x457e build/stm32f4xx_hal_tim.o
 .debug_loc     0x0000000000006385     0x15b0 build/stm32f4xx_hal_tim_ex.o
 .debug_loc     0x0000000000007935      0x6c7 build/stm32f4xx_hal_rcc.o
 .debug_loc     0x0000000000007ffc      0x5c7 build/stm32f4xx_hal_gpio.o
 .debug_loc     0x00000000000085c3      0xd6d build/stm32f4xx_hal_dma.o
 .debug_loc     0x0000000000009330      0x7d4 build/stm32f4xx_hal_cortex.o
 .debug_loc     0x0000000000009b04      0x1e1 build/stm32f4xx_hal.o
 .debug_loc     0x0000000000009ce5      0x16c build/system_stm32f4xx.o
 .debug_loc     0x0000000000009e51     0x2428 build/stm32f4xx_hal_spi.o
 .debug_loc     0x000000000000c279     0x1d79 build/stm32f4xx_hal_uart.o
 .debug_loc     0x000000000000dff2      0xa4d build/stm32f4xx_hal_dac.o
 .debug_loc     0x000000000000ea3f      0xda2 build/stm32f4xx_hal_adc.o
 .debug_loc     0x000000000000f7e1      0xf4a build/stm32f4xx_hal_can.o

.debug_aranges  0x0000000000000000     0x11f0
 .debug_aranges
                0x0000000000000000       0x98 build/main.o
 .debug_aranges
                0x0000000000000098       0xc0 build/mainLoop.o
 .debug_aranges
                0x0000000000000158       0x68 build/ad9520_function.o
 .debug_aranges
                0x00000000000001c0       0x98 build/stm32f4xx_it.o
 .debug_aranges
                0x0000000000000258       0x80 build/stm32f4xx_hal_msp.o
 .debug_aranges
                0x00000000000002d8       0x48 build/max5307.o
 .debug_aranges
                0x0000000000000320      0x3a8 build/stm32f4xx_hal_tim.o
 .debug_aranges
                0x00000000000006c8      0x150 build/stm32f4xx_hal_tim_ex.o
 .debug_aranges
                0x0000000000000818       0x88 build/stm32f4xx_hal_rcc.o
 .debug_aranges
                0x00000000000008a0       0x58 build/stm32f4xx_hal_gpio.o
 .debug_aranges
                0x00000000000008f8       0x90 build/stm32f4xx_hal_dma.o
 .debug_aranges
                0x0000000000000988       0xa8 build/stm32f4xx_hal_cortex.o
 .debug_aranges
                0x0000000000000a30       0xf0 build/stm32f4xx_hal.o
 .debug_aranges
                0x0000000000000b20       0x28 build/system_stm32f4xx.o
 .debug_aranges
                0x0000000000000b48      0x1d0 build/stm32f4xx_hal_spi.o
 .debug_aranges
                0x0000000000000d18      0x1d0 build/stm32f4xx_hal_uart.o
 .debug_aranges
                0x0000000000000ee8       0xc0 build/stm32f4xx_hal_dac.o
 .debug_aranges
                0x0000000000000fa8       0xe8 build/stm32f4xx_hal_adc.o
 .debug_aranges
                0x0000000000001090      0x138 build/stm32f4xx_hal_can.o
 .debug_aranges
                0x00000000000011c8       0x28 build/startup_stm32f405xx.o

.debug_ranges   0x0000000000000000     0x11a8
 .debug_ranges  0x0000000000000000       0x88 build/main.o
 .debug_ranges  0x0000000000000088       0xc8 build/mainLoop.o
 .debug_ranges  0x0000000000000150       0xb8 build/ad9520_function.o
 .debug_ranges  0x0000000000000208       0x88 build/stm32f4xx_it.o
 .debug_ranges  0x0000000000000290       0x70 build/stm32f4xx_hal_msp.o
 .debug_ranges  0x0000000000000300       0x38 build/max5307.o
 .debug_ranges  0x0000000000000338      0x398 build/stm32f4xx_hal_tim.o
 .debug_ranges  0x00000000000006d0      0x140 build/stm32f4xx_hal_tim_ex.o
 .debug_ranges  0x0000000000000810       0x90 build/stm32f4xx_hal_rcc.o
 .debug_ranges  0x00000000000008a0       0x48 build/stm32f4xx_hal_gpio.o
 .debug_ranges  0x00000000000008e8       0x80 build/stm32f4xx_hal_dma.o
 .debug_ranges  0x0000000000000968       0xf8 build/stm32f4xx_hal_cortex.o
 .debug_ranges  0x0000000000000a60       0xe0 build/stm32f4xx_hal.o
 .debug_ranges  0x0000000000000b40       0x18 build/system_stm32f4xx.o
 .debug_ranges  0x0000000000000b58      0x1c0 build/stm32f4xx_hal_spi.o
 .debug_ranges  0x0000000000000d18      0x1c0 build/stm32f4xx_hal_uart.o
 .debug_ranges  0x0000000000000ed8       0xb0 build/stm32f4xx_hal_dac.o
 .debug_ranges  0x0000000000000f88       0xd8 build/stm32f4xx_hal_adc.o
 .debug_ranges  0x0000000000001060      0x128 build/stm32f4xx_hal_can.o
 .debug_ranges  0x0000000000001188       0x20 build/startup_stm32f405xx.o

.debug_line     0x0000000000000000    0x11d5b
 .debug_line    0x0000000000000000      0xaa6 build/main.o
 .debug_line    0x0000000000000aa6     0x1270 build/mainLoop.o
 .debug_line    0x0000000000001d16      0x7c2 build/ad9520_function.o
 .debug_line    0x00000000000024d8      0x3f5 build/stm32f4xx_it.o
 .debug_line    0x00000000000028cd      0xa64 build/stm32f4xx_hal_msp.o
 .debug_line    0x0000000000003331      0x3a5 build/max5307.o
 .debug_line    0x00000000000036d6     0x36f1 build/stm32f4xx_hal_tim.o
 .debug_line    0x0000000000006dc7     0x121d build/stm32f4xx_hal_tim_ex.o
 .debug_line    0x0000000000007fe4      0xb5e build/stm32f4xx_hal_rcc.o
 .debug_line    0x0000000000008b42      0x753 build/stm32f4xx_hal_gpio.o
 .debug_line    0x0000000000009295      0xe51 build/stm32f4xx_hal_dma.o
 .debug_line    0x000000000000a0e6      0x7cc build/stm32f4xx_hal_cortex.o
 .debug_line    0x000000000000a8b2      0x58f build/stm32f4xx_hal.o
 .debug_line    0x000000000000ae41      0x2b8 build/system_stm32f4xx.o
 .debug_line    0x000000000000b0f9     0x249a build/stm32f4xx_hal_spi.o
 .debug_line    0x000000000000d593     0x1c93 build/stm32f4xx_hal_uart.o
 .debug_line    0x000000000000f226      0x8d5 build/stm32f4xx_hal_dac.o
 .debug_line    0x000000000000fafb     0x10ad build/stm32f4xx_hal_adc.o
 .debug_line    0x0000000000010ba8     0x1140 build/stm32f4xx_hal_can.o
 .debug_line    0x0000000000011ce8       0x73 build/startup_stm32f405xx.o

.debug_str      0x0000000000000000     0x5b92
 .debug_str     0x0000000000000000     0x193b build/main.o
                                       0x1a51 (size before relaxing)
 .debug_str     0x000000000000193b      0xa05 build/mainLoop.o
                                       0x17ed (size before relaxing)
 .debug_str     0x0000000000002340      0x417 build/ad9520_function.o
                                        0xb74 (size before relaxing)
 .debug_str     0x0000000000002757      0x17f build/stm32f4xx_it.o
                                        0xc8c (size before relaxing)
 .debug_str     0x00000000000028d6      0x16e build/stm32f4xx_hal_msp.o
                                       0x16bc (size before relaxing)
 .debug_str     0x0000000000002a44       0x57 build/max5307.o
                                        0x851 (size before relaxing)
 .debug_str     0x0000000000002a9b      0xcc8 build/stm32f4xx_hal_tim.o
                                       0x1589 (size before relaxing)
 .debug_str     0x0000000000003763      0x4d5 build/stm32f4xx_hal_tim_ex.o
                                        0xda1 (size before relaxing)
 .debug_str     0x0000000000003c38      0x1d5 build/stm32f4xx_hal_rcc.o
                                        0x78a (size before relaxing)
 .debug_str     0x0000000000003e0d      0x112 build/stm32f4xx_hal_gpio.o
                                        0x5ac (size before relaxing)
 .debug_str     0x0000000000003f1f      0x2ab build/stm32f4xx_hal_dma.o
                                        0x832 (size before relaxing)
 .debug_str     0x00000000000041ca      0x4c4 build/stm32f4xx_hal_cortex.o
                                        0xcc5 (size before relaxing)
 .debug_str     0x000000000000468e      0x21f build/stm32f4xx_hal.o
                                        0xb86 (size before relaxing)
 .debug_str     0x00000000000048ad       0x47 build/system_stm32f4xx.o
                                        0x415 (size before relaxing)
 .debug_str     0x00000000000048f4      0x4ea build/stm32f4xx_hal_spi.o
                                        0xc95 (size before relaxing)
 .debug_str     0x0000000000004dde      0x476 build/stm32f4xx_hal_uart.o
                                        0xced (size before relaxing)
 .debug_str     0x0000000000005254      0x199 build/stm32f4xx_hal_dac.o
                                        0x88e (size before relaxing)
 .debug_str     0x00000000000053ed      0x257 build/stm32f4xx_hal_adc.o
                                        0xa0f (size before relaxing)
 .debug_str     0x0000000000005644      0x52a build/stm32f4xx_hal_can.o
                                        0xb17 (size before relaxing)
 .debug_str     0x0000000000005b6e       0x24 build/startup_stm32f405xx.o
                                         0x6b (size before relaxing)

.comment        0x0000000000000000       0x4c
 .comment       0x0000000000000000       0x4c build/main.o
                                         0x4d (size before relaxing)
 .comment       0x000000000000004c       0x4d build/mainLoop.o
 .comment       0x000000000000004c       0x4d build/ad9520_function.o
 .comment       0x000000000000004c       0x4d build/stm32f4xx_it.o
 .comment       0x000000000000004c       0x4d build/stm32f4xx_hal_msp.o
 .comment       0x000000000000004c       0x4d build/max5307.o
 .comment       0x000000000000004c       0x4d build/stm32f4xx_hal_tim.o
 .comment       0x000000000000004c       0x4d build/stm32f4xx_hal_tim_ex.o
 .comment       0x000000000000004c       0x4d build/stm32f4xx_hal_rcc.o
 .comment       0x000000000000004c       0x4d build/stm32f4xx_hal_gpio.o
 .comment       0x000000000000004c       0x4d build/stm32f4xx_hal_dma.o
 .comment       0x000000000000004c       0x4d build/stm32f4xx_hal_cortex.o
 .comment       0x000000000000004c       0x4d build/stm32f4xx_hal.o
 .comment       0x000000000000004c       0x4d build/system_stm32f4xx.o
 .comment       0x000000000000004c       0x4d build/stm32f4xx_hal_spi.o
 .comment       0x000000000000004c       0x4d build/stm32f4xx_hal_uart.o
 .comment       0x000000000000004c       0x4d build/stm32f4xx_hal_dac.o
 .comment       0x000000000000004c       0x4d build/stm32f4xx_hal_adc.o
 .comment       0x000000000000004c       0x4d build/stm32f4xx_hal_can.o

.debug_frame    0x0000000000000000     0x33ec
 .debug_frame   0x0000000000000000      0x1e0 build/main.o
 .debug_frame   0x00000000000001e0      0x244 build/mainLoop.o
 .debug_frame   0x0000000000000424      0x130 build/ad9520_function.o
 .debug_frame   0x0000000000000554      0x150 build/stm32f4xx_it.o
 .debug_frame   0x00000000000006a4      0x188 build/stm32f4xx_hal_msp.o
 .debug_frame   0x000000000000082c       0xcc build/max5307.o
 .debug_frame   0x00000000000008f8      0xa7c build/stm32f4xx_hal_tim.o
 .debug_frame   0x0000000000001374      0x3b4 build/stm32f4xx_hal_tim_ex.o
 .debug_frame   0x0000000000001728      0x174 build/stm32f4xx_hal_rcc.o
 .debug_frame   0x000000000000189c       0xd8 build/stm32f4xx_hal_gpio.o
 .debug_frame   0x0000000000001974      0x188 build/stm32f4xx_hal_dma.o
 .debug_frame   0x0000000000001afc      0x15c build/stm32f4xx_hal_cortex.o
 .debug_frame   0x0000000000001c58      0x1ec build/stm32f4xx_hal.o
 .debug_frame   0x0000000000001e44       0x30 build/system_stm32f4xx.o
 .debug_frame   0x0000000000001e74      0x590 build/stm32f4xx_hal_spi.o
 .debug_frame   0x0000000000002404      0x4ec build/stm32f4xx_hal_uart.o
 .debug_frame   0x00000000000028f0      0x1ec build/stm32f4xx_hal_dac.o
 .debug_frame   0x0000000000002adc      0x268 build/stm32f4xx_hal_adc.o
 .debug_frame   0x0000000000002d44      0x2dc build/stm32f4xx_hal_can.o
 .debug_frame   0x0000000000003020       0x2c /home/cahill/stm32cubeMx/install_bin/gcc-arm-none-eabi-9-2020-q2-update/bin/../lib/gcc/arm-none-eabi/9.3.1/../../../../arm-none-eabi/lib/thumb/v7e-m+fp/hard/libc.a(lib_a-init.o)
 .debug_frame   0x000000000000304c       0x38 /home/cahill/stm32cubeMx/install_bin/gcc-arm-none-eabi-9-2020-q2-update/bin/../lib/gcc/arm-none-eabi/9.3.1/../../../../arm-none-eabi/lib/thumb/v7e-m+fp/hard/libc.a(lib_a-memset.o)
 .debug_frame   0x0000000000003084       0x68 /home/cahill/stm32cubeMx/install_bin/gcc-arm-none-eabi-9-2020-q2-update/bin/../lib/gcc/arm-none-eabi/9.3.1/../../../../arm-none-eabi/lib/thumb/v7e-m+fp/hard/libc.a(lib_a-__call_atexit.o)
 .debug_frame   0x00000000000030ec       0x20 /home/cahill/stm32cubeMx/install_bin/gcc-arm-none-eabi-9-2020-q2-update/bin/../lib/gcc/arm-none-eabi/9.3.1/../../../../arm-none-eabi/lib/thumb/v7e-m+fp/hard/libc.a(lib_a-atexit.o)
 .debug_frame   0x000000000000310c       0x34 /home/cahill/stm32cubeMx/install_bin/gcc-arm-none-eabi-9-2020-q2-update/bin/../lib/gcc/arm-none-eabi/9.3.1/../../../../arm-none-eabi/lib/thumb/v7e-m+fp/hard/libc.a(lib_a-fini.o)
 .debug_frame   0x0000000000003140       0xb0 /home/cahill/stm32cubeMx/install_bin/gcc-arm-none-eabi-9-2020-q2-update/bin/../lib/gcc/arm-none-eabi/9.3.1/../../../../arm-none-eabi/lib/thumb/v7e-m+fp/hard/libc.a(lib_a-lock.o)
 .debug_frame   0x00000000000031f0       0x34 /home/cahill/stm32cubeMx/install_bin/gcc-arm-none-eabi-9-2020-q2-update/bin/../lib/gcc/arm-none-eabi/9.3.1/../../../../arm-none-eabi/lib/thumb/v7e-m+fp/hard/libc.a(lib_a-__atexit.o)
 .debug_frame   0x0000000000003224       0xac /home/cahill/stm32cubeMx/install_bin/gcc-arm-none-eabi-9-2020-q2-update/bin/../lib/gcc/arm-none-eabi/9.3.1/thumb/v7e-m+fp/hard/libgcc.a(_arm_addsubdf3.o)
 .debug_frame   0x00000000000032d0       0x50 /home/cahill/stm32cubeMx/install_bin/gcc-arm-none-eabi-9-2020-q2-update/bin/../lib/gcc/arm-none-eabi/9.3.1/thumb/v7e-m+fp/hard/libgcc.a(_arm_muldivdf3.o)
 .debug_frame   0x0000000000003320       0x24 /home/cahill/stm32cubeMx/install_bin/gcc-arm-none-eabi-9-2020-q2-update/bin/../lib/gcc/arm-none-eabi/9.3.1/thumb/v7e-m+fp/hard/libgcc.a(_arm_fixdfsi.o)
 .debug_frame   0x0000000000003344       0x24 /home/cahill/stm32cubeMx/install_bin/gcc-arm-none-eabi-9-2020-q2-update/bin/../lib/gcc/arm-none-eabi/9.3.1/thumb/v7e-m+fp/hard/libgcc.a(_arm_fixunsdfsi.o)
 .debug_frame   0x0000000000003368       0x24 /home/cahill/stm32cubeMx/install_bin/gcc-arm-none-eabi-9-2020-q2-update/bin/../lib/gcc/arm-none-eabi/9.3.1/thumb/v7e-m+fp/hard/libgcc.a(_arm_truncdfsf2.o)
 .debug_frame   0x000000000000338c       0x2c /home/cahill/stm32cubeMx/install_bin/gcc-arm-none-eabi-9-2020-q2-update/bin/../lib/gcc/arm-none-eabi/9.3.1/thumb/v7e-m+fp/hard/libgcc.a(_aeabi_uldivmod.o)
 .debug_frame   0x00000000000033b8       0x34 /home/cahill/stm32cubeMx/install_bin/gcc-arm-none-eabi-9-2020-q2-update/bin/../lib/gcc/arm-none-eabi/9.3.1/thumb/v7e-m+fp/hard/libgcc.a(_udivmoddi4.o)

Cross Reference Table

Symbol                                            File
ADC_IRQHandler                                    build/startup_stm32f405xx.o
AHBPrescTable                                     build/system_stm32f4xx.o
                                                  build/stm32f4xx_hal_rcc.o
APBPrescTable                                     build/system_stm32f4xx.o
                                                  build/stm32f4xx_hal_rcc.o
BusFault_Handler                                  build/stm32f4xx_it.o
CAN1_RX0_IRQHandler                               build/startup_stm32f405xx.o
CAN1_RX1_IRQHandler                               build/stm32f4xx_it.o
CAN1_SCE_IRQHandler                               build/startup_stm32f405xx.o
CAN1_TX_IRQHandler                                build/startup_stm32f405xx.o
CAN2_RX0_IRQHandler                               build/stm32f4xx_it.o
CAN2_RX1_IRQHandler                               build/startup_stm32f405xx.o
CAN2_SCE_IRQHandler                               build/startup_stm32f405xx.o
CAN2_TX_IRQHandler                                build/startup_stm32f405xx.o
DAC_DMAConvCpltCh2                                build/stm32f4xx_hal_dac_ex.o
                                                  build/stm32f4xx_hal_dac.o
DAC_DMAErrorCh2                                   build/stm32f4xx_hal_dac_ex.o
                                                  build/stm32f4xx_hal_dac.o
DAC_DMAHalfConvCpltCh2                            build/stm32f4xx_hal_dac_ex.o
                                                  build/stm32f4xx_hal_dac.o
DMA1_Stream0_IRQHandler                           build/startup_stm32f405xx.o
DMA1_Stream1_IRQHandler                           build/startup_stm32f405xx.o
DMA1_Stream2_IRQHandler                           build/startup_stm32f405xx.o
DMA1_Stream3_IRQHandler                           build/startup_stm32f405xx.o
DMA1_Stream4_IRQHandler                           build/startup_stm32f405xx.o
DMA1_Stream5_IRQHandler                           build/startup_stm32f405xx.o
DMA1_Stream6_IRQHandler                           build/stm32f4xx_it.o
DMA1_Stream7_IRQHandler                           build/startup_stm32f405xx.o
DMA2_Stream0_IRQHandler                           build/stm32f4xx_it.o
DMA2_Stream1_IRQHandler                           build/startup_stm32f405xx.o
DMA2_Stream2_IRQHandler                           build/stm32f4xx_it.o
DMA2_Stream3_IRQHandler                           build/startup_stm32f405xx.o
DMA2_Stream4_IRQHandler                           build/startup_stm32f405xx.o
DMA2_Stream5_IRQHandler                           build/startup_stm32f405xx.o
DMA2_Stream6_IRQHandler                           build/startup_stm32f405xx.o
DMA2_Stream7_IRQHandler                           build/startup_stm32f405xx.o
DebugMon_Handler                                  build/stm32f4xx_it.o
Default_Handler                                   build/startup_stm32f405xx.o
EXTI0_IRQHandler                                  build/startup_stm32f405xx.o
EXTI15_10_IRQHandler                              build/startup_stm32f405xx.o
EXTI1_IRQHandler                                  build/startup_stm32f405xx.o
EXTI2_IRQHandler                                  build/startup_stm32f405xx.o
EXTI3_IRQHandler                                  build/startup_stm32f405xx.o
EXTI4_IRQHandler                                  build/startup_stm32f405xx.o
EXTI9_5_IRQHandler                                build/startup_stm32f405xx.o
Error_Handler                                     build/main.o
                                                  build/stm32f4xx_hal_msp.o
                                                  build/mainLoop.o
FLASH_Erase_Sector                                build/stm32f4xx_hal_flash_ex.o
                                                  build/stm32f4xx_hal_flash.o
FLASH_FlushCaches                                 build/stm32f4xx_hal_flash_ex.o
                                                  build/stm32f4xx_hal_flash.o
FLASH_IRQHandler                                  build/startup_stm32f405xx.o
FLASH_WaitForLastOperation                        build/stm32f4xx_hal_flash.o
                                                  build/stm32f4xx_hal_flash_ex.o
FPU_IRQHandler                                    build/startup_stm32f405xx.o
FSMC_IRQHandler                                   build/startup_stm32f405xx.o
HAL_ADCEx_InjectedConfigChannel                   build/stm32f4xx_hal_adc_ex.o
HAL_ADCEx_InjectedConvCpltCallback                build/stm32f4xx_hal_adc_ex.o
                                                  build/stm32f4xx_hal_adc.o
HAL_ADCEx_InjectedGetValue                        build/stm32f4xx_hal_adc_ex.o
HAL_ADCEx_InjectedPollForConversion               build/stm32f4xx_hal_adc_ex.o
HAL_ADCEx_InjectedStart                           build/stm32f4xx_hal_adc_ex.o
HAL_ADCEx_InjectedStart_IT                        build/stm32f4xx_hal_adc_ex.o
HAL_ADCEx_InjectedStop                            build/stm32f4xx_hal_adc_ex.o
HAL_ADCEx_InjectedStop_IT                         build/stm32f4xx_hal_adc_ex.o
HAL_ADCEx_MultiModeConfigChannel                  build/stm32f4xx_hal_adc_ex.o
HAL_ADCEx_MultiModeGetValue                       build/stm32f4xx_hal_adc_ex.o
HAL_ADCEx_MultiModeStart_DMA                      build/stm32f4xx_hal_adc_ex.o
HAL_ADCEx_MultiModeStop_DMA                       build/stm32f4xx_hal_adc_ex.o
HAL_ADC_AnalogWDGConfig                           build/stm32f4xx_hal_adc.o
HAL_ADC_ConfigChannel                             build/stm32f4xx_hal_adc.o
                                                  build/main.o
HAL_ADC_ConvCpltCallback                          build/mainLoop.o
                                                  build/stm32f4xx_hal_adc_ex.o
HAL_ADC_ConvHalfCpltCallback                      build/stm32f4xx_hal_adc.o
                                                  build/stm32f4xx_hal_adc_ex.o
HAL_ADC_DeInit                                    build/stm32f4xx_hal_adc.o
HAL_ADC_ErrorCallback                             build/stm32f4xx_hal_adc.o
                                                  build/stm32f4xx_hal_adc_ex.o
HAL_ADC_GetError                                  build/stm32f4xx_hal_adc.o
HAL_ADC_GetState                                  build/stm32f4xx_hal_adc.o
HAL_ADC_GetValue                                  build/stm32f4xx_hal_adc.o
HAL_ADC_IRQHandler                                build/stm32f4xx_hal_adc.o
HAL_ADC_Init                                      build/stm32f4xx_hal_adc.o
                                                  build/main.o
HAL_ADC_LevelOutOfWindowCallback                  build/stm32f4xx_hal_adc.o
HAL_ADC_MspDeInit                                 build/stm32f4xx_hal_msp.o
HAL_ADC_MspInit                                   build/stm32f4xx_hal_msp.o
HAL_ADC_PollForConversion                         build/stm32f4xx_hal_adc.o
HAL_ADC_PollForEvent                              build/stm32f4xx_hal_adc.o
HAL_ADC_Start                                     build/stm32f4xx_hal_adc.o
HAL_ADC_Start_DMA                                 build/stm32f4xx_hal_adc.o
                                                  build/mainLoop.o
HAL_ADC_Start_IT                                  build/stm32f4xx_hal_adc.o
HAL_ADC_Stop                                      build/stm32f4xx_hal_adc.o
HAL_ADC_Stop_DMA                                  build/stm32f4xx_hal_adc.o
HAL_ADC_Stop_IT                                   build/stm32f4xx_hal_adc.o
HAL_CAN_AbortTxRequest                            build/stm32f4xx_hal_can.o
HAL_CAN_ActivateNotification                      build/stm32f4xx_hal_can.o
HAL_CAN_AddTxMessage                              build/stm32f4xx_hal_can.o
HAL_CAN_ConfigFilter                              build/stm32f4xx_hal_can.o
HAL_CAN_DeInit                                    build/stm32f4xx_hal_can.o
HAL_CAN_DeactivateNotification                    build/stm32f4xx_hal_can.o
HAL_CAN_ErrorCallback                             build/stm32f4xx_hal_can.o
HAL_CAN_GetError                                  build/stm32f4xx_hal_can.o
HAL_CAN_GetRxFifoFillLevel                        build/stm32f4xx_hal_can.o
HAL_CAN_GetRxMessage                              build/stm32f4xx_hal_can.o
HAL_CAN_GetState                                  build/stm32f4xx_hal_can.o
HAL_CAN_GetTxMailboxesFreeLevel                   build/stm32f4xx_hal_can.o
HAL_CAN_GetTxTimestamp                            build/stm32f4xx_hal_can.o
HAL_CAN_IRQHandler                                build/stm32f4xx_hal_can.o
                                                  build/stm32f4xx_it.o
HAL_CAN_Init                                      build/stm32f4xx_hal_can.o
                                                  build/main.o
HAL_CAN_IsSleepActive                             build/stm32f4xx_hal_can.o
HAL_CAN_IsTxMessagePending                        build/stm32f4xx_hal_can.o
HAL_CAN_MspDeInit                                 build/stm32f4xx_hal_msp.o
HAL_CAN_MspInit                                   build/stm32f4xx_hal_msp.o
HAL_CAN_RequestSleep                              build/stm32f4xx_hal_can.o
HAL_CAN_ResetError                                build/stm32f4xx_hal_can.o
HAL_CAN_RxFifo0FullCallback                       build/stm32f4xx_hal_can.o
HAL_CAN_RxFifo0MsgPendingCallback                 build/stm32f4xx_hal_can.o
HAL_CAN_RxFifo1FullCallback                       build/stm32f4xx_hal_can.o
HAL_CAN_RxFifo1MsgPendingCallback                 build/stm32f4xx_hal_can.o
HAL_CAN_SleepCallback                             build/stm32f4xx_hal_can.o
HAL_CAN_Start                                     build/stm32f4xx_hal_can.o
HAL_CAN_Stop                                      build/stm32f4xx_hal_can.o
HAL_CAN_TxMailbox0AbortCallback                   build/stm32f4xx_hal_can.o
HAL_CAN_TxMailbox0CompleteCallback                build/stm32f4xx_hal_can.o
HAL_CAN_TxMailbox1AbortCallback                   build/stm32f4xx_hal_can.o
HAL_CAN_TxMailbox1CompleteCallback                build/stm32f4xx_hal_can.o
HAL_CAN_TxMailbox2AbortCallback                   build/stm32f4xx_hal_can.o
HAL_CAN_TxMailbox2CompleteCallback                build/stm32f4xx_hal_can.o
HAL_CAN_WakeUp                                    build/stm32f4xx_hal_can.o
HAL_CAN_WakeUpFromRxMsgCallback                   build/stm32f4xx_hal_can.o
HAL_DACEx_ConvCpltCallbackCh2                     build/stm32f4xx_hal_dac_ex.o
HAL_DACEx_ConvHalfCpltCallbackCh2                 build/stm32f4xx_hal_dac_ex.o
HAL_DACEx_DMAUnderrunCallbackCh2                  build/stm32f4xx_hal_dac_ex.o
                                                  build/stm32f4xx_hal_dac.o
HAL_DACEx_DualGetValue                            build/stm32f4xx_hal_dac_ex.o
HAL_DACEx_DualSetValue                            build/stm32f4xx_hal_dac_ex.o
HAL_DACEx_ErrorCallbackCh2                        build/stm32f4xx_hal_dac_ex.o
HAL_DACEx_NoiseWaveGenerate                       build/stm32f4xx_hal_dac_ex.o
HAL_DACEx_TriangleWaveGenerate                    build/stm32f4xx_hal_dac_ex.o
HAL_DAC_ConfigChannel                             build/stm32f4xx_hal_dac.o
                                                  build/main.o
HAL_DAC_ConvCpltCallbackCh1                       build/stm32f4xx_hal_dac.o
HAL_DAC_ConvHalfCpltCallbackCh1                   build/stm32f4xx_hal_dac.o
HAL_DAC_DMAUnderrunCallbackCh1                    build/stm32f4xx_hal_dac.o
HAL_DAC_DeInit                                    build/stm32f4xx_hal_dac.o
HAL_DAC_ErrorCallbackCh1                          build/stm32f4xx_hal_dac.o
HAL_DAC_GetError                                  build/stm32f4xx_hal_dac.o
HAL_DAC_GetState                                  build/stm32f4xx_hal_dac.o
HAL_DAC_GetValue                                  build/stm32f4xx_hal_dac.o
HAL_DAC_IRQHandler                                build/stm32f4xx_hal_dac.o
HAL_DAC_Init                                      build/stm32f4xx_hal_dac.o
                                                  build/main.o
HAL_DAC_MspDeInit                                 build/stm32f4xx_hal_msp.o
HAL_DAC_MspInit                                   build/stm32f4xx_hal_msp.o
HAL_DAC_SetValue                                  build/stm32f4xx_hal_dac.o
                                                  build/mainLoop.o
HAL_DAC_Start                                     build/stm32f4xx_hal_dac.o
                                                  build/mainLoop.o
HAL_DAC_Start_DMA                                 build/stm32f4xx_hal_dac.o
HAL_DAC_Stop                                      build/stm32f4xx_hal_dac.o
HAL_DAC_Stop_DMA                                  build/stm32f4xx_hal_dac.o
HAL_DBGMCU_DisableDBGSleepMode                    build/stm32f4xx_hal.o
HAL_DBGMCU_DisableDBGStandbyMode                  build/stm32f4xx_hal.o
HAL_DBGMCU_DisableDBGStopMode                     build/stm32f4xx_hal.o
HAL_DBGMCU_EnableDBGSleepMode                     build/stm32f4xx_hal.o
HAL_DBGMCU_EnableDBGStandbyMode                   build/stm32f4xx_hal.o
HAL_DBGMCU_EnableDBGStopMode                      build/stm32f4xx_hal.o
HAL_DMAEx_ChangeMemory                            build/stm32f4xx_hal_dma_ex.o
HAL_DMAEx_MultiBufferStart                        build/stm32f4xx_hal_dma_ex.o
HAL_DMAEx_MultiBufferStart_IT                     build/stm32f4xx_hal_dma_ex.o
HAL_DMA_Abort                                     build/stm32f4xx_hal_dma.o
                                                  build/stm32f4xx_hal_adc_ex.o
                                                  build/stm32f4xx_hal_adc.o
                                                  build/stm32f4xx_hal_dac.o
                                                  build/stm32f4xx_hal_uart.o
                                                  build/stm32f4xx_hal_spi.o
HAL_DMA_Abort_IT                                  build/stm32f4xx_hal_dma.o
                                                  build/stm32f4xx_hal_uart.o
                                                  build/stm32f4xx_hal_spi.o
                                                  build/stm32f4xx_hal_tim_ex.o
                                                  build/stm32f4xx_hal_tim.o
HAL_DMA_DeInit                                    build/stm32f4xx_hal_dma.o
                                                  build/stm32f4xx_hal_msp.o
HAL_DMA_GetError                                  build/stm32f4xx_hal_dma.o
                                                  build/stm32f4xx_hal_uart.o
HAL_DMA_GetState                                  build/stm32f4xx_hal_dma.o
HAL_DMA_IRQHandler                                build/stm32f4xx_hal_dma.o
                                                  build/stm32f4xx_it.o
HAL_DMA_Init                                      build/stm32f4xx_hal_dma.o
                                                  build/stm32f4xx_hal_msp.o
HAL_DMA_PollForTransfer                           build/stm32f4xx_hal_dma.o
HAL_DMA_RegisterCallback                          build/stm32f4xx_hal_dma.o
HAL_DMA_Start                                     build/stm32f4xx_hal_dma.o
HAL_DMA_Start_IT                                  build/stm32f4xx_hal_dma.o
                                                  build/stm32f4xx_hal_adc_ex.o
                                                  build/stm32f4xx_hal_adc.o
                                                  build/stm32f4xx_hal_dac.o
                                                  build/stm32f4xx_hal_uart.o
                                                  build/stm32f4xx_hal_spi.o
                                                  build/stm32f4xx_hal_tim_ex.o
                                                  build/stm32f4xx_hal_tim.o
HAL_DMA_UnRegisterCallback                        build/stm32f4xx_hal_dma.o
HAL_DeInit                                        build/stm32f4xx_hal.o
HAL_Delay                                         build/stm32f4xx_hal.o
                                                  build/max5307.o
                                                  build/ad9520_function.o
                                                  build/mainLoop.o
HAL_DisableCompensationCell                       build/stm32f4xx_hal.o
HAL_EXTI_ClearConfigLine                          build/stm32f4xx_hal_exti.o
HAL_EXTI_ClearPending                             build/stm32f4xx_hal_exti.o
HAL_EXTI_GenerateSWI                              build/stm32f4xx_hal_exti.o
HAL_EXTI_GetConfigLine                            build/stm32f4xx_hal_exti.o
HAL_EXTI_GetHandle                                build/stm32f4xx_hal_exti.o
HAL_EXTI_GetPending                               build/stm32f4xx_hal_exti.o
HAL_EXTI_IRQHandler                               build/stm32f4xx_hal_exti.o
HAL_EXTI_RegisterCallback                         build/stm32f4xx_hal_exti.o
HAL_EXTI_SetConfigLine                            build/stm32f4xx_hal_exti.o
HAL_EnableCompensationCell                        build/stm32f4xx_hal.o
HAL_FLASHEx_Erase                                 build/stm32f4xx_hal_flash_ex.o
HAL_FLASHEx_Erase_IT                              build/stm32f4xx_hal_flash_ex.o
HAL_FLASHEx_OBGetConfig                           build/stm32f4xx_hal_flash_ex.o
HAL_FLASHEx_OBProgram                             build/stm32f4xx_hal_flash_ex.o
HAL_FLASH_EndOfOperationCallback                  build/stm32f4xx_hal_flash.o
HAL_FLASH_GetError                                build/stm32f4xx_hal_flash.o
HAL_FLASH_IRQHandler                              build/stm32f4xx_hal_flash.o
HAL_FLASH_Lock                                    build/stm32f4xx_hal_flash.o
HAL_FLASH_OB_Launch                               build/stm32f4xx_hal_flash.o
HAL_FLASH_OB_Lock                                 build/stm32f4xx_hal_flash.o
HAL_FLASH_OB_Unlock                               build/stm32f4xx_hal_flash.o
HAL_FLASH_OperationErrorCallback                  build/stm32f4xx_hal_flash.o
HAL_FLASH_Program                                 build/stm32f4xx_hal_flash.o
HAL_FLASH_Program_IT                              build/stm32f4xx_hal_flash.o
HAL_FLASH_Unlock                                  build/stm32f4xx_hal_flash.o