Component: ARM Compiler 5.06 update 6 (build 750) Tool: armlink [4d35ed]

==============================================================================

Section Cross References

    startup_stm32f405xx.o(RESET) refers to startup_stm32f405xx.o(STACK) for __initial_sp
    startup_stm32f405xx.o(RESET) refers to startup_stm32f405xx.o(.text) for Reset_Handler
    startup_stm32f405xx.o(RESET) refers to stm32f4xx_it.o(i.NMI_Handler) for NMI_Handler
    startup_stm32f405xx.o(RESET) refers to stm32f4xx_it.o(i.HardFault_Handler) for HardFault_Handler
    startup_stm32f405xx.o(RESET) refers to stm32f4xx_it.o(i.MemManage_Handler) for MemManage_Handler
    startup_stm32f405xx.o(RESET) refers to stm32f4xx_it.o(i.BusFault_Handler) for BusFault_Handler
    startup_stm32f405xx.o(RESET) refers to stm32f4xx_it.o(i.UsageFault_Handler) for UsageFault_Handler
    startup_stm32f405xx.o(RESET) refers to stm32f4xx_it.o(i.SVC_Handler) for SVC_Handler
    startup_stm32f405xx.o(RESET) refers to stm32f4xx_it.o(i.DebugMon_Handler) for DebugMon_Handler
    startup_stm32f405xx.o(RESET) refers to stm32f4xx_it.o(i.PendSV_Handler) for PendSV_Handler
    startup_stm32f405xx.o(RESET) refers to stm32f4xx_it.o(i.SysTick_Handler) for SysTick_Handler
    startup_stm32f405xx.o(RESET) refers to stm32f4xx_it.o(i.CAN1_RX1_IRQHandler) for CAN1_RX1_IRQHandler
    startup_stm32f405xx.o(RESET) refers to stm32f4xx_it.o(i.USART2_IRQHandler) for USART2_IRQHandler
    startup_stm32f405xx.o(RESET) refers to stm32f4xx_it.o(i.TIM5_IRQHandler) for TIM5_IRQHandler
    startup_stm32f405xx.o(RESET) refers to stm32f4xx_it.o(i.DMA2_Stream0_IRQHandler) for DMA2_Stream0_IRQHandler
    startup_stm32f405xx.o(RESET) refers to stm32f4xx_it.o(i.DMA2_Stream2_IRQHandler) for DMA2_Stream2_IRQHandler
    startup_stm32f405xx.o(RESET) refers to stm32f4xx_it.o(i.CAN2_RX0_IRQHandler) for CAN2_RX0_IRQHandler
    startup_stm32f405xx.o(.text) refers to system_stm32f4xx.o(i.SystemInit) for SystemInit
    startup_stm32f405xx.o(.text) refers to entry.o(.ARM.Collect$$$$00000000) for __main
    ad9520_function.o(i.check_ad9520_status) refers to ad9520_function.o(i.read_ad9520_all_regs_setdefaultVal) for read_ad9520_all_regs_setdefaultVal
    ad9520_function.o(i.init_ad9520) refers to ad9520_function.o(i.init_ad9520_spiport) for init_ad9520_spiport
    ad9520_function.o(i.init_ad9520) refers to ad9520_function.o(i.set_ad9520_spiport) for set_ad9520_spiport
    ad9520_function.o(i.init_ad9520) refers to ad9520_function.o(i.set_ad9520_eeprom_custom_id_reg) for set_ad9520_eeprom_custom_id_reg
    ad9520_function.o(i.init_ad9520) refers to ad9520_function.o(i.read_ad9520_all_regs_setdefaultVal) for read_ad9520_all_regs_setdefaultVal
    ad9520_function.o(i.init_ad9520) refers to stm32f4xx_hal.o(i.HAL_Delay) for HAL_Delay
    ad9520_function.o(i.init_ad9520) refers to ad9520_function.o(i.set_custom_val) for set_custom_val
    ad9520_function.o(i.init_ad9520_spiport) refers to stm32f4xx_hal_gpio.o(i.HAL_GPIO_WritePin) for HAL_GPIO_WritePin
    ad9520_function.o(i.read_ad9520_all_regs_setdefaultVal) refers to ad9520_function.o(i.read_ad9520_reg) for read_ad9520_reg
    ad9520_function.o(i.read_ad9520_all_regs_setdefaultVal) refers to ad9520_function.o(.data) for .data
    ad9520_function.o(i.read_ad9520_reg) refers to stm32f4xx_hal_gpio.o(i.HAL_GPIO_WritePin) for HAL_GPIO_WritePin
    ad9520_function.o(i.read_ad9520_reg) refers to stm32f4xx_hal_spi.o(i.HAL_SPI_Transmit) for HAL_SPI_Transmit
    ad9520_function.o(i.read_ad9520_reg) refers to stm32f4xx_hal_spi.o(i.HAL_SPI_Receive) for HAL_SPI_Receive
    ad9520_function.o(i.read_ad9520_reg) refers to main.o(.bss) for hspi1
    ad9520_function.o(i.set_ad9520_eeprom_custom_id_reg) refers to ad9520_function.o(i.write_ad9520_reg) for write_ad9520_reg
    ad9520_function.o(i.set_ad9520_eeprom_custom_id_reg) refers to ad9520_function.o(.data) for .data
    ad9520_function.o(i.set_ad9520_spiport) refers to ad9520_function.o(i.write_ad9520_reg) for write_ad9520_reg
    ad9520_function.o(i.set_ad9520_spiport) refers to ad9520_function.o(.data) for .data
    ad9520_function.o(i.set_custom_val) refers to stm32f4xx_hal.o(i.HAL_Delay) for HAL_Delay
    ad9520_function.o(i.set_custom_val) refers to stm32f4xx_hal_gpio.o(i.HAL_GPIO_WritePin) for HAL_GPIO_WritePin
    ad9520_function.o(i.set_custom_val) refers to stm32f4xx_hal_spi.o(i.HAL_SPI_Transmit) for HAL_SPI_Transmit
    ad9520_function.o(i.set_custom_val) refers to ad9520_function.o(i.update_ad9520_regs) for update_ad9520_regs
    ad9520_function.o(i.set_custom_val) refers to ad9520_function.o(.data) for .data
    ad9520_function.o(i.set_custom_val) refers to main.o(.bss) for hspi1
    ad9520_function.o(i.update_ad9520_regs) refers to ad9520_function.o(i.write_ad9520_reg) for write_ad9520_reg
    ad9520_function.o(i.update_ad9520_regs) refers to ad9520_function.o(.data) for .data
[...]
    ../Drivers/STM32F4xx_HAL_Driver/Src/stm32f4xx_hal_flash_ramfunc.c 0x00000000   Number         0  stm32f4xx_hal_flash_ramfunc.o ABSOLUTE
    ../Drivers/STM32F4xx_HAL_Driver/Src/stm32f4xx_hal_gpio.c 0x00000000   Number         0  stm32f4xx_hal_gpio.o ABSOLUTE
    ../Drivers/STM32F4xx_HAL_Driver/Src/stm32f4xx_hal_pwr.c 0x00000000   Number         0  stm32f4xx_hal_pwr.o ABSOLUTE
    ../Drivers/STM32F4xx_HAL_Driver/Src/stm32f4xx_hal_pwr_ex.c 0x00000000   Number         0  stm32f4xx_hal_pwr_ex.o ABSOLUTE
    ../Drivers/STM32F4xx_HAL_Driver/Src/stm32f4xx_hal_rcc.c 0x00000000   Number         0  stm32f4xx_hal_rcc.o ABSOLUTE
    ../Drivers/STM32F4xx_HAL_Driver/Src/stm32f4xx_hal_rcc_ex.c 0x00000000   Number         0  stm32f4xx_hal_rcc_ex.o ABSOLUTE
    ../Drivers/STM32F4xx_HAL_Driver/Src/stm32f4xx_hal_spi.c 0x00000000   Number         0  stm32f4xx_hal_spi.o ABSOLUTE
    ../Drivers/STM32F4xx_HAL_Driver/Src/stm32f4xx_hal_tim.c 0x00000000   Number         0  stm32f4xx_hal_tim.o ABSOLUTE
    ../Drivers/STM32F4xx_HAL_Driver/Src/stm32f4xx_hal_tim_ex.c 0x00000000   Number         0  stm32f4xx_hal_tim_ex.o ABSOLUTE
    ../Drivers/STM32F4xx_HAL_Driver/Src/stm32f4xx_hal_uart.c 0x00000000   Number         0  stm32f4xx_hal_uart.o ABSOLUTE
    ../clib/../cmprslib/zerorunl.c           0x00000000   Number         0  __dczerorl.o ABSOLUTE
    ../clib/microlib/division.c              0x00000000   Number         0  uldiv.o ABSOLUTE
    ../clib/microlib/errno.c                 0x00000000   Number         0  errno.o ABSOLUTE
    ../clib/microlib/init/entry.s            0x00000000   Number         0  entry11b.o ABSOLUTE
    ../clib/microlib/init/entry.s            0x00000000   Number         0  entry9a.o ABSOLUTE
    ../clib/microlib/init/entry.s            0x00000000   Number         0  entry8b.o ABSOLUTE
    ../clib/microlib/init/entry.s            0x00000000   Number         0  entry.o ABSOLUTE
    ../clib/microlib/init/entry.s            0x00000000   Number         0  entry7b.o ABSOLUTE
    ../clib/microlib/init/entry.s            0x00000000   Number         0  entry7a.o ABSOLUTE
    ../clib/microlib/init/entry.s            0x00000000   Number         0  entry5.o ABSOLUTE
    ../clib/microlib/init/entry.s            0x00000000   Number         0  entry2.o ABSOLUTE
    ../clib/microlib/init/entry.s            0x00000000   Number         0  entry8a.o ABSOLUTE
    ../clib/microlib/init/entry.s            0x00000000   Number         0  entry10a.o ABSOLUTE
    ../clib/microlib/init/entry.s            0x00000000   Number         0  entry9b.o ABSOLUTE
    ../clib/microlib/init/entry.s            0x00000000   Number         0  entry10b.o ABSOLUTE
    ../clib/microlib/init/entry.s            0x00000000   Number         0  entry11a.o ABSOLUTE
    ../clib/microlib/longlong.c              0x00000000   Number         0  llshl.o ABSOLUTE
    ../clib/microlib/longlong.c              0x00000000   Number         0  llushr.o ABSOLUTE
    ../clib/microlib/longlong.c              0x00000000   Number         0  llsshr.o ABSOLUTE
    ../clib/microlib/string/memset.c         0x00000000   Number         0  memseta.o ABSOLUTE
    ../clib/microlib/stubs.s                 0x00000000   Number         0  iusefp.o ABSOLUTE
    ../fplib/microlib/d2f.c                  0x00000000   Number         0  d2f.o ABSOLUTE
    ../fplib/microlib/f2d.c                  0x00000000   Number         0  f2d.o ABSOLUTE
    ../fplib/microlib/fpadd.c                0x00000000   Number         0  dadd.o ABSOLUTE
    ../fplib/microlib/fpdiv.c                0x00000000   Number         0  ddiv.o ABSOLUTE
    ../fplib/microlib/fpepilogue.c           0x00000000   Number         0  depilogue.o ABSOLUTE
    ../fplib/microlib/fpepilogue.c           0x00000000   Number         0  fepilogue.o ABSOLUTE
    ../fplib/microlib/fpfix.c                0x00000000   Number         0  dfixui.o ABSOLUTE
    ../fplib/microlib/fpfix.c                0x00000000   Number         0  dfixi.o ABSOLUTE
    ../fplib/microlib/fpflt.c                0x00000000   Number         0  dflti.o ABSOLUTE
    ../fplib/microlib/fpflt.c                0x00000000   Number         0  dfltui.o ABSOLUTE
    ../fplib/microlib/fpmul.c                0x00000000   Number         0  dmul.o ABSOLUTE
    ../fplib/microlib/fpneg.c                0x00000000   Number         0  dneg.o ABSOLUTE
    ../fplib/microlib/fprnd.c                0x00000000   Number         0  drnd.o ABSOLUTE
    ../mathlib/cos_i.c                       0x00000000   Number         0  cos_i.o ABSOLUTE
    ../mathlib/dunder.c                      0x00000000   Number         0  dunder.o ABSOLUTE
    ../mathlib/fabs.c                        0x00000000   Number         0  fabs.o ABSOLUTE
    ../mathlib/fpclassify.c                  0x00000000   Number         0  fpclassify.o ABSOLUTE
    ../mathlib/poly.c                        0x00000000   Number         0  poly.o ABSOLUTE
    ../mathlib/round.c                       0x00000000   Number         0  round.o ABSOLUTE
    ../mathlib/rred.c                        0x00000000   Number         0  rred.o ABSOLUTE
    ../mathlib/sin.c                         0x00000000   Number         0  sin.o ABSOLUTE
    ../mathlib/sin.c                         0x00000000   Number         0  sin_x.o ABSOLUTE
    ../mathlib/sin_i.c                       0x00000000   Number         0  sin_i.o ABSOLUTE
    ../mathlib/sin_i.c                       0x00000000   Number         0  sin_i_x.o ABSOLUTE
    ..\Core\Src\ad9520_function.c            0x00000000   Number         0  ad9520_function.o ABSOLUTE
    ..\Core\Src\main.c                       0x00000000   Number         0  main.o ABSOLUTE
    ..\Core\Src\mainLoop.c                   0x00000000   Number         0  mainloop.o ABSOLUTE
    ..\Core\Src\max5307.c                    0x00000000   Number         0  max5307.o ABSOLUTE
    ..\Core\Src\stm32f4xx_hal_msp.c          0x00000000   Number         0  stm32f4xx_hal_msp.o ABSOLUTE
    ..\Core\Src\stm32f4xx_it.c               0x00000000   Number         0  stm32f4xx_it.o ABSOLUTE
    ..\Core\Src\system_stm32f4xx.c           0x00000000   Number         0  system_stm32f4xx.o ABSOLUTE
    ..\Drivers\STM32F4xx_HAL_Driver\Src\stm32f4xx_hal.c 0x00000000   Number         0  stm32f4xx_hal.o ABSOLUTE
    ..\Drivers\STM32F4xx_HAL_Driver\Src\stm32f4xx_hal_adc.c 0x00000000   Number         0  stm32f4xx_hal_adc.o ABSOLUTE
    ..\Drivers\STM32F4xx_HAL_Driver\Src\stm32f4xx_hal_adc_ex.c 0x00000000   Number         0  stm32f4xx_hal_adc_ex.o ABSOLUTE
    ..\Drivers\STM32F4xx_HAL_Driver\Src\stm32f4xx_hal_can.c 0x00000000   Number         0  stm32f4xx_hal_can.o ABSOLUTE
    ..\Drivers\STM32F4xx_HAL_Driver\Src\stm32f4xx_hal_cortex.c 0x00000000   Number         0  stm32f4xx_hal_cortex.o ABSOLUTE
    ..\Drivers\STM32F4xx_HAL_Driver\Src\stm32f4xx_hal_dac.c 0x00000000   Number         0  stm32f4xx_hal_dac.o ABSOLUTE
    ..\Drivers\STM32F4xx_HAL_Driver\Src\stm32f4xx_hal_dac_ex.c 0x00000000   Number         0  stm32f4xx_hal_dac_ex.o ABSOLUTE
    ..\Drivers\STM32F4xx_HAL_Driver\Src\stm32f4xx_hal_dma.c 0x00000000   Number         0  stm32f4xx_hal_dma.o ABSOLUTE
    ..\Drivers\STM32F4xx_HAL_Driver\Src\stm32f4xx_hal_dma_ex.c 0x00000000   Number         0  stm32f4xx_hal_dma_ex.o ABSOLUTE
    ..\Drivers\STM32F4xx_HAL_Driver\Src\stm32f4xx_hal_exti.c 0x00000000   Number         0  stm32f4xx_hal_exti.o ABSOLUTE
    ..\Drivers\STM32F4xx_HAL_Driver\Src\stm32f4xx_hal_flash.c 0x00000000   Number         0  stm32f4xx_hal_flash.o ABSOLUTE
    ..\Drivers\STM32F4xx_HAL_Driver\Src\stm32f4xx_hal_flash_ex.c 0x00000000   Number         0  stm32f4xx_hal_flash_ex.o ABSOLUTE
    ..\Drivers\STM32F4xx_HAL_Driver\Src\stm32f4xx_hal_flash_ramfunc.c 0x00000000   Number         0  stm32f4xx_hal_flash_ramfunc.o ABSOLUTE
    ..\Drivers\STM32F4xx_HAL_Driver\Src\stm32f4xx_hal_gpio.c 0x00000000   Number         0  stm32f4xx_hal_gpio.o ABSOLUTE
    ..\Drivers\STM32F4xx_HAL_Driver\Src\stm32f4xx_hal_pwr.c 0x00000000   Number         0  stm32f4xx_hal_pwr.o ABSOLUTE
    ..\Drivers\STM32F4xx_HAL_Driver\Src\stm32f4xx_hal_pwr_ex.c 0x00000000   Number         0  stm32f4xx_hal_pwr_ex.o ABSOLUTE
    ..\Drivers\STM32F4xx_HAL_Driver\Src\stm32f4xx_hal_rcc.c 0x00000000   Number         0  stm32f4xx_hal_rcc.o ABSOLUTE
    ..\Drivers\STM32F4xx_HAL_Driver\Src\stm32f4xx_hal_rcc_ex.c 0x00000000   Number         0  stm32f4xx_hal_rcc_ex.o ABSOLUTE
    ..\Drivers\STM32F4xx_HAL_Driver\Src\stm32f4xx_hal_spi.c 0x00000000   Number         0  stm32f4xx_hal_spi.o ABSOLUTE
    ..\Drivers\STM32F4xx_HAL_Driver\Src\stm32f4xx_hal_tim.c 0x00000000   Number         0  stm32f4xx_hal_tim.o ABSOLUTE
    ..\Drivers\STM32F4xx_HAL_Driver\Src\stm32f4xx_hal_tim_ex.c 0x00000000   Number         0  stm32f4xx_hal_tim_ex.o ABSOLUTE
    ..\Drivers\STM32F4xx_HAL_Driver\Src\stm32f4xx_hal_uart.c 0x00000000   Number         0  stm32f4xx_hal_uart.o ABSOLUTE
    ..\\Core\\Src\\ad9520_function.c         0x00000000   Number         0  ad9520_function.o ABSOLUTE
    ..\\Core\\Src\\mainLoop.c                0x00000000   Number         0  mainloop.o ABSOLUTE
    ..\\Core\\Src\\max5307.c                 0x00000000   Number         0  max5307.o ABSOLUTE
    cdcmple.s                                0x00000000   Number         0  cdcmple.o ABSOLUTE
    cdrcmple.s                               0x00000000   Number         0  cdrcmple.o ABSOLUTE
    dc.s                                     0x00000000   Number         0  dc.o ABSOLUTE
    handlers.s                               0x00000000   Number         0  handlers.o ABSOLUTE
    init.s                                   0x00000000   Number         0  init.o ABSOLUTE
    startup_stm32f405xx.s                    0x00000000   Number         0  startup_stm32f405xx.o ABSOLUTE
    RESET                                    0x08000000   Section      392  startup_stm32f405xx.o(RESET)
    .ARM.Collect$$$$00000000                 0x08000188   Section        0  entry.o(.ARM.Collect$$$$00000000)
    .ARM.Collect$$$$00000001                 0x08000188   Section        4  entry2.o(.ARM.Collect$$$$00000001)
    .ARM.Collect$$$$00000004                 0x0800018c   Section        4  entry5.o(.ARM.Collect$$$$00000004)
    .ARM.Collect$$$$00000008                 0x08000190   Section        0  entry7b.o(.ARM.Collect$$$$00000008)
    .ARM.Collect$$$$0000000A                 0x08000190   Section        0  entry8b.o(.ARM.Collect$$$$0000000A)
    .ARM.Collect$$$$0000000B                 0x08000190   Section        8  entry9a.o(.ARM.Collect$$$$0000000B)
    .ARM.Collect$$$$0000000D                 0x08000198   Section        0  entry10a.o(.ARM.Collect$$$$0000000D)
    .ARM.Collect$$$$0000000F                 0x08000198   Section        0  entry11a.o(.ARM.Collect$$$$0000000F)
    .ARM.Collect$$$$00002712                 0x08000198   Section        4  entry2.o(.ARM.Collect$$$$00002712)
    __lit__00000000                          0x08000198   Data           4  entry2.o(.ARM.Collect$$$$00002712)
    .text                                    0x0800019c   Section       36  startup_stm32f405xx.o(.text)
    $v0                                      0x0800019c   Number         0  startup_stm32f405xx.o(.text)
    .text                                    0x080001c0   Section        0  uldiv.o(.text)
    .text                                    0x08000222   Section        0  memseta.o(.text)
    .text                                    0x08000246   Section        0  dadd.o(.text)
    .text                                    0x08000394   Section        0  dmul.o(.text)
    .text                                    0x08000478   Section        0  ddiv.o(.text)
    .text                                    0x08000556   Section        0  dfixui.o(.text)
    .text                                    0x08000588   Section        0  f2d.o(.text)
    .text                                    0x080005ae   Section        0  d2f.o(.text)
    .text                                    0x080005e6   Section        0  llshl.o(.text)
    .text                                    0x08000604   Section        0  llushr.o(.text)
    .text                                    0x08000624   Section        0  llsshr.o(.text)
    .text                                    0x08000648   Section        0  fepilogue.o(.text)
    .text                                    0x08000648   Section        0  iusefp.o(.text)
    .text                                    0x080006b6   Section        0  depilogue.o(.text)
    .text                                    0x08000770   Section       36  init.o(.text)
    .text                                    0x08000794   Section        0  __dczerorl.o(.text)
    i.ADC_DMAConvCplt                        0x080007ce   Section        0  stm32f4xx_hal_adc.o(i.ADC_DMAConvCplt)
    ADC_DMAConvCplt                          0x080007cf   Thumb Code   110  stm32f4xx_hal_adc.o(i.ADC_DMAConvCplt)
    i.ADC_DMAError                           0x0800083c   Section        0  stm32f4xx_hal_adc.o(i.ADC_DMAError)
    ADC_DMAError                             0x0800083d   Thumb Code    22  stm32f4xx_hal_adc.o(i.ADC_DMAError)
    i.ADC_DMAHalfConvCplt                    0x08000852   Section        0  stm32f4xx_hal_adc.o(i.ADC_DMAHalfConvCplt)
    ADC_DMAHalfConvCplt                      0x08000853   Thumb Code    10  stm32f4xx_hal_adc.o(i.ADC_DMAHalfConvCplt)
    i.ADC_Init                               0x0800085c   Section        0  stm32f4xx_hal_adc.o(i.ADC_Init)
    ADC_Init                                 0x0800085d   Thumb Code   284  stm32f4xx_hal_adc.o(i.ADC_Init)
    i.BusFault_Handler                       0x08000984   Section        0  stm32f4xx_it.o(i.BusFault_Handler)
    i.CAN1_RX1_IRQHandler                    0x08000988   Section        0  stm32f4xx_it.o(i.CAN1_RX1_IRQHandler)
    i.CAN2_RX0_IRQHandler                    0x08000994   Section        0  stm32f4xx_it.o(i.CAN2_RX0_IRQHandler)
    i.DMA2_Stream0_IRQHandler                0x080009a0   Section        0  stm32f4xx_it.o(i.DMA2_Stream0_IRQHandler)
    i.DMA2_Stream2_IRQHandler                0x080009ac   Section        0  stm32f4xx_it.o(i.DMA2_Stream2_IRQHandler)
    i.DMA_CalcBaseAndBitshift                0x080009b8   Section        0  stm32f4xx_hal_dma.o(i.DMA_CalcBaseAndBitshift)
    DMA_CalcBaseAndBitshift                  0x080009b9   Thumb Code    34  stm32f4xx_hal_dma.o(i.DMA_CalcBaseAndBitshift)
    i.DMA_CheckFifoParam                     0x080009e0   Section        0  stm32f4xx_hal_dma.o(i.DMA_CheckFifoParam)
    DMA_CheckFifoParam                       0x080009e1   Thumb Code    84  stm32f4xx_hal_dma.o(i.DMA_CheckFifoParam)
    i.DMA_SetConfig                          0x08000a34   Section        0  stm32f4xx_hal_dma.o(i.DMA_SetConfig)
    DMA_SetConfig                            0x08000a35   Thumb Code    40  stm32f4xx_hal_dma.o(i.DMA_SetConfig)
    i.DebugMon_Handler                       0x08000a5c   Section        0  stm32f4xx_it.o(i.DebugMon_Handler)
    i.Error_Handler                          0x08000a5e   Section        0  main.o(i.Error_Handler)
    i.HAL_ADC_ConfigChannel                  0x08000a60   Section        0  stm32f4xx_hal_adc.o(i.HAL_ADC_ConfigChannel)
    i.HAL_ADC_ConvCpltCallback               0x08000bac   Section        0  mainloop.o(i.HAL_ADC_ConvCpltCallback)
    i.HAL_ADC_ConvHalfCpltCallback           0x08000c2c   Section        0  stm32f4xx_hal_adc.o(i.HAL_ADC_ConvHalfCpltCallback)
    i.HAL_ADC_ErrorCallback                  0x08000c2e   Section        0  stm32f4xx_hal_adc.o(i.HAL_ADC_ErrorCallback)
    i.HAL_ADC_Init                           0x08000c30   Section        0  stm32f4xx_hal_adc.o(i.HAL_ADC_Init)
    i.HAL_ADC_MspInit                        0x08000c84   Section        0  stm32f4xx_hal_msp.o(i.HAL_ADC_MspInit)
    i.HAL_ADC_Start_DMA                      0x08000d88   Section        0  stm32f4xx_hal_adc.o(i.HAL_ADC_Start_DMA)
    i.HAL_CAN_ErrorCallback                  0x08000eb8   Section        0  stm32f4xx_hal_can.o(i.HAL_CAN_ErrorCallback)
    i.HAL_CAN_IRQHandler                     0x08000eba   Section        0  stm32f4xx_hal_can.o(i.HAL_CAN_IRQHandler)
    i.HAL_CAN_Init                           0x080010b6   Section        0  stm32f4xx_hal_can.o(i.HAL_CAN_Init)
    i.HAL_CAN_MspInit                        0x080011d0   Section        0  stm32f4xx_hal_msp.o(i.HAL_CAN_MspInit)
    i.HAL_CAN_RxFifo0FullCallback            0x080012d0   Section        0  stm32f4xx_hal_can.o(i.HAL_CAN_RxFifo0FullCallback)
    i.HAL_CAN_RxFifo0MsgPendingCallback      0x080012d2   Section        0  stm32f4xx_hal_can.o(i.HAL_CAN_RxFifo0MsgPendingCallback)
    i.HAL_CAN_RxFifo1FullCallback            0x080012d4   Section        0  stm32f4xx_hal_can.o(i.HAL_CAN_RxFifo1FullCallback)
    i.HAL_CAN_RxFifo1MsgPendingCallback      0x080012d6   Section        0  stm32f4xx_hal_can.o(i.HAL_CAN_RxFifo1MsgPendingCallback)
    i.HAL_CAN_SleepCallback                  0x080012d8   Section        0  stm32f4xx_hal_can.o(i.HAL_CAN_SleepCallback)
    i.HAL_CAN_TxMailbox0AbortCallback        0x080012da   Section        0  stm32f4xx_hal_can.o(i.HAL_CAN_TxMailbox0AbortCallback)
    i.HAL_CAN_TxMailbox0CompleteCallback     0x080012dc   Section        0  stm32f4xx_hal_can.o(i.HAL_CAN_TxMailbox0CompleteCallback)
    i.HAL_CAN_TxMailbox1AbortCallback        0x080012de   Section        0  stm32f4xx_hal_can.o(i.HAL_CAN_TxMailbox1AbortCallback)
    i.HAL_CAN_TxMailbox1CompleteCallback     0x080012e0   Section        0  stm32f4xx_hal_can.o(i.HAL_CAN_TxMailbox1CompleteCallback)
    i.HAL_CAN_TxMailbox2AbortCallback        0x080012e2   Section        0  stm32f4xx_hal_can.o(i.HAL_CAN_TxMailbox2AbortCallback)
    i.HAL_CAN_TxMailbox2CompleteCallback     0x080012e4   Section        0  stm32f4xx_hal_can.o(i.HAL_CAN_TxMailbox2CompleteCallback)
    i.HAL_CAN_WakeUpFromRxMsgCallback        0x080012e6   Section        0  stm32f4xx_hal_can.o(i.HAL_CAN_WakeUpFromRxMsgCallback)
    i.HAL_DAC_ConfigChannel                  0x080012e8   Section        0  stm32f4xx_hal_dac.o(i.HAL_DAC_ConfigChannel)
    i.HAL_DAC_Init                           0x0800132a   Section        0  stm32f4xx_hal_dac.o(i.HAL_DAC_Init)
    i.HAL_DAC_MspInit                        0x08001354   Section        0  stm32f4xx_hal_msp.o(i.HAL_DAC_MspInit)
    i.HAL_DAC_SetValue                       0x080013b4   Section        0  stm32f4xx_hal_dac.o(i.HAL_DAC_SetValue)
    i.HAL_DMA_Abort_IT                       0x080013ce   Section        0  stm32f4xx_hal_dma.o(i.HAL_DMA_Abort_IT)
    i.HAL_DMA_IRQHandler                     0x080013f4   Section        0  stm32f4xx_hal_dma.o(i.HAL_DMA_IRQHandler)
    i.HAL_DMA_Init                           0x08001594   Section        0  stm32f4xx_hal_dma.o(i.HAL_DMA_Init)
    i.HAL_DMA_Start_IT                       0x08001668   Section        0  stm32f4xx_hal_dma.o(i.HAL_DMA_Start_IT)
    i.HAL_Delay                              0x080016d8   Section        0  stm32f4xx_hal.o(i.HAL_Delay)
    i.HAL_GPIO_Init                          0x080016fc   Section        0  stm32f4xx_hal_gpio.o(i.HAL_GPIO_Init)
    i.HAL_GPIO_TogglePin                     0x080018b4   Section        0  stm32f4xx_hal_gpio.o(i.HAL_GPIO_TogglePin)
    i.HAL_GPIO_WritePin                      0x080018c2   Section        0  stm32f4xx_hal_gpio.o(i.HAL_GPIO_WritePin)
    i.HAL_GetTick                            0x080018cc   Section        0  stm32f4xx_hal.o(i.HAL_GetTick)
    i.HAL_IncTick                            0x080018d8   Section        0  stm32f4xx_hal.o(i.HAL_IncTick)
    i.HAL_Init                               0x080018e8   Section        0  stm32f4xx_hal.o(i.HAL_Init)
    i.HAL_InitTick                           0x0800191c   Section        0  stm32f4xx_hal.o(i.HAL_InitTick)
    i.HAL_MspInit                            0x0800195c   Section        0  stm32f4xx_hal_msp.o(i.HAL_MspInit)
    i.HAL_NVIC_EnableIRQ                     0x0800198c   Section        0  stm32f4xx_hal_cortex.o(i.HAL_NVIC_EnableIRQ)
    i.HAL_NVIC_SetPriority                   0x080019a8   Section        0  stm32f4xx_hal_cortex.o(i.HAL_NVIC_SetPriority)
    i.HAL_NVIC_SetPriorityGrouping           0x080019e8   Section        0  stm32f4xx_hal_cortex.o(i.HAL_NVIC_SetPriorityGrouping)
    i.HAL_RCC_ClockConfig                    0x08001a0c   Section        0  stm32f4xx_hal_rcc.o(i.HAL_RCC_ClockConfig)
    i.HAL_RCC_GetPCLK1Freq                   0x08001b40   Section        0  stm32f4xx_hal_rcc.o(i.HAL_RCC_GetPCLK1Freq)
    i.HAL_RCC_GetPCLK2Freq                   0x08001b60   Section        0  stm32f4xx_hal_rcc.o(i.HAL_RCC_GetPCLK2Freq)
    i.HAL_RCC_GetSysClockFreq                0x08001b80   Section        0  stm32f4xx_hal_rcc.o(i.HAL_RCC_GetSysClockFreq)
    i.HAL_RCC_MCOConfig                      0x08001be0   Section        0  stm32f4xx_hal_rcc.o(i.HAL_RCC_MCOConfig)
    i.HAL_RCC_OscConfig                      0x08001c6c   Section        0  stm32f4xx_hal_rcc.o(i.HAL_RCC_OscConfig)
    i.HAL_SPI_Init                           0x08001fc8   Section        0  stm32f4xx_hal_spi.o(i.HAL_SPI_Init)
    i.HAL_SPI_MspInit                        0x08002048   Section        0  stm32f4xx_hal_msp.o(i.HAL_SPI_MspInit)
    i.HAL_SPI_Receive                        0x08002118   Section        0  stm32f4xx_hal_spi.o(i.HAL_SPI_Receive)
    i.HAL_SPI_Transmit                       0x08002268   Section        0  stm32f4xx_hal_spi.o(i.HAL_SPI_Transmit)
    i.HAL_SPI_TransmitReceive                0x080023c4   Section        0  stm32f4xx_hal_spi.o(i.HAL_SPI_TransmitReceive)
    i.HAL_SYSTICK_Config                     0x080025a6   Section        0  stm32f4xx_hal_cortex.o(i.HAL_SYSTICK_Config)
    i.HAL_TIMEx_BreakCallback                0x080025ce   Section        0  stm32f4xx_hal_tim_ex.o(i.HAL_TIMEx_BreakCallback)
    i.HAL_TIMEx_CommutCallback               0x080025d0   Section        0  stm32f4xx_hal_tim_ex.o(i.HAL_TIMEx_CommutCallback)
    i.HAL_TIMEx_MasterConfigSynchronization  0x080025d4   Section        0  stm32f4xx_hal_tim_ex.o(i.HAL_TIMEx_MasterConfigSynchronization)
    i.HAL_TIM_Base_Init                      0x08002664   Section        0  stm32f4xx_hal_tim.o(i.HAL_TIM_Base_Init)
    i.HAL_TIM_Base_MspInit                   0x0800269c   Section        0  stm32f4xx_hal_msp.o(i.HAL_TIM_Base_MspInit)
    i.HAL_TIM_ConfigClockSource              0x08002774   Section        0  stm32f4xx_hal_tim.o(i.HAL_TIM_ConfigClockSource)
    i.HAL_TIM_IC_CaptureCallback             0x0800284c   Section        0  mainloop.o(i.HAL_TIM_IC_CaptureCallback)
    i.HAL_TIM_IRQHandler                     0x0800289c   Section        0  stm32f4xx_hal_tim.o(i.HAL_TIM_IRQHandler)
    i.HAL_TIM_OC_DelayElapsedCallback        0x08002a02   Section        0  stm32f4xx_hal_tim.o(i.HAL_TIM_OC_DelayElapsedCallback)
    i.HAL_TIM_PWM_PulseFinishedCallback      0x08002a04   Section        0  stm32f4xx_hal_tim.o(i.HAL_TIM_PWM_PulseFinishedCallback)
    i.HAL_TIM_PeriodElapsedCallback          0x08002a08   Section        0  mainloop.o(i.HAL_TIM_PeriodElapsedCallback)
    i.HAL_TIM_SlaveConfigSynchro             0x08002a44   Section        0  stm32f4xx_hal_tim.o(i.HAL_TIM_SlaveConfigSynchro)
    i.HAL_TIM_TriggerCallback                0x08002a9a   Section        0  stm32f4xx_hal_tim.o(i.HAL_TIM_TriggerCallback)
    i.HAL_UART_ErrorCallback                 0x08002a9c   Section        0  stm32f4xx_hal_uart.o(i.HAL_UART_ErrorCallback)
    i.HAL_UART_IRQHandler                    0x08002aa0   Section        0  stm32f4xx_hal_uart.o(i.HAL_UART_IRQHandler)
    i.HAL_UART_Init                          0x08002bb4   Section        0  stm32f4xx_hal_uart.o(i.HAL_UART_Init)
    i.HAL_UART_MspInit                       0x08002c18   Section        0  stm32f4xx_hal_msp.o(i.HAL_UART_MspInit)
    i.HAL_UART_Receive_IT                    0x08002c90   Section        0  stm32f4xx_hal_uart.o(i.HAL_UART_Receive_IT)
    i.HAL_UART_RxCpltCallback                0x08002ce4   Section        0  mainloop.o(i.HAL_UART_RxCpltCallback)
    i.HAL_UART_TxCpltCallback                0x08002da4   Section        0  stm32f4xx_hal_uart.o(i.HAL_UART_TxCpltCallback)
    i.HardFault_Handler                      0x08002da6   Section        0  stm32f4xx_it.o(i.HardFault_Handler)
    i.MX_ADC1_Init                           0x08002da8   Section        0  main.o(i.MX_ADC1_Init)
    MX_ADC1_Init                             0x08002da9   Thumb Code    72  main.o(i.MX_ADC1_Init)
    i.MX_ADC2_Init                           0x08002dfc   Section        0  main.o(i.MX_ADC2_Init)
    MX_ADC2_Init                             0x08002dfd   Thumb Code    72  main.o(i.MX_ADC2_Init)
    i.MX_CAN1_Init                           0x08002e50   Section        0  main.o(i.MX_CAN1_Init)
    MX_CAN1_Init                             0x08002e51   Thumb Code    44  main.o(i.MX_CAN1_Init)
    i.MX_CAN2_Init                           0x08002e84   Section        0  main.o(i.MX_CAN2_Init)
    MX_CAN2_Init                             0x08002e85   Thumb Code    44  main.o(i.MX_CAN2_Init)
    i.MX_GPIO_Init                           0x08002eb8   Section        0  main.o(i.MX_GPIO_Init)
    MX_GPIO_Init                             0x08002eb9   Thumb Code   178  main.o(i.MX_GPIO_Init)
    i.MX_SPI1_Init                           0x08002f7c   Section        0  main.o(i.MX_SPI1_Init)
    MX_SPI1_Init                             0x08002f7d   Thumb Code    48  main.o(i.MX_SPI1_Init)
    i.MX_SPI2_Init                           0x08002fb4   Section        0  main.o(i.MX_SPI2_Init)
    MX_SPI2_Init                             0x08002fb5   Thumb Code    50  main.o(i.MX_SPI2_Init)
    i.MX_TIM1_Init                           0x08002ff0   Section        0  main.o(i.MX_TIM1_Init)
    MX_TIM1_Init                             0x08002ff1   Thumb Code    80  main.o(i.MX_TIM1_Init)
    i.MX_TIM4_Init                           0x08003048   Section        0  main.o(i.MX_TIM4_Init)
    MX_TIM4_Init                             0x08003049   Thumb Code    78  main.o(i.MX_TIM4_Init)
    i.MX_TIM5_Init                           0x080030a0   Section        0  main.o(i.MX_TIM5_Init)
    MX_TIM5_Init                             0x080030a1   Thumb Code    72  main.o(i.MX_TIM5_Init)
    i.MemManage_Handler                      0x080030f0   Section        0  stm32f4xx_it.o(i.MemManage_Handler)
    i.NMI_Handler                            0x080030f2   Section        0  stm32f4xx_it.o(i.NMI_Handler)
    i.PendSV_Handler                         0x080030f4   Section        0  stm32f4xx_it.o(i.PendSV_Handler)
    i.SPI_EndRxTransaction                   0x080030f6   Section        0  stm32f4xx_hal_spi.o(i.SPI_EndRxTransaction)
    SPI_EndRxTransaction                     0x080030f7   Thumb Code    92  stm32f4xx_hal_spi.o(i.SPI_EndRxTransaction)
    i.SPI_EndRxTxTransaction                 0x08003154   Section        0  stm32f4xx_hal_spi.o(i.SPI_EndRxTxTransaction)
    SPI_EndRxTxTransaction                   0x08003155   Thumb Code    80  stm32f4xx_hal_spi.o(i.SPI_EndRxTxTransaction)
    i.SPI_WaitFlagStateUntilTimeout          0x080031ac   Section        0  stm32f4xx_hal_spi.o(i.SPI_WaitFlagStateUntilTimeout)
    SPI_WaitFlagStateUntilTimeout            0x080031ad   Thumb Code   148  stm32f4xx_hal_spi.o(i.SPI_WaitFlagStateUntilTimeout)
    i.SVC_Handler                            0x08003240   Section        0  stm32f4xx_it.o(i.SVC_Handler)
    i.SysTick_Handler                        0x08003242   Section        0  stm32f4xx_it.o(i.SysTick_Handler)
    i.SystemClock_Config                     0x08003248   Section        0  main.o(i.SystemClock_Config)
    i.SystemInit                             0x080032e0   Section        0  system_stm32f4xx.o(i.SystemInit)
    i.TIM5_IRQHandler                        0x080032fc   Section        0  stm32f4xx_it.o(i.TIM5_IRQHandler)
    i.TIM_Base_SetConfig                     0x08003308   Section        0  stm32f4xx_hal_tim.o(i.TIM_Base_SetConfig)
    i.TIM_ETR_SetConfig                      0x080033d0   Section        0  stm32f4xx_hal_tim.o(i.TIM_ETR_SetConfig)
    i.TIM_ITRx_SetConfig                     0x080033e4   Section        0  stm32f4xx_hal_tim.o(i.TIM_ITRx_SetConfig)
    TIM_ITRx_SetConfig                       0x080033e5   Thumb Code    16  stm32f4xx_hal_tim.o(i.TIM_ITRx_SetConfig)
    i.TIM_SlaveTimer_SetConfig               0x080033f4   Section        0  stm32f4xx_hal_tim.o(i.TIM_SlaveTimer_SetConfig)
    TIM_SlaveTimer_SetConfig                 0x080033f5   Thumb Code   134  stm32f4xx_hal_tim.o(i.TIM_SlaveTimer_SetConfig)
    i.TIM_TI1_ConfigInputStage               0x0800347a   Section        0  stm32f4xx_hal_tim.o(i.TIM_TI1_ConfigInputStage)
    TIM_TI1_ConfigInputStage                 0x0800347b   Thumb Code    34  stm32f4xx_hal_tim.o(i.TIM_TI1_ConfigInputStage)
    i.TIM_TI2_ConfigInputStage               0x0800349c   Section        0  stm32f4xx_hal_tim.o(i.TIM_TI2_ConfigInputStage)
    TIM_TI2_ConfigInputStage                 0x0800349d   Thumb Code    36  stm32f4xx_hal_tim.o(i.TIM_TI2_ConfigInputStage)
    i.UART_DMAAbortOnError                   0x080034c0   Section        0  stm32f4xx_hal_uart.o(i.UART_DMAAbortOnError)
    UART_DMAAbortOnError                     0x080034c1   Thumb Code    16  stm32f4xx_hal_uart.o(i.UART_DMAAbortOnError)
    i.UART_EndRxTransfer                     0x080034d0   Section        0  stm32f4xx_hal_uart.o(i.UART_EndRxTransfer)
    UART_EndRxTransfer                       0x080034d1   Thumb Code    28  stm32f4xx_hal_uart.o(i.UART_EndRxTransfer)
    i.UART_Receive_IT                        0x080034ec   Section        0  stm32f4xx_hal_uart.o(i.UART_Receive_IT)
    UART_Receive_IT                          0x080034ed   Thumb Code   150  stm32f4xx_hal_uart.o(i.UART_Receive_IT)
    i.UART_SetConfig                         0x08003584   Section        0  stm32f4xx_hal_uart.o(i.UART_SetConfig)
    UART_SetConfig                           0x08003585   Thumb Code   286  stm32f4xx_hal_uart.o(i.UART_SetConfig)
    i.UART_Transmit_IT                       0x080036ac   Section        0  stm32f4xx_hal_uart.o(i.UART_Transmit_IT)
    UART_Transmit_IT                         0x080036ad   Thumb Code    98  stm32f4xx_hal_uart.o(i.UART_Transmit_IT)
    i.USART2_IRQHandler                      0x08003710   Section        0  stm32f4xx_it.o(i.USART2_IRQHandler)
    i.UsageFault_Handler                     0x0800371c   Section        0  stm32f4xx_it.o(i.UsageFault_Handler)
    i.__NVIC_SetPriority                     0x0800371e   Section        0  stm32f4xx_hal_cortex.o(i.__NVIC_SetPriority)
    __NVIC_SetPriority                       0x0800371f   Thumb Code    32  stm32f4xx_hal_cortex.o(i.__NVIC_SetPriority)
    i.__scatterload_copy                     0x0800373e   Section       14  handlers.o(i.__scatterload_copy)
    i.__scatterload_null                     0x0800374c   Section        2  handlers.o(i.__scatterload_null)
    i.__scatterload_zeroinit                 0x0800374e   Section       14  handlers.o(i.__scatterload_zeroinit)
    i.cal_cp_output_dac_ext                  0x0800375c   Section        0  mainloop.o(i.cal_cp_output_dac_ext)
    i.init_ad9520                            0x08003924   Section        0  ad9520_function.o(i.init_ad9520)
    i.init_ad9520_spiport                    0x08003960   Section        0  ad9520_function.o(i.init_ad9520_spiport)
    i.init_max5307                           0x08003970   Section        0  max5307.o(i.init_max5307)
    i.insertMeanVal                          0x08003a00   Section        0  mainloop.o(i.insertMeanVal)
    i.main                                   0x08003a58   Section        0  main.o(i.main)
    i.mainLoop1                              0x08003b14   Section        0  mainloop.o(i.mainLoop1)
    i.max5307_loadpin                        0x08003be4   Section        0  max5307.o(i.max5307_loadpin)
    i.max5307_w_chanel                       0x08003c08   Section        0  max5307.o(i.max5307_w_chanel)
    i.read_ad9520_all_regs_setdefaultVal     0x08003c8c   Section        0  ad9520_function.o(i.read_ad9520_all_regs_setdefaultVal)
    i.read_ad9520_reg                        0x08003ccc   Section        0  ad9520_function.o(i.read_ad9520_reg)
    i.set_ad9520_eeprom_custom_id_reg        0x08003d08   Section        0  ad9520_function.o(i.set_ad9520_eeprom_custom_id_reg)
    i.set_ad9520_spiport                     0x08003d1c   Section        0  ad9520_function.o(i.set_ad9520_spiport)
    i.set_custom_val                         0x08003d70   Section        0  ad9520_function.o(i.set_custom_val)
    i.set_dac_initVal                        0x08004048   Section        0  mainloop.o(i.set_dac_initVal)
    i.update_ad9520_regs                     0x080040a4   Section        0  ad9520_function.o(i.update_ad9520_regs)
    i.write_ad9520_reg                       0x080040d0   Section        0  ad9520_function.o(i.write_ad9520_reg)
    .constdata                               0x08004124   Section        8  stm32f4xx_hal_dma.o(.constdata)
    flagBitshiftOffset                       0x08004124   Data           8  stm32f4xx_hal_dma.o(.constdata)
    .constdata                               0x0800412c   Section       16  system_stm32f4xx.o(.constdata)
    .constdata                               0x0800413c   Section        8  system_stm32f4xx.o(.constdata)
    .data                                    0x10000000   Section      300  ad9520_function.o(.data)
    .data                                    0x10000130   Section       96  mainloop.o(.data)
    currentP                                 0x10000168   Data           4  mainloop.o(.data)
    .data                                    0x10000190   Section        2  max5307.o(.data)
    outputList                               0x10000190   Data           2  max5307.o(.data)
    .data                                    0x10000194   Section        4  stm32f4xx_hal_msp.o(.data)
    HAL_RCC_CAN1_CLK_ENABLED                 0x10000194   Data           4  stm32f4xx_hal_msp.o(.data)
    .bss                                     0x10000198   Section       96  main.o(.bss)
    .bss                                     0x100001f8   Section       96  main.o(.bss)
    STACK                                    0x10000258   Section     1024  startup_stm32f405xx.o(STACK)
    .data                                    0x20000000   Section       12  stm32f4xx_hal.o(.data)
    .data                                    0x2000000c   Section        4  system_stm32f4xx.o(.data)
    .bss                                     0x20000010   Section    66464  mainloop.o(.bss)
    .bss                                     0x200103b0   Section      676  main.o(.bss)

    Global Symbols

    Symbol Name                              Value     Ov Type        Size  Object(Section)

    BuildAttributes$$THM_ISAv4$E$P$D$K$B$S$7EM$VFPi3$EXTD16$VFPS$VFMA$PE$A:L22UL41UL21$X:L11$S22US41US21$IEEE1$IW$USESV6$~STKCKD$USESV7$~SHL$OTIME$ROPI$IEEEX$EBA8$MICROLIB$REQ8$PRES8$EABIv2 0x00000000   Number         0  anon$$obj.o ABSOLUTE
    __ARM_use_no_argv                        0x00000000   Number         0  main.o ABSOLUTE
    __cpp_initialize__aeabi_                  - Undefined Weak Reference
    __cxa_finalize                            - Undefined Weak Reference
    _clock_init                               - Undefined Weak Reference
    _microlib_exit                            - Undefined Weak Reference
    __Vectors_Size                           0x00000188   Number         0  startup_stm32f405xx.o ABSOLUTE
    __Vectors                                0x08000000   Data           4  startup_stm32f405xx.o(RESET)
    __Vectors_End                            0x08000188   Data           0  startup_stm32f405xx.o(RESET)
    __main                                   0x08000189   Thumb Code     0  entry.o(.ARM.Collect$$$$00000000)
    _main_stk                                0x08000189   Thumb Code     0  entry2.o(.ARM.Collect$$$$00000001)
    _main_scatterload                        0x0800018d   Thumb Code     0  entry5.o(.ARM.Collect$$$$00000004)
    __main_after_scatterload                 0x08000191   Thumb Code     0  entry5.o(.ARM.Collect$$$$00000004)
    _main_clock                              0x08000191   Thumb Code     0  entry7b.o(.ARM.Collect$$$$00000008)
    _main_cpp_init                           0x08000191   Thumb Code     0  entry8b.o(.ARM.Collect$$$$0000000A)
    _main_init                               0x08000191   Thumb Code     0  entry9a.o(.ARM.Collect$$$$0000000B)
    __rt_final_cpp                           0x08000199   Thumb Code     0  entry10a.o(.ARM.Collect$$$$0000000D)
    __rt_final_exit                          0x08000199   Thumb Code     0  entry11a.o(.ARM.Collect$$$$0000000F)
    Reset_Handler                            0x0800019d   Thumb Code     8  startup_stm32f405xx.o(.text)
    ADC_IRQHandler                           0x080001b7   Thumb Code     0  startup_stm32f405xx.o(.text)
    CAN1_RX0_IRQHandler                      0x080001b7   Thumb Code     0  startup_stm32f405xx.o(.text)
    CAN1_SCE_IRQHandler                      0x080001b7   Thumb Code     0  startup_stm32f405xx.o(.text)
    CAN1_TX_IRQHandler                       0x080001b7   Thumb Code     0  startup_stm32f405xx.o(.text)
    CAN2_RX1_IRQHandler                      0x080001b7   Thumb Code     0  startup_stm32f405xx.o(.text)
    CAN2_SCE_IRQHandler                      0x080001b7   Thumb Code     0  startup_stm32f405xx.o(.text)
    CAN2_TX_IRQHandler                       0x080001b7   Thumb Code     0  startup_stm32f405xx.o(.text)
    DMA1_Stream0_IRQHandler                  0x080001b7   Thumb Code     0  startup_stm32f405xx.o(.text)
    DMA1_Stream1_IRQHandler                  0x080001b7   Thumb Code     0  startup_stm32f405xx.o(.text)
    DMA1_Stream2_IRQHandler                  0x080001b7   Thumb Code     0  startup_stm32f405xx.o(.text)
    DMA1_Stream3_IRQHandler                  0x080001b7   Thumb Code     0  startup_stm32f405xx.o(.text)
    DMA1_Stream4_IRQHandler                  0x080001b7   Thumb Code     0  startup_stm32f405xx.o(.text)
    DMA1_Stream5_IRQHandler                  0x080001b7   Thumb Code     0  startup_stm32f405xx.o(.text)
    DMA1_Stream6_IRQHandler                  0x080001b7   Thumb Code     0  startup_stm32f405xx.o(.text)
    DMA1_Stream7_IRQHandler                  0x080001b7   Thumb Code     0  startup_stm32f405xx.o(.text)
    DMA2_Stream1_IRQHandler                  0x080001b7   Thumb Code     0  startup_stm32f405xx.o(.text)
    DMA2_Stream3_IRQHandler                  0x080001b7   Thumb Code     0  startup_stm32f405xx.o(.text)
    DMA2_Stream4_IRQHandler                  0x080001b7   Thumb Code     0  startup_stm32f405xx.o(.text)
    DMA2_Stream5_IRQHandler                  0x080001b7   Thumb Code     0  startup_stm32f405xx.o(.text)
    DMA2_Stream6_IRQHandler                  0x080001b7   Thumb Code     0  startup_stm32f405xx.o(.text)
    DMA2_Stream7_IRQHandler                  0x080001b7   Thumb Code     0  startup_stm32f405xx.o(.text)
    EXTI0_IRQHandler                         0x080001b7   Thumb Code     0  startup_stm32f405xx.o(.text)
    EXTI15_10_IRQHandler                     0x080001b7   Thumb Code     0  startup_stm32f405xx.o(.text)
    EXTI1_IRQHandler                         0x080001b7   Thumb Code     0  startup_stm32f405xx.o(.text)
    EXTI2_IRQHandler                         0x080001b7   Thumb Code     0  startup_stm32f405xx.o(.text)
    EXTI3_IRQHandler                         0x080001b7   Thumb Code     0  startup_stm32f405xx.o(.text)
    EXTI4_IRQHandler                         0x080001b7   Thumb Code     0  startup_stm32f405xx.o(.text)
    EXTI9_5_IRQHandler                       0x080001b7   Thumb Code     0  startup_stm32f405xx.o(.text)
    FLASH_IRQHandler                         0x080001b7   Thumb Code     0  startup_stm32f405xx.o(.text)
    FMC_IRQHandler                           0x080001b7   Thumb Code     0  startup_stm32f405xx.o(.text)
    FPU_IRQHandler                           0x080001b7   Thumb Code     0  startup_stm32f405xx.o(.text)
    HASH_RNG_IRQHandler                      0x080001b7   Thumb Code     0  startup_stm32f405xx.o(.text)
    I2C1_ER_IRQHandler                       0x080001b7   Thumb Code     0  startup_stm32f405xx.o(.text)
    I2C1_EV_IRQHandler                       0x080001b7   Thumb Code     0  startup_stm32f405xx.o(.text)
    I2C2_ER_IRQHandler                       0x080001b7   Thumb Code     0  startup_stm32f405xx.o(.text)
    I2C2_EV_IRQHandler                       0x080001b7   Thumb Code     0  startup_stm32f405xx.o(.text)
    I2C3_ER_IRQHandler                       0x080001b7   Thumb Code     0  startup_stm32f405xx.o(.text)
    I2C3_EV_IRQHandler                       0x080001b7   Thumb Code     0  startup_stm32f405xx.o(.text)
    OTG_FS_IRQHandler                        0x080001b7   Thumb Code     0  startup_stm32f405xx.o(.text)
    OTG_FS_WKUP_IRQHandler                   0x080001b7   Thumb Code     0  startup_stm32f405xx.o(.text)
    OTG_HS_EP1_IN_IRQHandler                 0x080001b7   Thumb Code     0  startup_stm32f405xx.o(.text)
    OTG_HS_EP1_OUT_IRQHandler                0x080001b7   Thumb Code     0  startup_stm32f405xx.o(.text)
    OTG_HS_IRQHandler                        0x080001b7   Thumb Code     0  startup_stm32f405xx.o(.text)
    OTG_HS_WKUP_IRQHandler                   0x080001b7   Thumb Code     0  startup_stm32f405xx.o(.text)
    PVD_IRQHandler                           0x080001b7   Thumb Code     0  startup_stm32f405xx.o(.text)
    RCC_IRQHandler                           0x080001b7   Thumb Code     0  startup_stm32f405xx.o(.text)
    RTC_Alarm_IRQHandler                     0x080001b7   Thumb Code     0  startup_stm32f405xx.o(.text)
    RTC_WKUP_IRQHandler                      0x080001b7   Thumb Code     0  startup_stm32f405xx.o(.text)
    SDIO_IRQHandler                          0x080001b7   Thumb Code     0  startup_stm32f405xx.o(.text)
    SPI1_IRQHandler                          0x080001b7   Thumb Code     0  startup_stm32f405xx.o(.text)
    SPI2_IRQHandler                          0x080001b7   Thumb Code     0  startup_stm32f405xx.o(.text)
    SPI3_IRQHandler                          0x080001b7   Thumb Code     0  startup_stm32f405xx.o(.text)
    TAMP_STAMP_IRQHandler                    0x080001b7   Thumb Code     0  startup_stm32f405xx.o(.text)
    TIM1_BRK_TIM9_IRQHandler                 0x080001b7   Thumb Code     0  startup_stm32f405xx.o(.text)
    TIM1_CC_IRQHandler                       0x080001b7   Thumb Code     0  startup_stm32f405xx.o(.text)
    TIM1_TRG_COM_TIM11_IRQHandler            0x080001b7   Thumb Code     0  startup_stm32f405xx.o(.text)
    TIM1_UP_TIM10_IRQHandler                 0x080001b7   Thumb Code     0  startup_stm32f405xx.o(.text)
    TIM2_IRQHandler                          0x080001b7   Thumb Code     0  startup_stm32f405xx.o(.text)
    TIM3_IRQHandler                          0x080001b7   Thumb Code     0  startup_stm32f405xx.o(.text)
    TIM4_IRQHandler                          0x080001b7   Thumb Code     0  startup_stm32f405xx.o(.text)
    TIM6_DAC_IRQHandler                      0x080001b7   Thumb Code     0  startup_stm32f405xx.o(.text)
    TIM7_IRQHandler                          0x080001b7   Thumb Code     0  startup_stm32f405xx.o(.text)
    TIM8_BRK_TIM12_IRQHandler                0x080001b7   Thumb Code     0  startup_stm32f405xx.o(.text)
    TIM8_CC_IRQHandler                       0x080001b7   Thumb Code     0  startup_stm32f405xx.o(.text)
    TIM8_TRG_COM_TIM14_IRQHandler            0x080001b7   Thumb Code     0  startup_stm32f405xx.o(.text)
    TIM8_UP_TIM13_IRQHandler                 0x080001b7   Thumb Code     0  startup_stm32f405xx.o(.text)
    UART4_IRQHandler                         0x080001b7   Thumb Code     0  startup_stm32f405xx.o(.text)
    UART5_IRQHandler                         0x080001b7   Thumb Code     0  startup_stm32f405xx.o(.text)
    USART1_IRQHandler                        0x080001b7   Thumb Code     0  startup_stm32f405xx.o(.text)
    USART3_IRQHandler                        0x080001b7   Thumb Code     0  startup_stm32f405xx.o(.text)
    USART6_IRQHandler                        0x080001b7   Thumb Code     0  startup_stm32f405xx.o(.text)
    WWDG_IRQHandler                          0x080001b7   Thumb Code     0  startup_stm32f405xx.o(.text)
    __aeabi_uldivmod                         0x080001c1   Thumb Code    98  uldiv.o(.text)
    __aeabi_memset                           0x08000223   Thumb Code    14  memseta.o(.text)
    __aeabi_memset4                          0x08000223   Thumb Code     0  memseta.o(.text)
    __aeabi_memset8                          0x08000223   Thumb Code     0  memseta.o(.text)
    __aeabi_memclr                           0x08000231   Thumb Code     4  memseta.o(.text)
    __aeabi_memclr4                          0x08000231   Thumb Code     0  memseta.o(.text)
    __aeabi_memclr8                          0x08000231   Thumb Code     0  memseta.o(.text)
    _memset$wrapper                          0x08000235   Thumb Code    18  memseta.o(.text)
    __aeabi_dadd                             0x08000247   Thumb Code   322  dadd.o(.text)
    __aeabi_dsub                             0x08000389   Thumb Code     6  dadd.o(.text)
    __aeabi_drsub                            0x0800038f   Thumb Code     6  dadd.o(.text)
    __aeabi_dmul                             0x08000395   Thumb Code   228  dmul.o(.text)
    __aeabi_ddiv                             0x08000479   Thumb Code   222  ddiv.o(.text)
    __aeabi_d2uiz                            0x08000557   Thumb Code    50  dfixui.o(.text)
    __aeabi_f2d                              0x08000589   Thumb Code    38  f2d.o(.text)
    __aeabi_d2f                              0x080005af   Thumb Code    56  d2f.o(.text)
    __aeabi_llsl                             0x080005e7   Thumb Code    30  llshl.o(.text)
    _ll_shift_l                              0x080005e7   Thumb Code     0  llshl.o(.text)
    __aeabi_llsr                             0x08000605   Thumb Code    32  llushr.o(.text)
    _ll_ushift_r                             0x08000605   Thumb Code     0  llushr.o(.text)
    __aeabi_lasr                             0x08000625   Thumb Code    36  llsshr.o(.text)
    _ll_sshift_r                             0x08000625   Thumb Code     0  llsshr.o(.text)
    __I$use$fp                               0x08000649   Thumb Code     0  iusefp.o(.text)
    _float_round                             0x08000649   Thumb Code    18  fepilogue.o(.text)
    _float_epilogue                          0x0800065b   Thumb Code    92  fepilogue.o(.text)
    _double_round                            0x080006b7   Thumb Code    30  depilogue.o(.text)
    _double_epilogue                         0x080006d5   Thumb Code   156  depilogue.o(.text)
    __scatterload                            0x08000771   Thumb Code    28  init.o(.text)
    __scatterload_rt2                        0x08000771   Thumb Code     0  init.o(.text)
    __decompress                             0x08000795   Thumb Code     0  __dczerorl.o(.text)
    __decompress0                            0x08000795   Thumb Code    58  __dczerorl.o(.text)
    BusFault_Handler                         0x08000985   Thumb Code     2  stm32f4xx_it.o(i.BusFault_Handler)
    CAN1_RX1_IRQHandler                      0x08000989   Thumb Code     6  stm32f4xx_it.o(i.CAN1_RX1_IRQHandler)
    CAN2_RX0_IRQHandler                      0x08000995   Thumb Code     6  stm32f4xx_it.o(i.CAN2_RX0_IRQHandler)
    DMA2_Stream0_IRQHandler                  0x080009a1   Thumb Code     6  stm32f4xx_it.o(i.DMA2_Stream0_IRQHandler)
    DMA2_Stream2_IRQHandler                  0x080009ad   Thumb Code     6  stm32f4xx_it.o(i.DMA2_Stream2_IRQHandler)
    DebugMon_Handler                         0x08000a5d   Thumb Code     2  stm32f4xx_it.o(i.DebugMon_Handler)
    Error_Handler                            0x08000a5f   Thumb Code     2  main.o(i.Error_Handler)
    HAL_ADC_ConfigChannel                    0x08000a61   Thumb Code   316  stm32f4xx_hal_adc.o(i.HAL_ADC_ConfigChannel)
    HAL_ADC_ConvCpltCallback                 0x08000bad   Thumb Code   102  mainloop.o(i.HAL_ADC_ConvCpltCallback)
    HAL_ADC_ConvHalfCpltCallback             0x08000c2d   Thumb Code     2  stm32f4xx_hal_adc.o(i.HAL_ADC_ConvHalfCpltCallback)
    HAL_ADC_ErrorCallback                    0x08000c2f   Thumb Code     2  stm32f4xx_hal_adc.o(i.HAL_ADC_ErrorCallback)
    HAL_ADC_Init                             0x08000c31   Thumb Code    84  stm32f4xx_hal_adc.o(i.HAL_ADC_Init)
    HAL_ADC_MspInit                          0x08000c85   Thumb Code   232  stm32f4xx_hal_msp.o(i.HAL_ADC_MspInit)
    HAL_ADC_Start_DMA                        0x08000d89   Thumb Code   268  stm32f4xx_hal_adc.o(i.HAL_ADC_Start_DMA)
    HAL_CAN_ErrorCallback                    0x08000eb9   Thumb Code     2  stm32f4xx_hal_can.o(i.HAL_CAN_ErrorCallback)
    HAL_CAN_IRQHandler                       0x08000ebb   Thumb Code   508  stm32f4xx_hal_can.o(i.HAL_CAN_IRQHandler)
    HAL_CAN_Init                             0x080010b7   Thumb Code   282  stm32f4xx_hal_can.o(i.HAL_CAN_Init)
    HAL_CAN_MspInit                          0x080011d1   Thumb Code   232  stm32f4xx_hal_msp.o(i.HAL_CAN_MspInit)
    HAL_CAN_RxFifo0FullCallback              0x080012d1   Thumb Code     2  stm32f4xx_hal_can.o(i.HAL_CAN_RxFifo0FullCallback)
    HAL_CAN_RxFifo0MsgPendingCallback        0x080012d3   Thumb Code     2  stm32f4xx_hal_can.o(i.HAL_CAN_RxFifo0MsgPendingCallback)
    HAL_CAN_RxFifo1FullCallback              0x080012d5   Thumb Code     2  stm32f4xx_hal_can.o(i.HAL_CAN_RxFifo1FullCallback)
    HAL_CAN_RxFifo1MsgPendingCallback        0x080012d7   Thumb Code     2  stm32f4xx_hal_can.o(i.HAL_CAN_RxFifo1MsgPendingCallback)
    HAL_CAN_SleepCallback                    0x080012d9   Thumb Code     2  stm32f4xx_hal_can.o(i.HAL_CAN_SleepCallback)
    HAL_CAN_TxMailbox0AbortCallback          0x080012db   Thumb Code     2  stm32f4xx_hal_can.o(i.HAL_CAN_TxMailbox0AbortCallback)
    HAL_CAN_TxMailbox0CompleteCallback       0x080012dd   Thumb Code     2  stm32f4xx_hal_can.o(i.HAL_CAN_TxMailbox0CompleteCallback)
    HAL_CAN_TxMailbox1AbortCallback          0x080012df   Thumb Code     2  stm32f4xx_hal_can.o(i.HAL_CAN_TxMailbox1AbortCallback)
    HAL_CAN_TxMailbox1CompleteCallback       0x080012e1   Thumb Code     2  stm32f4xx_hal_can.o(i.HAL_CAN_TxMailbox1CompleteCallback)
    HAL_CAN_TxMailbox2AbortCallback          0x080012e3   Thumb Code     2  stm32f4xx_hal_can.o(i.HAL_CAN_TxMailbox2AbortCallback)
    HAL_CAN_TxMailbox2CompleteCallback       0x080012e5   Thumb Code     2  stm32f4xx_hal_can.o(i.HAL_CAN_TxMailbox2CompleteCallback)
    HAL_CAN_WakeUpFromRxMsgCallback          0x080012e7   Thumb Code     2  stm32f4xx_hal_can.o(i.HAL_CAN_WakeUpFromRxMsgCallback)
    HAL_DAC_ConfigChannel                    0x080012e9   Thumb Code    66  stm32f4xx_hal_dac.o(i.HAL_DAC_ConfigChannel)
    HAL_DAC_Init                             0x0800132b   Thumb Code    40  stm32f4xx_hal_dac.o(i.HAL_DAC_Init)
    HAL_DAC_MspInit                          0x08001355   Thumb Code    84  stm32f4xx_hal_msp.o(i.HAL_DAC_MspInit)
    HAL_DAC_SetValue                         0x080013b5   Thumb Code    26  stm32f4xx_hal_dac.o(i.HAL_DAC_SetValue)
    HAL_DMA_Abort_IT                         0x080013cf   Thumb Code    36  stm32f4xx_hal_dma.o(i.HAL_DMA_Abort_IT)
    HAL_DMA_IRQHandler                       0x080013f5   Thumb Code   412  stm32f4xx_hal_dma.o(i.HAL_DMA_IRQHandler)
    HAL_DMA_Init                             0x08001595   Thumb Code   206  stm32f4xx_hal_dma.o(i.HAL_DMA_Init)
    HAL_DMA_Start_IT                         0x08001669   Thumb Code   110  stm32f4xx_hal_dma.o(i.HAL_DMA_Start_IT)
    HAL_Delay                                0x080016d9   Thumb Code    32  stm32f4xx_hal.o(i.HAL_Delay)
    HAL_GPIO_Init                            0x080016fd   Thumb Code   394  stm32f4xx_hal_gpio.o(i.HAL_GPIO_Init)
    HAL_GPIO_TogglePin                       0x080018b5   Thumb Code    14  stm32f4xx_hal_gpio.o(i.HAL_GPIO_TogglePin)
    HAL_GPIO_WritePin                        0x080018c3   Thumb Code    10  stm32f4xx_hal_gpio.o(i.HAL_GPIO_WritePin)
    HAL_GetTick                              0x080018cd   Thumb Code     6  stm32f4xx_hal.o(i.HAL_GetTick)
    HAL_IncTick                              0x080018d9   Thumb Code    12  stm32f4xx_hal.o(i.HAL_IncTick)
    HAL_Init                                 0x080018e9   Thumb Code    48  stm32f4xx_hal.o(i.HAL_Init)
    HAL_InitTick                             0x0800191d   Thumb Code    54  stm32f4xx_hal.o(i.HAL_InitTick)
    HAL_MspInit                              0x0800195d   Thumb Code    42  stm32f4xx_hal_msp.o(i.HAL_MspInit)
    HAL_NVIC_EnableIRQ                       0x0800198d   Thumb Code    26  stm32f4xx_hal_cortex.o(i.HAL_NVIC_EnableIRQ)
    HAL_NVIC_SetPriority                     0x080019a9   Thumb Code    60  stm32f4xx_hal_cortex.o(i.HAL_NVIC_SetPriority)
    HAL_NVIC_SetPriorityGrouping             0x080019e9   Thumb Code    26  stm32f4xx_hal_cortex.o(i.HAL_NVIC_SetPriorityGrouping)
    HAL_RCC_ClockConfig                      0x08001a0d   Thumb Code   288  stm32f4xx_hal_rcc.o(i.HAL_RCC_ClockConfig)
    HAL_RCC_GetPCLK1Freq                     0x08001b41   Thumb Code    20  stm32f4xx_hal_rcc.o(i.HAL_RCC_GetPCLK1Freq)
    HAL_RCC_GetPCLK2Freq                     0x08001b61   Thumb Code    20  stm32f4xx_hal_rcc.o(i.HAL_RCC_GetPCLK2Freq)
    HAL_RCC_GetSysClockFreq                  0x08001b81   Thumb Code    88  stm32f4xx_hal_rcc.o(i.HAL_RCC_GetSysClockFreq)
    HAL_RCC_MCOConfig                        0x08001be1   Thumb Code   126  stm32f4xx_hal_rcc.o(i.HAL_RCC_MCOConfig)
    HAL_RCC_OscConfig                        0x08001c6d   Thumb Code   840  stm32f4xx_hal_rcc.o(i.HAL_RCC_OscConfig)
    HAL_SPI_Init                             0x08001fc9   Thumb Code   128  stm32f4xx_hal_spi.o(i.HAL_SPI_Init)
    HAL_SPI_MspInit                          0x08002049   Thumb Code   184  stm32f4xx_hal_msp.o(i.HAL_SPI_MspInit)
    HAL_SPI_Receive                          0x08002119   Thumb Code   336  stm32f4xx_hal_spi.o(i.HAL_SPI_Receive)
    HAL_SPI_Transmit                         0x08002269   Thumb Code   348  stm32f4xx_hal_spi.o(i.HAL_SPI_Transmit)
    HAL_SPI_TransmitReceive                  0x080023c5   Thumb Code   482  stm32f4xx_hal_spi.o(i.HAL_SPI_TransmitReceive)
    HAL_SYSTICK_Config                       0x080025a7   Thumb Code    40  stm32f4xx_hal_cortex.o(i.HAL_SYSTICK_Config)
    HAL_TIMEx_BreakCallback                  0x080025cf   Thumb Code     2  stm32f4xx_hal_tim_ex.o(i.HAL_TIMEx_BreakCallback)
    HAL_TIMEx_CommutCallback                 0x080025d1   Thumb Code     2  stm32f4xx_hal_tim_ex.o(i.HAL_TIMEx_CommutCallback)
    HAL_TIMEx_MasterConfigSynchronization    0x080025d5   Thumb Code   116  stm32f4xx_hal_tim_ex.o(i.HAL_TIMEx_MasterConfigSynchronization)
    HAL_TIM_Base_Init                        0x08002665   Thumb Code    54  stm32f4xx_hal_tim.o(i.HAL_TIM_Base_Init)
    HAL_TIM_Base_MspInit                     0x0800269d   Thumb Code   190  stm32f4xx_hal_msp.o(i.HAL_TIM_Base_MspInit)
    HAL_TIM_ConfigClockSource                0x08002775   Thumb Code   214  stm32f4xx_hal_tim.o(i.HAL_TIM_ConfigClockSource)
    HAL_TIM_IC_CaptureCallback               0x0800284d   Thumb Code    58  mainloop.o(i.HAL_TIM_IC_CaptureCallback)
    HAL_TIM_IRQHandler                       0x0800289d   Thumb Code   358  stm32f4xx_hal_tim.o(i.HAL_TIM_IRQHandler)
    HAL_TIM_OC_DelayElapsedCallback          0x08002a03   Thumb Code     2  stm32f4xx_hal_tim.o(i.HAL_TIM_OC_DelayElapsedCallback)
    HAL_TIM_PWM_PulseFinishedCallback        0x08002a05   Thumb Code     2  stm32f4xx_hal_tim.o(i.HAL_TIM_PWM_PulseFinishedCallback)
    HAL_TIM_PeriodElapsedCallback            0x08002a09   Thumb Code    38  mainloop.o(i.HAL_TIM_PeriodElapsedCallback)
    HAL_TIM_SlaveConfigSynchro               0x08002a45   Thumb Code    86  stm32f4xx_hal_tim.o(i.HAL_TIM_SlaveConfigSynchro)
    HAL_TIM_TriggerCallback                  0x08002a9b   Thumb Code     2  stm32f4xx_hal_tim.o(i.HAL_TIM_TriggerCallback)
    HAL_UART_ErrorCallback                   0x08002a9d   Thumb Code     2  stm32f4xx_hal_uart.o(i.HAL_UART_ErrorCallback)
    HAL_UART_IRQHandler                      0x08002aa1   Thumb Code   270  stm32f4xx_hal_uart.o(i.HAL_UART_IRQHandler)
    HAL_UART_Init                            0x08002bb5   Thumb Code    98  stm32f4xx_hal_uart.o(i.HAL_UART_Init)
    HAL_UART_MspInit                         0x08002c19   Thumb Code   108  stm32f4xx_hal_msp.o(i.HAL_UART_MspInit)
    HAL_UART_Receive_IT                      0x08002c91   Thumb Code    82  stm32f4xx_hal_uart.o(i.HAL_UART_Receive_IT)
    HAL_UART_RxCpltCallback                  0x08002ce5   Thumb Code   148  mainloop.o(i.HAL_UART_RxCpltCallback)
    HAL_UART_TxCpltCallback                  0x08002da5   Thumb Code     2  stm32f4xx_hal_uart.o(i.HAL_UART_TxCpltCallback)
    HardFault_Handler                        0x08002da7   Thumb Code     2  stm32f4xx_it.o(i.HardFault_Handler)
    MemManage_Handler                        0x080030f1   Thumb Code     2  stm32f4xx_it.o(i.MemManage_Handler)
    NMI_Handler                              0x080030f3   Thumb Code     2  stm32f4xx_it.o(i.NMI_Handler)
    PendSV_Handler                           0x080030f5   Thumb Code     2  stm32f4xx_it.o(i.PendSV_Handler)
    SVC_Handler                              0x08003241   Thumb Code     2  stm32f4xx_it.o(i.SVC_Handler)
    SysTick_Handler                          0x08003243   Thumb Code     4  stm32f4xx_it.o(i.SysTick_Handler)
    SystemClock_Config                       0x08003249   Thumb Code   142  main.o(i.SystemClock_Config)
    SystemInit                               0x080032e1   Thumb Code    22  system_stm32f4xx.o(i.SystemInit)
    TIM5_IRQHandler                          0x080032fd   Thumb Code     6  stm32f4xx_it.o(i.TIM5_IRQHandler)
    TIM_Base_SetConfig                       0x08003309   Thumb Code   156  stm32f4xx_hal_tim.o(i.TIM_Base_SetConfig)
    TIM_ETR_SetConfig                        0x080033d1   Thumb Code    20  stm32f4xx_hal_tim.o(i.TIM_ETR_SetConfig)
    USART2_IRQHandler                        0x08003711   Thumb Code     6  stm32f4xx_it.o(i.USART2_IRQHandler)
    UsageFault_Handler                       0x0800371d   Thumb Code     2  stm32f4xx_it.o(i.UsageFault_Handler)
    __scatterload_copy                       0x0800373f   Thumb Code    14  handlers.o(i.__scatterload_copy)
    __scatterload_null                       0x0800374d   Thumb Code     2  handlers.o(i.__scatterload_null)
    __scatterload_zeroinit                   0x0800374f   Thumb Code    14  handlers.o(i.__scatterload_zeroinit)
    cal_cp_output_dac_ext                    0x0800375d   Thumb Code   416  mainloop.o(i.cal_cp_output_dac_ext)
    init_ad9520                              0x08003925   Thumb Code    58  ad9520_function.o(i.init_ad9520)
    init_ad9520_spiport                      0x08003961   Thumb Code    10  ad9520_function.o(i.init_ad9520_spiport)
    init_max5307                             0x08003971   Thumb Code   132  max5307.o(i.init_max5307)
    insertMeanVal                            0x08003a01   Thumb Code    78  mainloop.o(i.insertMeanVal)
    main                                     0x08003a59   Thumb Code   166  main.o(i.main)
    mainLoop1                                0x08003b15   Thumb Code   190  mainloop.o(i.mainLoop1)
    max5307_loadpin                          0x08003be5   Thumb Code    32  max5307.o(i.max5307_loadpin)
    max5307_w_chanel                         0x08003c09   Thumb Code   118  max5307.o(i.max5307_w_chanel)
    read_ad9520_all_regs_setdefaultVal       0x08003c8d   Thumb Code    60  ad9520_function.o(i.read_ad9520_all_regs_setdefaultVal)
    read_ad9520_reg                          0x08003ccd   Thumb Code    52  ad9520_function.o(i.read_ad9520_reg)
    set_ad9520_eeprom_custom_id_reg          0x08003d09   Thumb Code    14  ad9520_function.o(i.set_ad9520_eeprom_custom_id_reg)
    set_ad9520_spiport                       0x08003d1d   Thumb Code    80  ad9520_function.o(i.set_ad9520_spiport)
    set_custom_val                           0x08003d71   Thumb Code   712  ad9520_function.o(i.set_custom_val)
    set_dac_initVal                          0x08004049   Thumb Code    92  mainloop.o(i.set_dac_initVal)
    update_ad9520_regs                       0x080040a5   Thumb Code    38  ad9520_function.o(i.update_ad9520_regs)
    write_ad9520_reg                         0x080040d1   Thumb Code    74  ad9520_function.o(i.write_ad9520_reg)
    AHBPrescTable                            0x0800412c   Data          16  system_stm32f4xx.o(.constdata)
    APBPrescTable                            0x0800413c   Data           8  system_stm32f4xx.o(.constdata)
    Region$$Table$$Base                      0x08004144   Number         0  anon$$obj.o(Region$$Table)
    Region$$Table$$Limit                     0x08004184   Number         0  anon$$obj.o(Region$$Table)
    ad9520_regs                              0x10000000   Data         300  ad9520_function.o(.data)
    chanl1_midx                              0x10000130   Data           4  mainloop.o(.data)
    chanl2_midx                              0x10000134   Data           4  mainloop.o(.data)
    i                                        0x10000138   Data           4  mainloop.o(.data)
    fre_dif                                  0x1000013c   Data           4  mainloop.o(.data)
    pidP                                     0x10000140   Data           4  mainloop.o(.data)
    pidI                                     0x10000144   Data           4  mainloop.o(.data)
    pidD                                     0x10000148   Data           4  mainloop.o(.data)
    dletDac                                  0x1000014c   Data           4  mainloop.o(.data)
    meanVal_view                             0x10000150   Data           4  mainloop.o(.data)
    difVal_view                              0x10000154   Data           4  mainloop.o(.data)
    adc1_ok                                  0x10000158   Data           4  mainloop.o(.data)
    adc2_ok                                  0x1000015c   Data           4  mainloop.o(.data)
    value_dacP                               0x10000160   Data           4  mainloop.o(.data)
    value_dacN                               0x10000164   Data           4  mainloop.o(.data)
    xx                                       0x1000016c   Data           4  mainloop.o(.data)
    yy                                       0x10000170   Data           4  mainloop.o(.data)
    complete_sign                            0x10000174   Data           4  mainloop.o(.data)
    xx_cnt                                   0x10000178   Data           4  mainloop.o(.data)
    yy_cnt                                   0x1000017c   Data           4  mainloop.o(.data)
    buf                                      0x10000180   Data           4  mainloop.o(.data)
    v_dianya                                 0x10000184   Data           4  mainloop.o(.data)
    tmp                                      0x10000188   Data           8  mainloop.o(.data)
    hdma_adc1                                0x10000198   Data          96  main.o(.bss)
    hdma_adc2                                0x100001f8   Data          96  main.o(.bss)
    __initial_sp                             0x10000658   Data           0  startup_stm32f405xx.o(STACK)
    uwTickFreq                               0x20000000   Data           1  stm32f4xx_hal.o(.data)
    uwTickPrio                               0x20000004   Data           4  stm32f4xx_hal.o(.data)
    uwTick                                   0x20000008   Data           4  stm32f4xx_hal.o(.data)
    SystemCoreClock                          0x2000000c   Data           4  system_stm32f4xx.o(.data)
    chanl1_capNum                            0x20000010   Data         400  mainloop.o(.bss)
    chanl2_capNum                            0x200001a0   Data         400  mainloop.o(.bss)
    value_adc1                               0x20000330   Data       16000  mainloop.o(.bss)
    value_adc2                               0x200041b0   Data       16000  mainloop.o(.bss)
    value_cp                                 0x20008030   Data       32000  mainloop.o(.bss)
    adcSumArray                              0x2000fd30   Data          40  mainloop.o(.bss)
    valMeanArray                             0x2000fd58   Data         800  mainloop.o(.bss)
    adc1_t1                                  0x20010078   Data         412  mainloop.o(.bss)
    adc1_t2                                  0x20010214   Data         412  mainloop.o(.bss)
    hadc1                                    0x200103b0   Data          72  main.o(.bss)
    hadc2                                    0x200103f8   Data          72  main.o(.bss)
    hcan1                                    0x20010440   Data          40  main.o(.bss)
    hcan2                                    0x20010468   Data          40  main.o(.bss)
    hdac                                     0x20010490   Data          20  main.o(.bss)
    hspi1                                    0x200104a4   Data          88  main.o(.bss)
    hspi2                                    0x200104fc   Data          88  main.o(.bss)
    htim1                                    0x20010554   Data          64  main.o(.bss)
    htim4                                    0x20010594   Data          64  main.o(.bss)
    htim5                                    0x200105d4   Data          64  main.o(.bss)
    huart2                                   0x20010614   Data          64  main.o(.bss)



==============================================================================

Memory Map of the image

  Image Entry point : 0x08000189

  Load Region LR_IROM1 (Base: 0x08000000, Size: 0x0000432c, Max: 0x00100000, ABSOLUTE, COMPRESSED[0x00004210])

    Execution Region ER_IROM1 (Exec base: 0x08000000, Load base: 0x08000000, Size: 0x00004184, Max: 0x00100000, ABSOLUTE)

    Exec Addr    Load Addr    Size         Type   Attr      Idx    E Section Name        Object

    0x08000000   0x08000000   0x00000188   Data   RO            3    RESET               startup_stm32f405xx.o
    0x08000188   0x08000188   0x00000000   Code   RO         4218  * .ARM.Collect$$$$00000000  mc_w.l(entry.o)
    0x08000188   0x08000188   0x00000004   Code   RO         4267    .ARM.Collect$$$$00000001  mc_w.l(entry2.o)
    0x0800018c   0x0800018c   0x00000004   Code   RO         4270    .ARM.Collect$$$$00000004  mc_w.l(entry5.o)
    0x08000190   0x08000190   0x00000000   Code   RO         4272    .ARM.Collect$$$$00000008  mc_w.l(entry7b.o)
    0x08000190   0x08000190   0x00000000   Code   RO         4274    .ARM.Collect$$$$0000000A  mc_w.l(entry8b.o)
    0x08000190   0x08000190   0x00000008   Code   RO         4275    .ARM.Collect$$$$0000000B  mc_w.l(entry9a.o)
    0x08000198   0x08000198   0x00000000   Code   RO         4277    .ARM.Collect$$$$0000000D  mc_w.l(entry10a.o)
    0x08000198   0x08000198   0x00000000   Code   RO         4279    .ARM.Collect$$$$0000000F  mc_w.l(entry11a.o)
    0x08000198   0x08000198   0x00000004   Code   RO         4268    .ARM.Collect$$$$00002712  mc_w.l(entry2.o)
    0x0800019c   0x0800019c   0x00000024   Code   RO            4    .text               startup_stm32f405xx.o
    0x080001c0   0x080001c0   0x00000062   Code   RO         4221    .text               mc_w.l(uldiv.o)
    0x08000222   0x08000222   0x00000024   Code   RO         4223    .text               mc_w.l(memseta.o)
    0x08000246   0x08000246   0x0000014e   Code   RO         4225    .text               mf_w.l(dadd.o)
    0x08000394   0x08000394   0x000000e4   Code   RO         4227    .text               mf_w.l(dmul.o)
    0x08000478   0x08000478   0x000000de   Code   RO         4229    .text               mf_w.l(ddiv.o)
    0x08000556   0x08000556   0x00000032   Code   RO         4233    .text               mf_w.l(dfixui.o)
    0x08000588   0x08000588   0x00000026   Code   RO         4235    .text               mf_w.l(f2d.o)
    0x080005ae   0x080005ae   0x00000038   Code   RO         4237    .text               mf_w.l(d2f.o)
    0x080005e6   0x080005e6   0x0000001e   Code   RO         4281    .text               mc_w.l(llshl.o)
    0x08000604   0x08000604   0x00000020   Code   RO         4283    .text               mc_w.l(llushr.o)
    0x08000624   0x08000624   0x00000024   Code   RO         4285    .text               mc_w.l(llsshr.o)
    0x08000648   0x08000648   0x00000000   Code   RO         4294    .text               mc_w.l(iusefp.o)
    0x08000648   0x08000648   0x0000006e   Code   RO         4295    .text               mf_w.l(fepilogue.o)
    0x080006b6   0x080006b6   0x000000ba   Code   RO         4297    .text               mf_w.l(depilogue.o)
    0x08000770   0x08000770   0x00000024   Code   RO         4317    .text               mc_w.l(init.o)
    0x08000794   0x08000794   0x0000003a   Code   RO         4331    .text               mc_w.l(__dczerorl.o)
    0x080007ce   0x080007ce   0x0000006e   Code   RO          725    i.ADC_DMAConvCplt   stm32f4xx_hal_adc.o
    0x0800083c   0x0800083c   0x00000016   Code   RO          726    i.ADC_DMAError      stm32f4xx_hal_adc.o
    0x08000852   0x08000852   0x0000000a   Code   RO          727    i.ADC_DMAHalfConvCplt  stm32f4xx_hal_adc.o
    0x0800085c   0x0800085c   0x00000128   Code   RO          728    i.ADC_Init          stm32f4xx_hal_adc.o
    0x08000984   0x08000984   0x00000002   Code   RO          514    i.BusFault_Handler  stm32f4xx_it.o
    0x08000986   0x08000986   0x00000002   PAD
    0x08000988   0x08000988   0x0000000c   Code   RO          515    i.CAN1_RX1_IRQHandler  stm32f4xx_it.o
    0x08000994   0x08000994   0x0000000c   Code   RO          516    i.CAN2_RX0_IRQHandler  stm32f4xx_it.o
    0x080009a0   0x080009a0   0x0000000c   Code   RO          517    i.DMA2_Stream0_IRQHandler  stm32f4xx_it.o
    0x080009ac   0x080009ac   0x0000000c   Code   RO          518    i.DMA2_Stream2_IRQHandler  stm32f4xx_it.o
    0x080009b8   0x080009b8   0x00000028   Code   RO         1459    i.DMA_CalcBaseAndBitshift  stm32f4xx_hal_dma.o
    0x080009e0   0x080009e0   0x00000054   Code   RO         1460    i.DMA_CheckFifoParam  stm32f4xx_hal_dma.o
    0x08000a34   0x08000a34   0x00000028   Code   RO         1461    i.DMA_SetConfig     stm32f4xx_hal_dma.o
    0x08000a5c   0x08000a5c   0x00000002   Code   RO          519    i.DebugMon_Handler  stm32f4xx_it.o
    0x08000a5e   0x08000a5e   0x00000002   Code   RO          423    i.Error_Handler     main.o
    0x08000a60   0x08000a60   0x0000014c   Code   RO          730    i.HAL_ADC_ConfigChannel  stm32f4xx_hal_adc.o
    0x08000bac   0x08000bac   0x00000080   Code   RO          211    i.HAL_ADC_ConvCpltCallback  mainloop.o
    0x08000c2c   0x08000c2c   0x00000002   Code   RO          732    i.HAL_ADC_ConvHalfCpltCallback  stm32f4xx_hal_adc.o
    0x08000c2e   0x08000c2e   0x00000002   Code   RO          734    i.HAL_ADC_ErrorCallback  stm32f4xx_hal_adc.o
    0x08000c30   0x08000c30   0x00000054   Code   RO          739    i.HAL_ADC_Init      stm32f4xx_hal_adc.o
    0x08000c84   0x08000c84   0x00000104   Code   RO          627    i.HAL_ADC_MspInit   stm32f4xx_hal_msp.o
    0x08000d88   0x08000d88   0x00000130   Code   RO          746    i.HAL_ADC_Start_DMA  stm32f4xx_hal_adc.o
    0x08000eb8   0x08000eb8   0x00000002   Code   RO         2138    i.HAL_CAN_ErrorCallback  stm32f4xx_hal_can.o
    0x08000eba   0x08000eba   0x000001fc   Code   RO         2145    i.HAL_CAN_IRQHandler  stm32f4xx_hal_can.o
    0x080010b6   0x080010b6   0x0000011a   Code   RO         2146    i.HAL_CAN_Init      stm32f4xx_hal_can.o
    0x080011d0   0x080011d0   0x00000100   Code   RO          629    i.HAL_CAN_MspInit   stm32f4xx_hal_msp.o
    0x080012d0   0x080012d0   0x00000002   Code   RO         2153    i.HAL_CAN_RxFifo0FullCallback  stm32f4xx_hal_can.o
    0x080012d2   0x080012d2   0x00000002   Code   RO         2154    i.HAL_CAN_RxFifo0MsgPendingCallback  stm32f4xx_hal_can.o
    0x080012d4   0x080012d4   0x00000002   Code   RO         2155    i.HAL_CAN_RxFifo1FullCallback  stm32f4xx_hal_can.o
    0x080012d6   0x080012d6   0x00000002   Code   RO         2156    i.HAL_CAN_RxFifo1MsgPendingCallback  stm32f4xx_hal_can.o
    0x080012d8   0x080012d8   0x00000002   Code   RO         2157    i.HAL_CAN_SleepCallback  stm32f4xx_hal_can.o
    0x080012da   0x080012da   0x00000002   Code   RO         2160    i.HAL_CAN_TxMailbox0AbortCallback  stm32f4xx_hal_can.o
    0x080012dc   0x080012dc   0x00000002   Code   RO         2161    i.HAL_CAN_TxMailbox0CompleteCallback  stm32f4xx_hal_can.o
    0x080012de   0x080012de   0x00000002   Code   RO         2162    i.HAL_CAN_TxMailbox1AbortCallback  stm32f4xx_hal_can.o
    0x080012e0   0x080012e0   0x00000002   Code   RO         2163    i.HAL_CAN_TxMailbox1CompleteCallback  stm32f4xx_hal_can.o
    0x080012e2   0x080012e2   0x00000002   Code   RO         2164    i.HAL_CAN_TxMailbox2AbortCallback  stm32f4xx_hal_can.o
    0x080012e4   0x080012e4   0x00000002   Code   RO         2165    i.HAL_CAN_TxMailbox2CompleteCallback  stm32f4xx_hal_can.o
    0x080012e6   0x080012e6   0x00000002   Code   RO         2167    i.HAL_CAN_WakeUpFromRxMsgCallback  stm32f4xx_hal_can.o
    0x080012e8   0x080012e8   0x00000042   Code   RO         2369    i.HAL_DAC_ConfigChannel  stm32f4xx_hal_dac.o
    0x0800132a   0x0800132a   0x00000028   Code   RO         2379    i.HAL_DAC_Init      stm32f4xx_hal_dac.o
    0x08001352   0x08001352   0x00000002   PAD
    0x08001354   0x08001354   0x00000060   Code   RO          631    i.HAL_DAC_MspInit   stm32f4xx_hal_msp.o
    0x080013b4   0x080013b4   0x0000001a   Code   RO         2382    i.HAL_DAC_SetValue  stm32f4xx_hal_dac.o
    0x080013ce   0x080013ce   0x00000024   Code   RO         1463    i.HAL_DMA_Abort_IT  stm32f4xx_hal_dma.o
    0x080013f2   0x080013f2   0x00000002   PAD
    0x080013f4   0x080013f4   0x000001a0   Code   RO         1467    i.HAL_DMA_IRQHandler  stm32f4xx_hal_dma.o
    0x08001594   0x08001594   0x000000d4   Code   RO         1468    i.HAL_DMA_Init      stm32f4xx_hal_dma.o
    0x08001668   0x08001668   0x0000006e   Code   RO         1472    i.HAL_DMA_Start_IT  stm32f4xx_hal_dma.o
    0x080016d6   0x080016d6   0x00000002   PAD
    0x080016d8   0x080016d8   0x00000024   Code   RO         1881    i.HAL_Delay         stm32f4xx_hal.o
    0x080016fc   0x080016fc   0x000001b8   Code   RO         1355    i.HAL_GPIO_Init     stm32f4xx_hal_gpio.o
    0x080018b4   0x080018b4   0x0000000e   Code   RO         1358    i.HAL_GPIO_TogglePin  stm32f4xx_hal_gpio.o
    0x080018c2   0x080018c2   0x0000000a   Code   RO         1359    i.HAL_GPIO_WritePin  stm32f4xx_hal_gpio.o
    0x080018cc   0x080018cc   0x0000000c   Code   RO         1887    i.HAL_GetTick       stm32f4xx_hal.o
    0x080018d8   0x080018d8   0x00000010   Code   RO         1893    i.HAL_IncTick       stm32f4xx_hal.o
    0x080018e8   0x080018e8   0x00000034   Code   RO         1894    i.HAL_Init          stm32f4xx_hal.o
    0x0800191c   0x0800191c   0x00000040   Code   RO         1895    i.HAL_InitTick      stm32f4xx_hal.o
    0x0800195c   0x0800195c   0x00000030   Code   RO          632    i.HAL_MspInit       stm32f4xx_hal_msp.o
    0x0800198c   0x0800198c   0x0000001a   Code   RO         1744    i.HAL_NVIC_EnableIRQ  stm32f4xx_hal_cortex.o
    0x080019a6   0x080019a6   0x00000002   PAD
    0x080019a8   0x080019a8   0x00000040   Code   RO         1750    i.HAL_NVIC_SetPriority  stm32f4xx_hal_cortex.o
    0x080019e8   0x080019e8   0x00000024   Code   RO         1751    i.HAL_NVIC_SetPriorityGrouping  stm32f4xx_hal_cortex.o
    0x08001a0c   0x08001a0c   0x00000134   Code   RO         1001    i.HAL_RCC_ClockConfig  stm32f4xx_hal_rcc.o
    0x08001b40   0x08001b40   0x00000020   Code   RO         1008    i.HAL_RCC_GetPCLK1Freq  stm32f4xx_hal_rcc.o
    0x08001b60   0x08001b60   0x00000020   Code   RO         1009    i.HAL_RCC_GetPCLK2Freq  stm32f4xx_hal_rcc.o
    0x08001b80   0x08001b80   0x00000060   Code   RO         1010    i.HAL_RCC_GetSysClockFreq  stm32f4xx_hal_rcc.o
    0x08001be0   0x08001be0   0x0000008c   Code   RO         1011    i.HAL_RCC_MCOConfig  stm32f4xx_hal_rcc.o
    0x08001c6c   0x08001c6c   0x0000035c   Code   RO         1013    i.HAL_RCC_OscConfig  stm32f4xx_hal_rcc.o
    0x08001fc8   0x08001fc8   0x00000080   Code   RO         2602    i.HAL_SPI_Init      stm32f4xx_hal_spi.o
    0x08002048   0x08002048   0x000000d0   Code   RO          634    i.HAL_SPI_MspInit   stm32f4xx_hal_msp.o
    0x08002118   0x08002118   0x00000150   Code   RO         2605    i.HAL_SPI_Receive   stm32f4xx_hal_spi.o
    0x08002268   0x08002268   0x0000015c   Code   RO         2610    i.HAL_SPI_Transmit  stm32f4xx_hal_spi.o
    0x080023c4   0x080023c4   0x000001e2   Code   RO         2611    i.HAL_SPI_TransmitReceive  stm32f4xx_hal_spi.o
    0x080025a6   0x080025a6   0x00000028   Code   RO         1755    i.HAL_SYSTICK_Config  stm32f4xx_hal_cortex.o
    0x080025ce   0x080025ce   0x00000002   Code   RO         3590    i.HAL_TIMEx_BreakCallback  stm32f4xx_hal_tim_ex.o
    0x080025d0   0x080025d0   0x00000002   Code   RO         3591    i.HAL_TIMEx_CommutCallback  stm32f4xx_hal_tim_ex.o
    0x080025d2   0x080025d2   0x00000002   PAD
    0x080025d4   0x080025d4   0x00000090   Code   RO         3608    i.HAL_TIMEx_MasterConfigSynchronization  stm32f4xx_hal_tim_ex.o
    0x08002664   0x08002664   0x00000036   Code   RO         2915    i.HAL_TIM_Base_Init  stm32f4xx_hal_tim.o
    0x0800269a   0x0800269a   0x00000002   PAD
    0x0800269c   0x0800269c   0x000000d8   Code   RO          636    i.HAL_TIM_Base_MspInit  stm32f4xx_hal_msp.o
    0x08002774   0x08002774   0x000000d6   Code   RO         2924    i.HAL_TIM_ConfigClockSource  stm32f4xx_hal_tim.o
    0x0800284a   0x0800284a   0x00000002   PAD
    0x0800284c   0x0800284c   0x00000050   Code   RO          212    i.HAL_TIM_IC_CaptureCallback  mainloop.o
    0x0800289c   0x0800289c   0x00000166   Code   RO         2958    i.HAL_TIM_IRQHandler  stm32f4xx_hal_tim.o
    0x08002a02   0x08002a02   0x00000002   Code   RO         2961    i.HAL_TIM_OC_DelayElapsedCallback  stm32f4xx_hal_tim.o
    0x08002a04   0x08002a04   0x00000002   Code   RO         2988    i.HAL_TIM_PWM_PulseFinishedCallback  stm32f4xx_hal_tim.o
    0x08002a06   0x08002a06   0x00000002   PAD
    0x08002a08   0x08002a08   0x0000003c   Code   RO          213    i.HAL_TIM_PeriodElapsedCallback  mainloop.o
    0x08002a44   0x08002a44   0x00000056   Code   RO         2999    i.HAL_TIM_SlaveConfigSynchro  stm32f4xx_hal_tim.o
    0x08002a9a   0x08002a9a   0x00000002   Code   RO         3001    i.HAL_TIM_TriggerCallback  stm32f4xx_hal_tim.o
    0x08002a9c   0x08002a9c   0x00000002   Code   RO         3862    i.HAL_UART_ErrorCallback  stm32f4xx_hal_uart.o
    0x08002a9e   0x08002a9e   0x00000002   PAD
    0x08002aa0   0x08002aa0   0x00000114   Code   RO         3865    i.HAL_UART_IRQHandler  stm32f4xx_hal_uart.o
    0x08002bb4   0x08002bb4   0x00000062   Code   RO         3866    i.HAL_UART_Init     stm32f4xx_hal_uart.o
    0x08002c16   0x08002c16   0x00000002   PAD
    0x08002c18   0x08002c18   0x00000078   Code   RO          638    i.HAL_UART_MspInit  stm32f4xx_hal_msp.o
    0x08002c90   0x08002c90   0x00000052   Code   RO         3871    i.HAL_UART_Receive_IT  stm32f4xx_hal_uart.o
    0x08002ce2   0x08002ce2   0x00000002   PAD
    0x08002ce4   0x08002ce4   0x000000c0   Code   RO          214    i.HAL_UART_RxCpltCallback  mainloop.o
    0x08002da4   0x08002da4   0x00000002   Code   RO         3877    i.HAL_UART_TxCpltCallback  stm32f4xx_hal_uart.o
    0x08002da6   0x08002da6   0x00000002   Code   RO          520    i.HardFault_Handler  stm32f4xx_it.o
    0x08002da8   0x08002da8   0x00000054   Code   RO          424    i.MX_ADC1_Init      main.o
    0x08002dfc   0x08002dfc   0x00000054   Code   RO          425    i.MX_ADC2_Init      main.o
    0x08002e50   0x08002e50   0x00000034   Code   RO          426    i.MX_CAN1_Init      main.o
    0x08002e84   0x08002e84   0x00000034   Code   RO          427    i.MX_CAN2_Init      main.o
    0x08002eb8   0x08002eb8   0x000000c4   Code   RO          428    i.MX_GPIO_Init      main.o
    0x08002f7c   0x08002f7c   0x00000038   Code   RO          429    i.MX_SPI1_Init      main.o
    0x08002fb4   0x08002fb4   0x0000003c   Code   RO          430    i.MX_SPI2_Init      main.o
    0x08002ff0   0x08002ff0   0x00000058   Code   RO          431    i.MX_TIM1_Init      main.o
    0x08003048   0x08003048   0x00000058   Code   RO          432    i.MX_TIM4_Init      main.o
    0x080030a0   0x080030a0   0x00000050   Code   RO          433    i.MX_TIM5_Init      main.o
    0x080030f0   0x080030f0   0x00000002   Code   RO          521    i.MemManage_Handler  stm32f4xx_it.o
    0x080030f2   0x080030f2   0x00000002   Code   RO          522    i.NMI_Handler       stm32f4xx_it.o
    0x080030f4   0x080030f4   0x00000002   Code   RO          523    i.PendSV_Handler    stm32f4xx_it.o
    0x080030f6   0x080030f6   0x0000005c   Code   RO         2639    i.SPI_EndRxTransaction  stm32f4xx_hal_spi.o
    0x08003152   0x08003152   0x00000002   PAD
    0x08003154   0x08003154   0x00000058   Code   RO         2640    i.SPI_EndRxTxTransaction  stm32f4xx_hal_spi.o
    0x080031ac   0x080031ac   0x00000094   Code   RO         2645    i.SPI_WaitFlagStateUntilTimeout  stm32f4xx_hal_spi.o
    0x08003240   0x08003240   0x00000002   Code   RO          524    i.SVC_Handler       stm32f4xx_it.o
    0x08003242   0x08003242   0x00000004   Code   RO          525    i.SysTick_Handler   stm32f4xx_it.o
    0x08003246   0x08003246   0x00000002   PAD
    0x08003248   0x08003248   0x00000098   Code   RO          434    i.SystemClock_Config  main.o
    0x080032e0   0x080032e0   0x0000001c   Code   RO         4168    i.SystemInit        system_stm32f4xx.o
    0x080032fc   0x080032fc   0x0000000c   Code   RO          526    i.TIM5_IRQHandler   stm32f4xx_it.o
    0x08003308   0x08003308   0x000000c8   Code   RO         3003    i.TIM_Base_SetConfig  stm32f4xx_hal_tim.o
    0x080033d0   0x080033d0   0x00000014   Code   RO         3014    i.TIM_ETR_SetConfig  stm32f4xx_hal_tim.o
    0x080033e4   0x080033e4   0x00000010   Code   RO         3015    i.TIM_ITRx_SetConfig  stm32f4xx_hal_tim.o
    0x080033f4   0x080033f4   0x00000086   Code   RO         3020    i.TIM_SlaveTimer_SetConfig  stm32f4xx_hal_tim.o
    0x0800347a   0x0800347a   0x00000022   Code   RO         3021    i.TIM_TI1_ConfigInputStage  stm32f4xx_hal_tim.o
    0x0800349c   0x0800349c   0x00000024   Code   RO         3023    i.TIM_TI2_ConfigInputStage  stm32f4xx_hal_tim.o
    0x080034c0   0x080034c0   0x00000010   Code   RO         3879    i.UART_DMAAbortOnError  stm32f4xx_hal_uart.o
    0x080034d0   0x080034d0   0x0000001c   Code   RO         3889    i.UART_EndRxTransfer  stm32f4xx_hal_uart.o
    0x080034ec   0x080034ec   0x00000096   Code   RO         3891    i.UART_Receive_IT   stm32f4xx_hal_uart.o
    0x08003582   0x08003582   0x00000002   PAD
    0x08003584   0x08003584   0x00000128   Code   RO         3892    i.UART_SetConfig    stm32f4xx_hal_uart.o
    0x080036ac   0x080036ac   0x00000062   Code   RO         3893    i.UART_Transmit_IT  stm32f4xx_hal_uart.o
    0x0800370e   0x0800370e   0x00000002   PAD
    0x08003710   0x08003710   0x0000000c   Code   RO          527    i.USART2_IRQHandler  stm32f4xx_it.o
    0x0800371c   0x0800371c   0x00000002   Code   RO          528    i.UsageFault_Handler  stm32f4xx_it.o
    0x0800371e   0x0800371e   0x00000020   Code   RO         1757    i.__NVIC_SetPriority  stm32f4xx_hal_cortex.o
    0x0800373e   0x0800373e   0x0000000e   Code   RO         4325    i.__scatterload_copy  mc_w.l(handlers.o)
    0x0800374c   0x0800374c   0x00000002   Code   RO         4326    i.__scatterload_null  mc_w.l(handlers.o)
    0x0800374e   0x0800374e   0x0000000e   Code   RO         4327    i.__scatterload_zeroinit  mc_w.l(handlers.o)
    0x0800375c   0x0800375c   0x000001c8   Code   RO          217    i.cal_cp_output_dac_ext  mainloop.o
    0x08003924   0x08003924   0x0000003a   Code   RO           14    i.init_ad9520       ad9520_function.o
    0x0800395e   0x0800395e   0x00000002   PAD
    0x08003960   0x08003960   0x00000010   Code   RO           15    i.init_ad9520_spiport  ad9520_function.o
    0x08003970   0x08003970   0x00000090   Code   RO          372    i.init_max5307      max5307.o
    0x08003a00   0x08003a00   0x00000058   Code   RO          224    i.insertMeanVal     mainloop.o
    0x08003a58   0x08003a58   0x000000bc   Code   RO          435    i.main              main.o
    0x08003b14   0x08003b14   0x000000d0   Code   RO          226    i.mainLoop1         mainloop.o
    0x08003be4   0x08003be4   0x00000024   Code   RO          375    i.max5307_loadpin   max5307.o
    0x08003c08   0x08003c08   0x00000084   Code   RO          376    i.max5307_w_chanel  max5307.o
    0x08003c8c   0x08003c8c   0x00000040   Code   RO           16    i.read_ad9520_all_regs_setdefaultVal  ad9520_function.o
    0x08003ccc   0x08003ccc   0x0000003c   Code   RO           17    i.read_ad9520_reg   ad9520_function.o
    0x08003d08   0x08003d08   0x00000014   Code   RO           18    i.set_ad9520_eeprom_custom_id_reg  ad9520_function.o
    0x08003d1c   0x08003d1c   0x00000054   Code   RO           19    i.set_ad9520_spiport  ad9520_function.o
    0x08003d70   0x08003d70   0x000002d8   Code   RO           20    i.set_custom_val    ad9520_function.o
    0x08004048   0x08004048   0x0000005c   Code   RO          227    i.set_dac_initVal   mainloop.o
    0x080040a4   0x080040a4   0x0000002c   Code   RO           21    i.update_ad9520_regs  ad9520_function.o
    0x080040d0   0x080040d0   0x00000054   Code   RO           22    i.write_ad9520_reg  ad9520_function.o
    0x08004124   0x08004124   0x00000008   Data   RO         1474    .constdata          stm32f4xx_hal_dma.o
    0x0800412c   0x0800412c   0x00000010   Data   RO         4169    .constdata          system_stm32f4xx.o
    0x0800413c   0x0800413c   0x00000008   Data   RO         4170    .constdata          system_stm32f4xx.o
    0x08004144   0x08004144   0x00000040   Data   RO         4323    Region$$Table       anon$$obj.o


    Execution Region RW_IRAM2 (Exec base: 0x10000000, Load base: 0x08004194, Size: 0x00000658, Max: 0x00010000, ABSOLUTE, COMPRESSED[0x0000007c])

    Exec Addr    Load Addr    Size         Type   Attr      Idx    E Section Name        Object

    0x10000000   COMPRESSED   0x0000012c   Data   RW           23    .data               ad9520_function.o
    0x1000012c   COMPRESSED   0x00000004   PAD
    0x10000130   COMPRESSED   0x00000060   Data   RW          238    .data               mainloop.o
    0x10000190   COMPRESSED   0x00000002   Data   RW          377    .data               max5307.o
    0x10000192   COMPRESSED   0x00000002   PAD
    0x10000194   COMPRESSED   0x00000004   Data   RW          639    .data               stm32f4xx_hal_msp.o
    0x10000198        -       0x00000060   Zero   RW          437    .bss                main.o
    0x100001f8        -       0x00000060   Zero   RW          438    .bss                main.o
    0x10000258        -       0x00000400   Zero   RW            1    STACK               startup_stm32f405xx.o


    Execution Region RW_IRAM1 (Exec base: 0x20000000, Load base: 0x08004184, Size: 0x00010654, Max: 0x00020000, ABSOLUTE)

    Exec Addr    Load Addr    Size         Type   Attr      Idx    E Section Name        Object

    0x20000000   0x08004184   0x0000000c   Data   RW         1901    .data               stm32f4xx_hal.o
    0x2000000c   0x08004190   0x00000004   Data   RW         4171    .data               system_stm32f4xx.o
    0x20000010        -       0x000103a0   Zero   RW          229    .bss                mainloop.o
    0x200103b0        -       0x000002a4   Zero   RW          436    .bss                main.o


==============================================================================

Image component sizes


      Code (inc. data)   RO Data    RW Data    ZI Data      Debug   Object Name

      1158         60          0        300          0     681684   ad9520_function.o
      1182        134          0          0        868       9236   main.o
      1304        182          0         96      66464      15109   mainloop.o
       312         30          0          2          0       2180   max5307.o
        36          8        392          0       1024        900   startup_stm32f405xx.o
       180         28          0         12          0      10057   stm32f4xx_hal.o
      1162         64          0          0          0       7626   stm32f4xx_hal_adc.o
       816          0          0          0          0      11287   stm32f4xx_hal_can.o
       198         14          0          0          0      34343   stm32f4xx_hal_cortex.o
       132          0          0          0          0       3062   stm32f4xx_hal_dac.o
       938         16          8          0          0       7110   stm32f4xx_hal_dma.o
       464         46          0          0          0       3405   stm32f4xx_hal_gpio.o
      1204        132          0          4          0       6998   stm32f4xx_hal_msp.o
      1468         86          0          0          0       6736   stm32f4xx_hal_rcc.o
      1622          8          0          0          0       8942   stm32f4xx_hal_spi.o
      1158         52          0          0          0      11549   stm32f4xx_hal_tim.o
       148         28          0          0          0       2841   stm32f4xx_hal_tim_ex.o
      1048         16          0          0          0       8535   stm32f4xx_hal_uart.o
        92         36          0          0          0       7996   stm32f4xx_it.o
        28          6         24          4          0       1475   system_stm32f4xx.o

    ----------------------------------------------------------------------
     14684        946        488        424      68356     841071   Object Totals
         0          0         64          0          0          0   (incl. Generated)
        34          0          0          6          0          0   (incl. Padding)

    ----------------------------------------------------------------------

      Code (inc. data)   RO Data    RW Data    ZI Data      Debug   Library Member Name

        58          0          0          0          0          0   __dczerorl.o
         0          0          0          0          0          0   entry.o
         0          0          0          0          0          0   entry10a.o
         0          0          0          0          0          0   entry11a.o
         8          4          0          0          0          0   entry2.o
         4          0          0          0          0          0   entry5.o
         0          0          0          0          0          0   entry7b.o
         0          0          0          0          0          0   entry8b.o
         8          4          0          0          0          0   entry9a.o
        30          0          0          0          0          0   handlers.o
        36          8          0          0          0         68   init.o
         0          0          0          0          0          0   iusefp.o
        30          0          0          0          0         68   llshl.o
        36          0          0          0          0         68   llsshr.o
        32          0          0          0          0         68   llushr.o
        36          0          0          0          0        108   memseta.o
        98          0          0          0          0         92   uldiv.o
        56          0          0          0          0         88   d2f.o
       334          0          0          0          0        148   dadd.o
       222          0          0          0          0        100   ddiv.o
       186          0          0          0          0        176   depilogue.o
        50          0          0          0          0         76   dfixui.o
       228          0          0          0          0         96   dmul.o
        38          0          0          0          0         68   f2d.o
       110          0          0          0          0        168   fepilogue.o

    ----------------------------------------------------------------------
      1600         16          0          0          0       1392   Library Totals
         0          0          0          0          0          0   (incl. Padding)

    ----------------------------------------------------------------------

      Code (inc. data)   RO Data    RW Data    ZI Data      Debug   Library Name

       376         16          0          0          0        472   mc_w.l
      1224          0          0          0          0        920   mf_w.l

    ----------------------------------------------------------------------
      1600         16          0          0          0       1392   Library Totals

    ----------------------------------------------------------------------

==============================================================================


      Code (inc. data)   RO Data    RW Data    ZI Data      Debug   

     16284        962        488        424      68356     828675   Grand Totals
     16284        962        488        140      68356     828675   ELF Image Totals (compressed)
     16284        962        488        140          0          0   ROM Totals

==============================================================================

    Total RO  Size (Code + RO Data)                16772 (  16.38kB)
    Total RW  Size (RW Data + ZI Data)             68780 (  67.17kB)
    Total ROM Size (Code + RO Data + RW Data)      16912 (  16.52kB)

==============================================================================

